Component: ARM Compiler 5.06 update 5 (build 528) Tool: armlink [4d35e2]

==============================================================================

Section Cross References

    main.o(i.main) refers to clock.o(i.switch_32MHz) for switch_32MHz
    main.o(i.main) refers to lora.o(i.LoRa_init) for LoRa_init
    main.o(i.main) refers to lora.o(i.LoRa_JoinNetwork) for LoRa_JoinNetwork
    main.o(i.main) refers to lowpower.o(i.lowpower_stopMode) for lowpower_stopMode
    main.o(i.main) refers to lora.o(i.LoRa_package_send) for LoRa_package_send
    main.o(i.main) refers to main.o(.bss) for loraSession
    main.o(i.main) refers to main.o(i.recvCallBack) for recvCallBack
    main.o(i.recvCallBack) refers to printf5.o(i.__0printf$5) for __2printf
    interrupt.o(i.EXTI0_1_IRQHandler) refers to lora.o(i.LoRa_Rx_TimeOut_Interrupt_Response) for LoRa_Rx_TimeOut_Interrupt_Response
    interrupt.o(i.EXTI4_15_IRQHandler) refers to lora.o(i.LoRa_Tx_Done_Interrupt_Response) for LoRa_Tx_Done_Interrupt_Response
    interrupt.o(i.EXTI4_15_IRQHandler) refers to lora.o(i.LoRa_Rx_Done_Interrupt_Response) for LoRa_Rx_Done_Interrupt_Response
    interrupt.o(i.RTC_IRQHandler) refers to clock.o(i.switch_32MHz) for switch_32MHz
    interrupt.o(i.RTC_IRQHandler) refers to lora.o(i.LoRa_RTC_Interrupt_Response) for LoRa_RTC_Interrupt_Response
    startup_stm32l072xx.o(RESET) refers to startup_stm32l072xx.o(STACK) for __initial_sp
    startup_stm32l072xx.o(RESET) refers to startup_stm32l072xx.o(.text) for Reset_Handler
    startup_stm32l072xx.o(RESET) refers to delay.o(i.SysTick_Handler) for SysTick_Handler
    startup_stm32l072xx.o(RESET) refers to interrupt.o(i.RTC_IRQHandler) for RTC_IRQHandler
    startup_stm32l072xx.o(RESET) refers to clock.o(i.RCC_CRS_IRQHandler) for RCC_CRS_IRQHandler
    startup_stm32l072xx.o(RESET) refers to interrupt.o(i.EXTI0_1_IRQHandler) for EXTI0_1_IRQHandler
    startup_stm32l072xx.o(RESET) refers to interrupt.o(i.EXTI4_15_IRQHandler) for EXTI4_15_IRQHandler
    startup_stm32l072xx.o(.text) refers to system_stm32l0xx.o(i.SystemInit) for SystemInit
    startup_stm32l072xx.o(.text) refers to entry.o(.ARM.Collect$$$$00000000) for __main
    system_stm32l0xx.o(i.SystemCoreClockUpdate) refers to uidiv.o(.text) for __aeabi_uidivmod
    system_stm32l0xx.o(i.SystemCoreClockUpdate) refers to system_stm32l0xx.o(.data) for SystemCoreClock
    system_stm32l0xx.o(i.SystemCoreClockUpdate) refers to system_stm32l0xx.o(.constdata) for PLLMulTable
    clock.o(i.changeALLfrequency) refers to clock.o(i.update_All_Clock) for update_All_Clock
    clock.o(i.changeALLfrequency) refers to clock.o(.data) for speed_APB1
    clock.o(i.setClock2HSI_16MHz) refers to clock.o(i.NVIC_SetPriority) for NVIC_SetPriority
    clock.o(i.switch_16MHz) refers to clock.o(i.changeALLfrequency) for changeALLfrequency
    clock.o(i.switch_2MHz) refers to clock.o(i.changeALLfrequency) for changeALLfrequency
    clock.o(i.switch_32MHz) refers to clock.o(i.changeALLfrequency) for changeALLfrequency
    clock.o(i.update_All_Clock) refers to usart.o(i.update_clock_DBPORT) for update_clock_DBPORT
    delay.o(i.SysTick_Handler) refers to delay.o(.data) for SysTick_delay_count
    delay.o(i.delay) refers to fmul.o(.text) for __aeabi_fmul
    delay.o(i.delay) refers to ffixui.o(.text) for __aeabi_f2uiz
    delay.o(i.delay) refers to clock.o(i.getSpeed_HCLK) for getSpeed_HCLK
    delay.o(i.delay) refers to uidiv.o(.text) for __aeabi_uidivmod
    delay.o(i.delay) refers to delay.o(i.NVIC_SetPriority) for NVIC_SetPriority
    delay.o(i.delay) refers to delay.o(.data) for SysTick_delay_count
    spi.o(i.SPI_BlockRead) refers to spi.o(i.SPI_waitingBusy) for SPI_waitingBusy
    spi.o(i.SPI_BlockRead) refers to spi.o(i.SPI_waitingRxReady) for SPI_waitingRxReady
    spi.o(i.SPI_BlockRead) refers to spi.o(i.SPI_waitingTxEmpty) for SPI_waitingTxEmpty
    spi.o(i.SPI_BlockWrite) refers to spi.o(i.SPI_waitingBusy) for SPI_waitingBusy
    spi.o(i.SPI_BlockWrite) refers to spi.o(i.SPI_waitingTxEmpty) for SPI_waitingTxEmpty
    spi.o(i.SPI_BlockWrite) refers to spi.o(i.SPI_waitingRxReady) for SPI_waitingRxReady
    spi.o(i.SPI_Init) refers to gpio.o(i.GPIO_Pin_Mode) for GPIO_Pin_Mode
    spi.o(i.SPI_Init) refers to gpio.o(i.GPIO_Pin_Speed) for GPIO_Pin_Speed
    spi.o(i.SPI_Init) refers to gpio.o(i.GPIO_Alternate_Function) for GPIO_Alternate_Function
    spi.o(i.SPI_Init) refers to gpio.o(i.GPIO_Pin_Pull) for GPIO_Pin_Pull
    spi.o(i.SPI_RegisterRead) refers to spi.o(i.SPI_waitingBusy) for SPI_waitingBusy
    spi.o(i.SPI_RegisterRead) refers to spi.o(i.SPI_waitingRxReady) for SPI_waitingRxReady
    spi.o(i.SPI_RegisterWrite) refers to spi.o(i.SPI_waitingBusy) for SPI_waitingBusy
    spi.o(i.SPI_RegisterWrite) refers to spi.o(i.SPI_waitingRxReady) for SPI_waitingRxReady
    usart.o(i.dbPort_disable) refers to usart.o(.data) for dbPortInit
    usart.o(i.dbPort_enable) refers to clock.o(i.getSpeed_APB1) for getSpeed_APB1
[...]
    printf2.o(i.__0fprintf$2) refers to printf2.o(i._printf_core) for _printf_core
    printf2.o(i.__0fprintf$2) refers to usart.o(i.fputc) for fputc
    printf2.o(i.__0printf$2) refers to printf2.o(i._printf_core) for _printf_core
    printf2.o(i.__0printf$2) refers to usart.o(i.fputc) for fputc
    printf2.o(i.__0printf$2) refers to stdout.o(.data) for __stdout
    printf2.o(i.__0snprintf$2) refers to printf2.o(i._printf_core) for _printf_core
    printf2.o(i.__0snprintf$2) refers to printf2.o(i._snputc) for _snputc
    printf2.o(i.__0sprintf$2) refers to printf2.o(i._printf_core) for _printf_core
    printf2.o(i.__0sprintf$2) refers to printf2.o(i._sputc) for _sputc
    printf2.o(i.__0vfprintf$2) refers to printf2.o(i._printf_core) for _printf_core
    printf2.o(i.__0vfprintf$2) refers to usart.o(i.fputc) for fputc
    printf2.o(i.__0vprintf$2) refers to printf2.o(i._printf_core) for _printf_core
    printf2.o(i.__0vprintf$2) refers to usart.o(i.fputc) for fputc
    printf2.o(i.__0vprintf$2) refers to stdout.o(.data) for __stdout
    printf2.o(i.__0vsnprintf$2) refers to printf2.o(i._printf_core) for _printf_core
    printf2.o(i.__0vsnprintf$2) refers to printf2.o(i._snputc) for _snputc
    printf2.o(i.__0vsprintf$2) refers to printf2.o(i._printf_core) for _printf_core
    printf2.o(i.__0vsprintf$2) refers to printf2.o(i._sputc) for _sputc
    printf3.o(i.__0fprintf$3) refers to printf3.o(i._printf_core) for _printf_core
    printf3.o(i.__0fprintf$3) refers to usart.o(i.fputc) for fputc
    printf3.o(i.__0printf$3) refers to printf3.o(i._printf_core) for _printf_core
    printf3.o(i.__0printf$3) refers to usart.o(i.fputc) for fputc
    printf3.o(i.__0printf$3) refers to stdout.o(.data) for __stdout
    printf3.o(i.__0snprintf$3) refers to printf3.o(i._printf_core) for _printf_core
    printf3.o(i.__0snprintf$3) refers to printf3.o(i._snputc) for _snputc
    printf3.o(i.__0sprintf$3) refers to printf3.o(i._printf_core) for _printf_core
    printf3.o(i.__0sprintf$3) refers to printf3.o(i._sputc) for _sputc
    printf3.o(i.__0vfprintf$3) refers to printf3.o(i._printf_core) for _printf_core
    printf3.o(i.__0vfprintf$3) refers to usart.o(i.fputc) for fputc
    printf3.o(i.__0vprintf$3) refers to printf3.o(i._printf_core) for _printf_core
    printf3.o(i.__0vprintf$3) refers to usart.o(i.fputc) for fputc
    printf3.o(i.__0vprintf$3) refers to stdout.o(.data) for __stdout
    printf3.o(i.__0vsnprintf$3) refers to printf3.o(i._printf_core) for _printf_core
    printf3.o(i.__0vsnprintf$3) refers to printf3.o(i._snputc) for _snputc
    printf3.o(i.__0vsprintf$3) refers to printf3.o(i._printf_core) for _printf_core
    printf3.o(i.__0vsprintf$3) refers to printf3.o(i._sputc) for _sputc
    printf3.o(i._printf_core) refers to uidiv.o(.text) for __aeabi_uidivmod
    printf4.o(i.__0fprintf$4) refers to printf4.o(i._printf_core) for _printf_core
    printf4.o(i.__0fprintf$4) refers to usart.o(i.fputc) for fputc
    printf4.o(i.__0printf$4) refers to printf4.o(i._printf_core) for _printf_core
    printf4.o(i.__0printf$4) refers to usart.o(i.fputc) for fputc
    printf4.o(i.__0printf$4) refers to stdout.o(.data) for __stdout
    printf4.o(i.__0snprintf$4) refers to printf4.o(i._printf_core) for _printf_core
    printf4.o(i.__0snprintf$4) refers to printf4.o(i._snputc) for _snputc
    printf4.o(i.__0sprintf$4) refers to printf4.o(i._printf_core) for _printf_core
    printf4.o(i.__0sprintf$4) refers to printf4.o(i._sputc) for _sputc
    printf4.o(i.__0vfprintf$4) refers to printf4.o(i._printf_core) for _printf_core
    printf4.o(i.__0vfprintf$4) refers to usart.o(i.fputc) for fputc
    printf4.o(i.__0vprintf$4) refers to printf4.o(i._printf_core) for _printf_core
    printf4.o(i.__0vprintf$4) refers to usart.o(i.fputc) for fputc
    printf4.o(i.__0vprintf$4) refers to stdout.o(.data) for __stdout
    printf4.o(i.__0vsnprintf$4) refers to printf4.o(i._printf_core) for _printf_core
    printf4.o(i.__0vsnprintf$4) refers to printf4.o(i._snputc) for _snputc
    printf4.o(i.__0vsprintf$4) refers to printf4.o(i._printf_core) for _printf_core
    printf4.o(i.__0vsprintf$4) refers to printf4.o(i._sputc) for _sputc
    printf4.o(i._printf_core) refers to uldiv.o(.text) for __aeabi_uldivmod
    printf5.o(i.__0fprintf$5) refers to printf5.o(i._printf_core) for _printf_core
    printf5.o(i.__0fprintf$5) refers to usart.o(i.fputc) for fputc
    printf5.o(i.__0printf$5) refers to printf5.o(i._printf_core) for _printf_core
    printf5.o(i.__0printf$5) refers to usart.o(i.fputc) for fputc
    printf5.o(i.__0printf$5) refers to stdout.o(.data) for __stdout
    printf5.o(i.__0snprintf$5) refers to printf5.o(i._printf_core) for _printf_core
    printf5.o(i.__0snprintf$5) refers to printf5.o(i._snputc) for _snputc
    printf5.o(i.__0sprintf$5) refers to printf5.o(i._printf_core) for _printf_core
    printf5.o(i.__0sprintf$5) refers to printf5.o(i._sputc) for _sputc
    printf5.o(i.__0vfprintf$5) refers to printf5.o(i._printf_core) for _printf_core
    printf5.o(i.__0vfprintf$5) refers to usart.o(i.fputc) for fputc
    printf5.o(i.__0vprintf$5) refers to printf5.o(i._printf_core) for _printf_core
    printf5.o(i.__0vprintf$5) refers to usart.o(i.fputc) for fputc
    printf5.o(i.__0vprintf$5) refers to stdout.o(.data) for __stdout
    printf5.o(i.__0vsnprintf$5) refers to printf5.o(i._printf_core) for _printf_core
    printf5.o(i.__0vsnprintf$5) refers to printf5.o(i._snputc) for _snputc
    printf5.o(i.__0vsprintf$5) refers to printf5.o(i._printf_core) for _printf_core
    printf5.o(i.__0vsprintf$5) refers to printf5.o(i._sputc) for _sputc
    printf5.o(i._printf_core) refers to uldiv.o(.text) for __aeabi_uldivmod
    printf6.o(i.__0fprintf$6) refers to printf6.o(i._printf_core) for _printf_core
    printf6.o(i.__0fprintf$6) refers to usart.o(i.fputc) for fputc
    printf6.o(i.__0printf$6) refers to printf6.o(i._printf_core) for _printf_core
    printf6.o(i.__0printf$6) refers to usart.o(i.fputc) for fputc
    printf6.o(i.__0printf$6) refers to stdout.o(.data) for __stdout
    printf6.o(i.__0snprintf$6) refers to printf6.o(i._printf_core) for _printf_core
    printf6.o(i.__0snprintf$6) refers to printf6.o(i._snputc) for _snputc
    printf6.o(i.__0sprintf$6) refers to printf6.o(i._printf_core) for _printf_core
    printf6.o(i.__0sprintf$6) refers to printf6.o(i._sputc) for _sputc
    printf6.o(i.__0vfprintf$6) refers to printf6.o(i._printf_core) for _printf_core
    printf6.o(i.__0vfprintf$6) refers to usart.o(i.fputc) for fputc
    printf6.o(i.__0vprintf$6) refers to printf6.o(i._printf_core) for _printf_core
    printf6.o(i.__0vprintf$6) refers to usart.o(i.fputc) for fputc
    printf6.o(i.__0vprintf$6) refers to stdout.o(.data) for __stdout
    printf6.o(i.__0vsnprintf$6) refers to printf6.o(i._printf_core) for _printf_core
    printf6.o(i.__0vsnprintf$6) refers to printf6.o(i._snputc) for _snputc
    printf6.o(i.__0vsprintf$6) refers to printf6.o(i._printf_core) for _printf_core
    printf6.o(i.__0vsprintf$6) refers to printf6.o(i._sputc) for _sputc
    printf6.o(i._printf_core) refers to printf6.o(i._printf_pre_padding) for _printf_pre_padding
    printf6.o(i._printf_core) refers to printf6.o(i._printf_post_padding) for _printf_post_padding
    printf6.o(i._printf_core) refers to uidiv.o(.text) for __aeabi_uidivmod
    printf7.o(i.__0fprintf$7) refers to printf7.o(i._printf_core) for _printf_core
    printf7.o(i.__0fprintf$7) refers to usart.o(i.fputc) for fputc
    printf7.o(i.__0printf$7) refers to printf7.o(i._printf_core) for _printf_core
    printf7.o(i.__0printf$7) refers to usart.o(i.fputc) for fputc
    printf7.o(i.__0printf$7) refers to stdout.o(.data) for __stdout
    printf7.o(i.__0snprintf$7) refers to printf7.o(i._printf_core) for _printf_core
    printf7.o(i.__0snprintf$7) refers to printf7.o(i._snputc) for _snputc
    printf7.o(i.__0sprintf$7) refers to printf7.o(i._printf_core) for _printf_core
    printf7.o(i.__0sprintf$7) refers to printf7.o(i._sputc) for _sputc
    printf7.o(i.__0vfprintf$7) refers to printf7.o(i._printf_core) for _printf_core
    printf7.o(i.__0vfprintf$7) refers to usart.o(i.fputc) for fputc
    printf7.o(i.__0vprintf$7) refers to printf7.o(i._printf_core) for _printf_core
    printf7.o(i.__0vprintf$7) refers to usart.o(i.fputc) for fputc
    printf7.o(i.__0vprintf$7) refers to stdout.o(.data) for __stdout
    printf7.o(i.__0vsnprintf$7) refers to printf7.o(i._printf_core) for _printf_core
    printf7.o(i.__0vsnprintf$7) refers to printf7.o(i._snputc) for _snputc
    printf7.o(i.__0vsprintf$7) refers to printf7.o(i._printf_core) for _printf_core
    printf7.o(i.__0vsprintf$7) refers to printf7.o(i._sputc) for _sputc
    printf7.o(i._printf_core) refers to printf7.o(i._printf_pre_padding) for _printf_pre_padding
    printf7.o(i._printf_core) refers to printf7.o(i._printf_post_padding) for _printf_post_padding
    printf7.o(i._printf_core) refers to uldiv.o(.text) for __aeabi_uldivmod
    printf8.o(i.__0fprintf$8) refers to printf8.o(i._printf_core) for _printf_core
    printf8.o(i.__0fprintf$8) refers to usart.o(i.fputc) for fputc
    printf8.o(i.__0printf$8) refers to printf8.o(i._printf_core) for _printf_core
    printf8.o(i.__0printf$8) refers to usart.o(i.fputc) for fputc
    printf8.o(i.__0printf$8) refers to stdout.o(.data) for __stdout
    printf8.o(i.__0snprintf$8) refers to printf8.o(i._printf_core) for _printf_core
    printf8.o(i.__0snprintf$8) refers to printf8.o(i._snputc) for _snputc
    printf8.o(i.__0sprintf$8) refers to printf8.o(i._printf_core) for _printf_core
    printf8.o(i.__0sprintf$8) refers to printf8.o(i._sputc) for _sputc
    printf8.o(i.__0vfprintf$8) refers to printf8.o(i._printf_core) for _printf_core
    printf8.o(i.__0vfprintf$8) refers to usart.o(i.fputc) for fputc
    printf8.o(i.__0vprintf$8) refers to printf8.o(i._printf_core) for _printf_core
    printf8.o(i.__0vprintf$8) refers to usart.o(i.fputc) for fputc
    printf8.o(i.__0vprintf$8) refers to stdout.o(.data) for __stdout
    printf8.o(i.__0vsnprintf$8) refers to printf8.o(i._printf_core) for _printf_core
    printf8.o(i.__0vsnprintf$8) refers to printf8.o(i._snputc) for _snputc
    printf8.o(i.__0vsprintf$8) refers to printf8.o(i._printf_core) for _printf_core
    printf8.o(i.__0vsprintf$8) refers to printf8.o(i._sputc) for _sputc
    printf8.o(i._printf_core) refers to printf8.o(i._printf_pre_padding) for _printf_pre_padding
    printf8.o(i._printf_core) refers to printf8.o(i._printf_post_padding) for _printf_post_padding
    printf8.o(i._printf_core) refers to uldiv.o(.text) for __aeabi_uldivmod
    printfa.o(i.__0fprintf) refers (Special) to iusefp.o(.text) for __I$use$fp
    printfa.o(i.__0fprintf) refers to printfa.o(i._printf_core) for _printf_core
    printfa.o(i.__0fprintf) refers to usart.o(i.fputc) for fputc
    printfa.o(i.__0printf) refers (Special) to iusefp.o(.text) for __I$use$fp
    printfa.o(i.__0printf) refers to printfa.o(i._printf_core) for _printf_core
    printfa.o(i.__0printf) refers to usart.o(i.fputc) for fputc
    printfa.o(i.__0printf) refers to stdout.o(.data) for __stdout
    printfa.o(i.__0snprintf) refers (Special) to iusefp.o(.text) for __I$use$fp
    printfa.o(i.__0snprintf) refers to printfa.o(i._printf_core) for _printf_core
    printfa.o(i.__0snprintf) refers to printfa.o(i._snputc) for _snputc
    printfa.o(i.__0sprintf) refers (Special) to iusefp.o(.text) for __I$use$fp
    printfa.o(i.__0sprintf) refers to printfa.o(i._printf_core) for _printf_core
    printfa.o(i.__0sprintf) refers to printfa.o(i._sputc) for _sputc
    printfa.o(i.__0vfprintf) refers (Special) to iusefp.o(.text) for __I$use$fp
    printfa.o(i.__0vfprintf) refers to printfa.o(i._printf_core) for _printf_core
    printfa.o(i.__0vfprintf) refers to usart.o(i.fputc) for fputc
    printfa.o(i.__0vprintf) refers (Special) to iusefp.o(.text) for __I$use$fp
    printfa.o(i.__0vprintf) refers to printfa.o(i._printf_core) for _printf_core
    printfa.o(i.__0vprintf) refers to usart.o(i.fputc) for fputc
    printfa.o(i.__0vprintf) refers to stdout.o(.data) for __stdout
    printfa.o(i.__0vsnprintf) refers (Special) to iusefp.o(.text) for __I$use$fp
    printfa.o(i.__0vsnprintf) refers to printfa.o(i._printf_core) for _printf_core
    printfa.o(i.__0vsnprintf) refers to printfa.o(i._snputc) for _snputc
    printfa.o(i.__0vsprintf) refers (Special) to iusefp.o(.text) for __I$use$fp
    printfa.o(i.__0vsprintf) refers to printfa.o(i._printf_core) for _printf_core
    printfa.o(i.__0vsprintf) refers to printfa.o(i._sputc) for _sputc
    printfa.o(i._fp_digits) refers (Special) to iusefp.o(.text) for __I$use$fp
    printfa.o(i._fp_digits) refers to dmul.o(.text) for __aeabi_dmul
    printfa.o(i._fp_digits) refers to ddiv.o(.text) for __aeabi_ddiv
    printfa.o(i._fp_digits) refers to cdrcmple.o(.text) for __aeabi_cdrcmple
    printfa.o(i._fp_digits) refers to dadd.o(.text) for __aeabi_dadd
    printfa.o(i._fp_digits) refers to dfixul.o(.text) for __aeabi_d2ulz
    printfa.o(i._fp_digits) refers to uldiv.o(.text) for __aeabi_uldivmod
    printfa.o(i._printf_core) refers (Special) to iusefp.o(.text) for __I$use$fp
    printfa.o(i._printf_core) refers to printfa.o(i._printf_pre_padding) for _printf_pre_padding
    printfa.o(i._printf_core) refers to uldiv.o(.text) for __aeabi_uldivmod
    printfa.o(i._printf_core) refers to printfa.o(i._printf_post_padding) for _printf_post_padding
    printfa.o(i._printf_core) refers to printfa.o(i._fp_digits) for _fp_digits
    printfa.o(i._printf_core) refers to uidiv.o(.text) for __aeabi_uidivmod
    printfa.o(i._printf_post_padding) refers (Special) to iusefp.o(.text) for __I$use$fp
    printfa.o(i._printf_pre_padding) refers (Special) to iusefp.o(.text) for __I$use$fp
    printfa.o(i._snputc) refers (Special) to iusefp.o(.text) for __I$use$fp
    printfa.o(i._sputc) refers (Special) to iusefp.o(.text) for __I$use$fp
    malloc.o(i.free) refers to mvars.o(.data) for __microlib_freelist
    malloc.o(i.malloc) refers to mvars.o(.data) for __microlib_freelist_initialised
    malloc.o(i.malloc) refers to mvars.o(.data) for __microlib_freelist
    malloc.o(i.malloc) refers to startup_stm32l072xx.o(HEAP) for __heap_base
    mallocr.o(i.__free$realloc) refers to mvars.o(.data) for __microlib_freelist
    mallocr.o(i.__malloc$realloc) refers to mallocr.o(i.internal_alloc) for internal_alloc
    mallocr.o(i.__malloc$realloc) refers to mvars.o(.data) for __microlib_freelist_initialised
    mallocr.o(i.__malloc$realloc) refers to startup_stm32l072xx.o(HEAP) for __heap_base
    mallocr.o(i.__malloc$realloc) refers to mvars.o(.data) for __microlib_freelist
    mallocr.o(i.internal_alloc) refers to memcpya.o(.text) for __aeabi_memcpy
    mallocr.o(i.internal_alloc) refers to mvars.o(.data) for __microlib_freelist
    mallocr.o(i.realloc) refers to mallocr.o(i.__free$realloc) for __free$realloc
    mallocr.o(i.realloc) refers to mallocr.o(i.internal_alloc) for internal_alloc
    mallocr.o(i.realloc) refers to mallocr.o(i.__malloc$realloc) for __malloc$realloc
    mallocr.o(i.realloc) refers to mvars.o(.data) for __microlib_freelist
    malloca.o(i.__aligned_malloc) refers to mvars.o(.data) for __microlib_freelist
    malloca.o(i.__aligned_malloc) refers to mvars.o(.data) for __microlib_freelist_initialised
    malloca.o(i.__aligned_malloc) refers to startup_stm32l072xx.o(HEAP) for __heap_base
    malloca.o(i.__free$memalign) refers to mvars.o(.data) for __microlib_freelist
    malloca.o(i.__malloc$memalign) refers to malloca.o(i.__aligned_malloc) for __aligned_malloc
    mallocra.o(i.__aligned_malloc$realloc) refers to mallocra.o(i.internal_alloc) for internal_alloc
    mallocra.o(i.__aligned_malloc$realloc) refers to startup_stm32l072xx.o(HEAP) for __heap_base
    mallocra.o(i.__aligned_malloc$realloc) refers to mvars.o(.data) for __microlib_freelist
    mallocra.o(i.__aligned_malloc$realloc) refers to mvars.o(.data) for __microlib_freelist_initialised
    mallocra.o(i.__free$realloc$memalign) refers to mvars.o(.data) for __microlib_freelist
    mallocra.o(i.__malloc$realloc$memalign) refers to mallocra.o(i.__aligned_malloc$realloc) for __aligned_malloc$realloc
    mallocra.o(i.__realloc$memalign) refers to mallocra.o(i.__free$realloc$memalign) for __free$realloc$memalign
    mallocra.o(i.__realloc$memalign) refers to mallocra.o(i.internal_alloc) for internal_alloc
    mallocra.o(i.__realloc$memalign) refers to mallocra.o(i.__malloc$realloc$memalign) for __malloc$realloc$memalign
    mallocra.o(i.__realloc$memalign) refers to mvars.o(.data) for __microlib_freelist
    mallocra.o(i.internal_alloc) refers to memcpya.o(.text) for __aeabi_memcpy
    mallocra.o(i.internal_alloc) refers to mvars.o(.data) for __microlib_freelist
    fadd.o(.text) refers (Special) to iusefp.o(.text) for __I$use$fp
    fadd.o(.text) refers to fepilogue.o(.text) for _float_epilogue
    fmul.o(.text) refers (Special) to iusefp.o(.text) for __I$use$fp
    fdiv.o(.text) refers (Special) to iusefp.o(.text) for __I$use$fp
    fdiv.o(.text) refers to fepilogue.o(.text) for _float_round
    ffltui.o(.text) refers (Special) to iusefp.o(.text) for __I$use$fp
    ffltui.o(.text) refers to fepilogue.o(.text) for _float_epilogue
    ffixui.o(.text) refers (Special) to iusefp.o(.text) for __I$use$fp
    f2d.o(.text) refers (Special) to iusefp.o(.text) for __I$use$fp
    cdrcmple.o(.text) refers (Special) to iusefp.o(.text) for __I$use$fp
    cfrcmple.o(.text) refers (Special) to iusefp.o(.text) for __I$use$fp
    entry2.o(.ARM.Collect$$$$00000001) refers to entry2.o(.ARM.Collect$$$$00002712) for __lit__00000000
    entry2.o(.ARM.Collect$$$$00002712) refers to startup_stm32l072xx.o(STACK) for __initial_sp
    entry2.o(__vectab_stack_and_reset_area) refers to startup_stm32l072xx.o(STACK) for __initial_sp
    entry2.o(__vectab_stack_and_reset_area) refers to entry.o(.ARM.Collect$$$$00000000) for __main
    entry5.o(.ARM.Collect$$$$00000004) refers to init.o(.text) for __scatterload
    entry9a.o(.ARM.Collect$$$$0000000B) refers to main.o(i.main) for main
    entry9b.o(.ARM.Collect$$$$0000000C) refers to main.o(i.main) for main
    dadd.o(.text) refers to llshl.o(.text) for __aeabi_llsl
    dadd.o(.text) refers to llsshr.o(.text) for __aeabi_lasr
    dadd.o(.text) refers to depilogue.o(.text) for _double_epilogue
    dmul.o(.text) refers to depilogue.o(.text) for _double_epilogue
    ddiv.o(.text) refers to depilogue.o(.text) for _double_round
    dfixul.o(.text) refers to llushr.o(.text) for __aeabi_llsr
    dfixul.o(.text) refers to llshl.o(.text) for __aeabi_llsl
    init.o(.text) refers to entry5.o(.ARM.Collect$$$$00000004) for __main_after_scatterload
    depilogue.o(.text) refers to depilogue.o(i.__ARM_clz) for __ARM_clz
    depilogue.o(.text) refers to llshl.o(.text) for __aeabi_llsl
    depilogue.o(.text) refers to llushr.o(.text) for __aeabi_llsr
    clock.o(i.getSpeed_APB1) refers to clock.o(.data) for speed_APB1
    clock.o(i.getSpeed_HCLK) refers to clock.o(.data) for speed_HCLK


==============================================================================

Removing Unused input sections from the image.

    Removing main.o(.rev16_text), (4 bytes).
    Removing main.o(.revsh_text), (4 bytes).
    Removing interrupt.o(.rev16_text), (4 bytes).
    Removing interrupt.o(.revsh_text), (4 bytes).
    Removing system_stm32l0xx.o(.rev16_text), (4 bytes).
    Removing system_stm32l0xx.o(.revsh_text), (4 bytes).
    Removing system_stm32l0xx.o(i.SystemCoreClockUpdate), (252 bytes).
    Removing system_stm32l0xx.o(.constdata), (33 bytes).
    Removing system_stm32l0xx.o(.data), (4 bytes).
    Removing clock.o(.rev16_text), (4 bytes).
    Removing clock.o(.revsh_text), (4 bytes).
    Removing clock.o(i.NVIC_SetPriority), (120 bytes).
    Removing clock.o(i.PA_8_clock_out_enable), (108 bytes).
    Removing clock.o(i.setClock2HSI_16MHz), (56 bytes).
    Removing clock.o(i.setPLL_HSI_32MHz), (152 bytes).
    Removing clock.o(i.switch_16MHz), (140 bytes).
    Removing clock.o(i.update_clock_DBPORT), (2 bytes).
    Removing delay.o(.rev16_text), (4 bytes).
    Removing delay.o(.revsh_text), (4 bytes).
    Removing delay.o(i.NVIC_SetPriority), (120 bytes).
    Removing delay.o(i.delay), (116 bytes).
    Removing gpio.o(.rev16_text), (4 bytes).
    Removing gpio.o(.revsh_text), (4 bytes).
    Removing gpio.o(i.GPIO_Pin_Output), (26 bytes).
    Removing gpio.o(i.GPIO_Pin_Toggle), (12 bytes).
    Removing gpio.o(i.GPIO_analogIn_lowPower), (52 bytes).
    Removing spi.o(.rev16_text), (4 bytes).
    Removing spi.o(.revsh_text), (4 bytes).
    Removing usart.o(.rev16_text), (4 bytes).
    Removing usart.o(.revsh_text), (4 bytes).
    Removing usart.o(i.dbPort_disable), (128 bytes).
    Removing lowpower.o(.rev16_text), (4 bytes).
    Removing lowpower.o(.revsh_text), (4 bytes).
    Removing lowpower.o(i.NVIC_SetPriority), (120 bytes).
    Removing lowpower.o(i.lowpower_sleepMode), (16 bytes).
    Removing lowpower.o(i.lowpower_standByMode), (40 bytes).
    Removing lowpower.o(i.lowpower_standByMode_noTimer), (32 bytes).
    Removing lowpower.o(i.lowpower_stopMode_noTimer), (32 bytes).
    Removing lowpower.o(i.sleepmode_enter), (164 bytes).
    Removing lowpower.o(i.standBymode_enter), (136 bytes).
    Removing lowpower.o(i.wakeup_RTC_setting), (144 bytes).
    Removing rtc.o(.rev16_text), (4 bytes).
    Removing rtc.o(.revsh_text), (4 bytes).
    Removing rtc.o(i.rtc_DeInit), (68 bytes).
    Removing rng.o(.rev16_text), (4 bytes).
    Removing rng.o(.revsh_text), (4 bytes).
    Removing interrupt_1.o(.rev16_text), (4 bytes).
    Removing interrupt_1.o(.revsh_text), (4 bytes).
    Removing lora.o(.rev16_text), (4 bytes).
    Removing lora.o(.revsh_text), (4 bytes).
    Removing lora.o(i.testMic), (84 bytes).
    Removing aes.o(i.aes_cbc_encrypt), (62 bytes).
    Removing lorachip.o(.rev16_text), (4 bytes).
    Removing lorachip.o(.revsh_text), (4 bytes).
    Removing lorachip.o(i.LoRa_Init_RegParameters), (68 bytes).
    Removing lorachip.o(i.LoRa_PrintSetting), (60 bytes).
    Removing lorachip.o(i.LoRa_resetChip), (80 bytes).
    Removing lorachip.o(i.LoRa_standby), (18 bytes).
    Removing lorachip.o(i.LoRa_wakeUp), (8 bytes).
    Removing universal.o(.rev16_text), (4 bytes).
    Removing universal.o(.revsh_text), (4 bytes).
    Removing dadd.o(.text), (356 bytes).
    Removing dmul.o(.text), (208 bytes).
    Removing ddiv.o(.text), (240 bytes).
    Removing dfixul.o(.text), (64 bytes).
    Removing depilogue.o(.text), (190 bytes).
    Removing clock.o(i.getSpeed_HCLK), (12 bytes).
    Removing depilogue.o(i.__ARM_clz), (46 bytes).

68 unused section(s) (total 3689 bytes) removed from the image.

==============================================================================

Image Symbol Table

    Local Symbols

    Symbol Name                              Value     Ov Type        Size  Object(Section)

    ../clib/microlib/division.c              0x00000000   Number         0  idiv.o ABSOLUTE
    ../clib/microlib/division.c              0x00000000   Number         0  uldiv.o ABSOLUTE
    ../clib/microlib/division.c              0x00000000   Number         0  uidiv.o ABSOLUTE
    ../clib/microlib/init/entry.s            0x00000000   Number         0  entry9a.o ABSOLUTE
    ../clib/microlib/init/entry.s            0x00000000   Number         0  entry11b.o ABSOLUTE
    ../clib/microlib/init/entry.s            0x00000000   Number         0  entry11a.o ABSOLUTE
    ../clib/microlib/init/entry.s            0x00000000   Number         0  entry7b.o ABSOLUTE
    ../clib/microlib/init/entry.s            0x00000000   Number         0  entry10b.o ABSOLUTE
    ../clib/microlib/init/entry.s            0x00000000   Number         0  entry10a.o ABSOLUTE
    ../clib/microlib/init/entry.s            0x00000000   Number         0  entry9b.o ABSOLUTE
    ../clib/microlib/init/entry.s            0x00000000   Number         0  entry8a.o ABSOLUTE
    ../clib/microlib/init/entry.s            0x00000000   Number         0  entry7a.o ABSOLUTE
    ../clib/microlib/init/entry.s            0x00000000   Number         0  entry5.o ABSOLUTE
    ../clib/microlib/init/entry.s            0x00000000   Number         0  entry.o ABSOLUTE
    ../clib/microlib/init/entry.s            0x00000000   Number         0  entry2.o ABSOLUTE
    ../clib/microlib/init/entry.s            0x00000000   Number         0  entry8b.o ABSOLUTE
    ../clib/microlib/longlong.c              0x00000000   Number         0  llushr.o ABSOLUTE
    ../clib/microlib/longlong.c              0x00000000   Number         0  llsshr.o ABSOLUTE
    ../clib/microlib/longlong.c              0x00000000   Number         0  llshl.o ABSOLUTE
    ../clib/microlib/malloc/malloc.c         0x00000000   Number         0  malloc.o ABSOLUTE
    ../clib/microlib/malloc/malloc.c         0x00000000   Number         0  mallocr.o ABSOLUTE
    ../clib/microlib/malloc/malloc.c         0x00000000   Number         0  malloca.o ABSOLUTE
    ../clib/microlib/malloc/malloc.c         0x00000000   Number         0  mallocra.o ABSOLUTE
    ../clib/microlib/malloc/mvars.c          0x00000000   Number         0  mvars.o ABSOLUTE
    ../clib/microlib/printf/printf.c         0x00000000   Number         0  printf5.o ABSOLUTE
    ../clib/microlib/printf/printf.c         0x00000000   Number         0  printf7.o ABSOLUTE
    ../clib/microlib/printf/printf.c         0x00000000   Number         0  printfb.o ABSOLUTE
    ../clib/microlib/printf/printf.c         0x00000000   Number         0  printf0.o ABSOLUTE
    ../clib/microlib/printf/printf.c         0x00000000   Number         0  printf8.o ABSOLUTE
    ../clib/microlib/printf/printf.c         0x00000000   Number         0  printf1.o ABSOLUTE
    ../clib/microlib/printf/printf.c         0x00000000   Number         0  printf2.o ABSOLUTE
    ../clib/microlib/printf/printf.c         0x00000000   Number         0  printf3.o ABSOLUTE
    ../clib/microlib/printf/printf.c         0x00000000   Number         0  printf4.o ABSOLUTE
    ../clib/microlib/printf/printf.c         0x00000000   Number         0  printfa.o ABSOLUTE
    ../clib/microlib/printf/printf.c         0x00000000   Number         0  printf6.o ABSOLUTE
    ../clib/microlib/printf/stubs.s          0x00000000   Number         0  stubs.o ABSOLUTE
    ../clib/microlib/stdio/streams.c         0x00000000   Number         0  stdout.o ABSOLUTE
    ../clib/microlib/string/memcmp.c         0x00000000   Number         0  memcmp.o ABSOLUTE
    ../clib/microlib/string/memcpy.c         0x00000000   Number         0  memcpyb.o ABSOLUTE
    ../clib/microlib/string/memcpy.c         0x00000000   Number         0  memcpya.o ABSOLUTE
    ../clib/microlib/stubs.s                 0x00000000   Number         0  iusefp.o ABSOLUTE
    ../fplib/microlib/f2d.c                  0x00000000   Number         0  f2d.o ABSOLUTE
    ../fplib/microlib/fpadd.c                0x00000000   Number         0  fadd.o ABSOLUTE
    ../fplib/microlib/fpadd.c                0x00000000   Number         0  dadd.o ABSOLUTE
    ../fplib/microlib/fpdiv.c                0x00000000   Number         0  fdiv.o ABSOLUTE
    ../fplib/microlib/fpdiv.c                0x00000000   Number         0  ddiv.o ABSOLUTE
    ../fplib/microlib/fpepilogue.c           0x00000000   Number         0  depilogue.o ABSOLUTE
    ../fplib/microlib/fpepilogue.c           0x00000000   Number         0  fepilogue.o ABSOLUTE
    ../fplib/microlib/fpfix.c                0x00000000   Number         0  ffixui.o ABSOLUTE
    ../fplib/microlib/fpfix.c                0x00000000   Number         0  dfixul.o ABSOLUTE
    ../fplib/microlib/fpflt.c                0x00000000   Number         0  ffltui.o ABSOLUTE
    ../fplib/microlib/fpmul.c                0x00000000   Number         0  fmul.o ABSOLUTE
    ../fplib/microlib/fpmul.c                0x00000000   Number         0  dmul.o ABSOLUTE
    CMSIS\\system_stm32l0xx.c                0x00000000   Number         0  system_stm32l0xx.o ABSOLUTE
    CMSIS\startup_stm32l072xx.s              0x00000000   Number         0  startup_stm32l072xx.o ABSOLUTE
    CMSIS\system_stm32l0xx.c                 0x00000000   Number         0  system_stm32l0xx.o ABSOLUTE
    cdrcmple.s                               0x00000000   Number         0  cdrcmple.o ABSOLUTE
    cfrcmple.s                               0x00000000   Number         0  cfrcmple.o ABSOLUTE
    dc.s                                     0x00000000   Number         0  dc.o ABSOLUTE
    ecrypt\LoRaMacCrypto.c                   0x00000000   Number         0  loramaccrypto.o ABSOLUTE
    ecrypt\aes.c                             0x00000000   Number         0  aes.o ABSOLUTE
    ecrypt\cmac.c                            0x00000000   Number         0  cmac.o ABSOLUTE
    handlers.s                               0x00000000   Number         0  handlers.o ABSOLUTE
    init.s                                   0x00000000   Number         0  init.o ABSOLUTE
    loraLib\\lora.c                          0x00000000   Number         0  lora.o ABSOLUTE
    loraLib\\loraChip.c                      0x00000000   Number         0  lorachip.o ABSOLUTE
    loraLib\lora.c                           0x00000000   Number         0  lora.o ABSOLUTE
    loraLib\loraChip.c                       0x00000000   Number         0  lorachip.o ABSOLUTE
    regLib\\clock.c                          0x00000000   Number         0  clock.o ABSOLUTE
    regLib\\delay.c                          0x00000000   Number         0  delay.o ABSOLUTE
    regLib\\gpio.c                           0x00000000   Number         0  gpio.o ABSOLUTE
    regLib\\interrupt.c                      0x00000000   Number         0  interrupt_1.o ABSOLUTE
    regLib\\lowpower.c                       0x00000000   Number         0  lowpower.o ABSOLUTE
    regLib\\rng.c                            0x00000000   Number         0  rng.o ABSOLUTE
    regLib\\rtc.c                            0x00000000   Number         0  rtc.o ABSOLUTE
    regLib\\spi.c                            0x00000000   Number         0  spi.o ABSOLUTE
    regLib\\usart.c                          0x00000000   Number         0  usart.o ABSOLUTE
    regLib\clock.c                           0x00000000   Number         0  clock.o ABSOLUTE
    regLib\delay.c                           0x00000000   Number         0  delay.o ABSOLUTE
    regLib\gpio.c                            0x00000000   Number         0  gpio.o ABSOLUTE
    regLib\interrupt.c                       0x00000000   Number         0  interrupt_1.o ABSOLUTE
    regLib\lowpower.c                        0x00000000   Number         0  lowpower.o ABSOLUTE
    regLib\rng.c                             0x00000000   Number         0  rng.o ABSOLUTE
    regLib\rtc.c                             0x00000000   Number         0  rtc.o ABSOLUTE
    regLib\spi.c                             0x00000000   Number         0  spi.o ABSOLUTE
    regLib\usart.c                           0x00000000   Number         0  usart.o ABSOLUTE
    universal\\universal.c                   0x00000000   Number         0  universal.o ABSOLUTE
    universal\universal.c                    0x00000000   Number         0  universal.o ABSOLUTE
    user\\interrupt.c                        0x00000000   Number         0  interrupt.o ABSOLUTE
    user\\main.c                             0x00000000   Number         0  main.o ABSOLUTE
    user\interrupt.c                         0x00000000   Number         0  interrupt.o ABSOLUTE
    user\loraApp.c                           0x00000000   Number         0  loraapp.o ABSOLUTE
    user\main.c                              0x00000000   Number         0  main.o ABSOLUTE
    RESET                                    0x08000000   Section      192  startup_stm32l072xx.o(RESET)
    .ARM.Collect$$$$00000000                 0x080000c0   Section        0  entry.o(.ARM.Collect$$$$00000000)
    .ARM.Collect$$$$00000001                 0x080000c0   Section        4  entry2.o(.ARM.Collect$$$$00000001)
    .ARM.Collect$$$$00000004                 0x080000c4   Section        4  entry5.o(.ARM.Collect$$$$00000004)
    .ARM.Collect$$$$00000008                 0x080000c8   Section        0  entry7b.o(.ARM.Collect$$$$00000008)
    .ARM.Collect$$$$0000000A                 0x080000c8   Section        0  entry8b.o(.ARM.Collect$$$$0000000A)
    .ARM.Collect$$$$0000000B                 0x080000c8   Section        8  entry9a.o(.ARM.Collect$$$$0000000B)
    .ARM.Collect$$$$0000000D                 0x080000d0   Section        0  entry10a.o(.ARM.Collect$$$$0000000D)
    .ARM.Collect$$$$0000000F                 0x080000d0   Section        0  entry11a.o(.ARM.Collect$$$$0000000F)
    .ARM.Collect$$$$00002712                 0x080000d0   Section        4  entry2.o(.ARM.Collect$$$$00002712)
    __lit__00000000                          0x080000d0   Data           4  entry2.o(.ARM.Collect$$$$00002712)
    .text                                    0x080000d4   Section       28  startup_stm32l072xx.o(.text)
    .text                                    0x080000f0   Section        0  uidiv.o(.text)
    .text                                    0x0800011c   Section        0  idiv.o(.text)
    .text                                    0x08000144   Section        0  uldiv.o(.text)
    .text                                    0x080001a4   Section        0  memcpya.o(.text)
    .text                                    0x080001c8   Section        0  memcmp.o(.text)
    .text                                    0x080001e2   Section        0  fadd.o(.text)
    .text                                    0x08000294   Section        0  fmul.o(.text)
    .text                                    0x0800030e   Section        0  fdiv.o(.text)
    .text                                    0x0800038a   Section        0  ffltui.o(.text)
    .text                                    0x08000398   Section        0  ffixui.o(.text)
    .text                                    0x080003c0   Section        0  f2d.o(.text)
    .text                                    0x080003e8   Section       40  cdrcmple.o(.text)
    .text                                    0x08000410   Section       20  cfrcmple.o(.text)
    .text                                    0x08000424   Section        0  llshl.o(.text)
    .text                                    0x08000444   Section        0  llushr.o(.text)
    .text                                    0x08000466   Section        0  fepilogue.o(.text)
    .text                                    0x08000466   Section        0  iusefp.o(.text)
    .text                                    0x080004e8   Section       36  init.o(.text)
    i.AES_CMAC_Final                         0x0800050c   Section        0  cmac.o(i.AES_CMAC_Final)
    i.AES_CMAC_Init                          0x080006d0   Section        0  cmac.o(i.AES_CMAC_Init)
    i.AES_CMAC_SetKey                        0x080006f2   Section        0  cmac.o(i.AES_CMAC_SetKey)
    i.AES_CMAC_Update                        0x08000704   Section        0  cmac.o(i.AES_CMAC_Update)
    i.EXTI0_1_IRQHandler                     0x080007f8   Section        0  interrupt.o(i.EXTI0_1_IRQHandler)
    i.EXTI4_15_IRQHandler                    0x08000818   Section        0  interrupt.o(i.EXTI4_15_IRQHandler)
    i.GPIO_Alternate_Function                0x0800083c   Section        0  gpio.o(i.GPIO_Alternate_Function)
    i.GPIO_Pin_Clear                         0x08000874   Section        0  gpio.o(i.GPIO_Pin_Clear)
    i.GPIO_Pin_Mode                          0x0800087c   Section        0  gpio.o(i.GPIO_Pin_Mode)
    i.GPIO_Pin_Pull                          0x0800089c   Section        0  gpio.o(i.GPIO_Pin_Pull)
    i.GPIO_Pin_Set                           0x080008bc   Section        0  gpio.o(i.GPIO_Pin_Set)
    i.GPIO_Pin_Speed                         0x080008c4   Section        0  gpio.o(i.GPIO_Pin_Speed)
    i.IO_Interrupt_enable                    0x080008e4   Section        0  interrupt_1.o(i.IO_Interrupt_enable)
    i.LoRaChip_readReceiveBuf                0x08000a08   Section        0  lorachip.o(i.LoRaChip_readReceiveBuf)
    i.LoRaMacComputeMic                      0x08000a40   Section        0  loramaccrypto.o(i.LoRaMacComputeMic)
    i.LoRaMacJoinComputeMic                  0x08000ad4   Section        0  loramaccrypto.o(i.LoRaMacJoinComputeMic)
    i.LoRaMacJoinComputeSKeys                0x08000b04   Section        0  loramaccrypto.o(i.LoRaMacJoinComputeSKeys)
    i.LoRaMacJoinDecrypt                     0x08000b90   Section        0  loramaccrypto.o(i.LoRaMacJoinDecrypt)
    i.LoRaMacPayloadDecrypt                  0x08000bd0   Section        0  loramaccrypto.o(i.LoRaMacPayloadDecrypt)
    i.LoRaMacPayloadEncrypt                  0x08000bf4   Section        0  loramaccrypto.o(i.LoRaMacPayloadEncrypt)
    i.LoRa_HW_init                           0x08000cd4   Section        0  lorachip.o(i.LoRa_HW_init)
    i.LoRa_Init_GPIO                         0x08000d24   Section        0  lorachip.o(i.LoRa_Init_GPIO)
    LoRa_Init_GPIO                           0x08000d25   Thumb Code   312  lorachip.o(i.LoRa_Init_GPIO)
    i.LoRa_Init_SPI                          0x08000e68   Section        0  lorachip.o(i.LoRa_Init_SPI)
    LoRa_Init_SPI                            0x08000e69   Thumb Code    70  lorachip.o(i.LoRa_Init_SPI)
    i.LoRa_JoinNetwork                       0x08000eb8   Section        0  lora.o(i.LoRa_JoinNetwork)
    i.LoRa_RTC_Interrupt_Response            0x08000f90   Section        0  lora.o(i.LoRa_RTC_Interrupt_Response)
    i.LoRa_Rx_Done_Interrupt_Response        0x08000fd4   Section        0  lora.o(i.LoRa_Rx_Done_Interrupt_Response)
    i.LoRa_Rx_TimeOut_Interrupt_Response     0x08001060   Section        0  lora.o(i.LoRa_Rx_TimeOut_Interrupt_Response)
    i.LoRa_Set_Frequency                     0x080010a4   Section        0  lorachip.o(i.LoRa_Set_Frequency)
    i.LoRa_Set_SF                            0x080010f0   Section        0  lorachip.o(i.LoRa_Set_SF)
    i.LoRa_Set_TxPower                       0x08001174   Section        0  lorachip.o(i.LoRa_Set_TxPower)
    i.LoRa_Tx_Done_Interrupt_Response        0x08001188   Section        0  lora.o(i.LoRa_Tx_Done_Interrupt_Response)
    i.LoRa_init                              0x080011e8   Section        0  lora.o(i.LoRa_init)
    i.LoRa_init_Parameter                    0x08001204   Section        0  lora.o(i.LoRa_init_Parameter)
    i.LoRa_package_send                      0x08001288   Section        0  lora.o(i.LoRa_package_send)
    i.LoRa_sleep                             0x08001390   Section        0  lorachip.o(i.LoRa_sleep)
    i.NVIC_SetPriority                       0x080013a4   Section        0  rtc.o(i.NVIC_SetPriority)
    NVIC_SetPriority                         0x080013a5   Thumb Code   110  rtc.o(i.NVIC_SetPriority)
    i.NVIC_SetPriority                       0x0800141c   Section        0  interrupt_1.o(i.NVIC_SetPriority)
    NVIC_SetPriority                         0x0800141d   Thumb Code   110  interrupt_1.o(i.NVIC_SetPriority)
    i.RCC_CRS_IRQHandler                     0x08001494   Section        0  clock.o(i.RCC_CRS_IRQHandler)
    i.RF_Receive                             0x080014dc   Section        0  lorachip.o(i.RF_Receive)
    i.RF_Send                                0x080014f4   Section        0  lorachip.o(i.RF_Send)
    i.RNG_getRadonValue                      0x08001540   Section        0  rng.o(i.RNG_getRadonValue)
    i.RTC_IRQHandler                         0x08001590   Section        0  interrupt.o(i.RTC_IRQHandler)
    i.RegisterModify                         0x080015b4   Section        0  lorachip.o(i.RegisterModify)
    RegisterModify                           0x080015b5   Thumb Code    38  lorachip.o(i.RegisterModify)
    i.RegisterRead                           0x080015dc   Section        0  lorachip.o(i.RegisterRead)
    RegisterRead                             0x080015dd   Thumb Code    14  lorachip.o(i.RegisterRead)
    i.RegisterWrite                          0x080015f0   Section        0  lorachip.o(i.RegisterWrite)
    RegisterWrite                            0x080015f1   Thumb Code    18  lorachip.o(i.RegisterWrite)
    i.SPI_BlockRead                          0x08001608   Section        0  spi.o(i.SPI_BlockRead)
    i.SPI_BlockWrite                         0x0800166c   Section        0  spi.o(i.SPI_BlockWrite)
    i.SPI_Init                               0x080016cc   Section        0  spi.o(i.SPI_Init)
    i.SPI_RegisterRead                       0x08001818   Section        0  spi.o(i.SPI_RegisterRead)
    i.SPI_RegisterWrite                      0x0800185c   Section        0  spi.o(i.SPI_RegisterWrite)
    i.SPI_waitingBusy                        0x0800189c   Section        0  spi.o(i.SPI_waitingBusy)
    SPI_waitingBusy                          0x0800189d   Thumb Code    18  spi.o(i.SPI_waitingBusy)
    i.SPI_waitingRxReady                     0x080018b4   Section        0  spi.o(i.SPI_waitingRxReady)
    SPI_waitingRxReady                       0x080018b5   Thumb Code    18  spi.o(i.SPI_waitingRxReady)
    i.SPI_waitingTxEmpty                     0x080018cc   Section        0  spi.o(i.SPI_waitingTxEmpty)
    SPI_waitingTxEmpty                       0x080018cd   Thumb Code    18  spi.o(i.SPI_waitingTxEmpty)
    i.SysTick_Handler                        0x080018e4   Section        0  delay.o(i.SysTick_Handler)
    i.SystemInit                             0x080018f4   Section        0  system_stm32l0xx.o(i.SystemInit)
    i.__0printf$5                            0x0800195c   Section        0  printf5.o(i.__0printf$5)
    i.__ARM_common_switch8                   0x0800197c   Section        0  lora.o(i.__ARM_common_switch8)
    i.__scatterload_copy                     0x08001998   Section       14  handlers.o(i.__scatterload_copy)
    i.__scatterload_null                     0x080019a6   Section        2  handlers.o(i.__scatterload_null)
    i.__scatterload_zeroinit                 0x080019a8   Section       14  handlers.o(i.__scatterload_zeroinit)
    i._printf_core                           0x080019b8   Section        0  printf5.o(i._printf_core)
    _printf_core                             0x080019b9   Thumb Code   688  printf5.o(i._printf_core)
    i.add_round_key                          0x08001c94   Section        0  aes.o(i.add_round_key)
    add_round_key                            0x08001c95   Thumb Code    16  aes.o(i.add_round_key)
    i.aes_encrypt                            0x08001ca4   Section        0  aes.o(i.aes_encrypt)
    i.aes_set_key                            0x08001d00   Section        0  aes.o(i.aes_set_key)
    i.bufReverse                             0x08001e1c   Section        0  universal.o(i.bufReverse)
    i.changeALLfrequency                     0x08001e54   Section        0  clock.o(i.changeALLfrequency)
    changeALLfrequency                       0x08001e55   Thumb Code    18  clock.o(i.changeALLfrequency)
    i.clearInterruptFlag                     0x08001e70   Section        0  lorachip.o(i.clearInterruptFlag)
    i.copy_and_key                           0x08001e7e   Section        0  aes.o(i.copy_and_key)
    copy_and_key                             0x08001e7f   Thumb Code   132  aes.o(i.copy_and_key)
    i.copy_block                             0x08001f02   Section        0  aes.o(i.copy_block)
    copy_block                               0x08001f03   Thumb Code    66  aes.o(i.copy_block)
    i.copy_block_nn                          0x08001f44   Section        0  aes.o(i.copy_block_nn)
    copy_block_nn                            0x08001f45   Thumb Code    24  aes.o(i.copy_block_nn)
    i.dbPort_enable                          0x08001f5c   Section        0  usart.o(i.dbPort_enable)
    dbPort_enable                            0x08001f5d   Thumb Code   270  usart.o(i.dbPort_enable)
    i.fputc                                  0x0800207c   Section        0  usart.o(i.fputc)
    i.free                                   0x0800208c   Section        0  malloc.o(i.free)
    i.generateDevNonce                       0x080020e0   Section        0  lora.o(i.generateDevNonce)
    generateDevNonce                         0x080020e1   Thumb Code    24  lora.o(i.generateDevNonce)
    i.getInterruptFlag                       0x080020f8   Section        0  lorachip.o(i.getInterruptFlag)
    i.getSpeed_APB1                          0x08002104   Section        0  clock.o(i.getSpeed_APB1)
    i.lowpower_stopMode                      0x08002110   Section        0  lowpower.o(i.lowpower_stopMode)
    i.lowpower_stopMode_exitInterrupt        0x08002138   Section        0  lowpower.o(i.lowpower_stopMode_exitInterrupt)
    i.lowpower_stopMode_exitInterrupt_cancel 0x08002158   Section        0  lowpower.o(i.lowpower_stopMode_exitInterrupt_cancel)
    i.main                                   0x0800216c   Section        0  main.o(i.main)
    i.malloc                                 0x08002210   Section        0  malloc.o(i.malloc)
    i.memcpy1                                0x0800227c   Section        0  cmac.o(i.memcpy1)
    memcpy1                                  0x0800227d   Thumb Code    24  cmac.o(i.memcpy1)
    i.memcpy1                                0x08002294   Section        0  loramaccrypto.o(i.memcpy1)
    memcpy1                                  0x08002295   Thumb Code    24  loramaccrypto.o(i.memcpy1)
    i.memset1                                0x080022ac   Section        0  cmac.o(i.memset1)
    memset1                                  0x080022ad   Thumb Code    20  cmac.o(i.memset1)
    i.memset1                                0x080022c0   Section        0  loramaccrypto.o(i.memset1)
    memset1                                  0x080022c1   Thumb Code    20  loramaccrypto.o(i.memset1)
    i.mix_sub_columns                        0x080022d4   Section        0  aes.o(i.mix_sub_columns)
    mix_sub_columns                          0x080022d5   Thumb Code   630  aes.o(i.mix_sub_columns)
    i.packgeProcess_ConfirmedDataDown        0x08002558   Section        0  lora.o(i.packgeProcess_ConfirmedDataDown)
    packgeProcess_ConfirmedDataDown          0x08002559   Thumb Code   392  lora.o(i.packgeProcess_ConfirmedDataDown)
    i.packgeProcess_JoinAccept               0x0800270c   Section        0  lora.o(i.packgeProcess_JoinAccept)
    packgeProcess_JoinAccept                 0x0800270d   Thumb Code   320  lora.o(i.packgeProcess_JoinAccept)
    i.recvCallBack                           0x08002850   Section        0  main.o(i.recvCallBack)
    i.rtc_Init                               0x08002898   Section        0  rtc.o(i.rtc_Init)
    i.rtc_allow                              0x0800299c   Section        0  rtc.o(i.rtc_allow)
    i.rtc_chageRange                         0x080029dc   Section        0  rtc.o(i.rtc_chageRange)
    rtc_chageRange                           0x080029dd   Thumb Code    96  rtc.o(i.rtc_chageRange)
    i.rtc_disAllow                           0x08002a48   Section        0  rtc.o(i.rtc_disAllow)
    i.rtc_wakeup_interrupt_setting           0x08002a88   Section        0  rtc.o(i.rtc_wakeup_interrupt_setting)
    i.sendTrigger                            0x08002b6c   Section        0  lora.o(i.sendTrigger)
    sendTrigger                              0x08002b6d   Thumb Code   176  lora.o(i.sendTrigger)
    i.shift_sub_rows                         0x08002c20   Section        0  aes.o(i.shift_sub_rows)
    shift_sub_rows                           0x08002c21   Thumb Code   108  aes.o(i.shift_sub_rows)
    i.shutDown_TCXO                          0x08002c90   Section        0  lorachip.o(i.shutDown_TCXO)
    i.stopmode_enter                         0x08002cc8   Section        0  lowpower.o(i.stopmode_enter)
    stopmode_enter                           0x08002cc9   Thumb Code   124  lowpower.o(i.stopmode_enter)
    i.stopmode_enter_ISR                     0x08002d50   Section        0  lowpower.o(i.stopmode_enter_ISR)
    stopmode_enter_ISR                       0x08002d51   Thumb Code   136  lowpower.o(i.stopmode_enter_ISR)
    i.switch_2MHz                            0x08002de4   Section        0  clock.o(i.switch_2MHz)
    i.switch_32MHz                           0x08002e6c   Section        0  clock.o(i.switch_32MHz)
    i.turnOn_TCXO                            0x08002f80   Section        0  lorachip.o(i.turnOn_TCXO)
    i.uart_send                              0x08002fb8   Section        0  usart.o(i.uart_send)
    i.update_All_Clock                       0x08002fec   Section        0  clock.o(i.update_All_Clock)
    i.update_clock_DBPORT                    0x08002ff4   Section        0  usart.o(i.update_clock_DBPORT)
    i.xor_block                              0x08002ffc   Section        0  aes.o(i.xor_block)
    xor_block                                0x08002ffd   Thumb Code   130  aes.o(i.xor_block)
    .constdata                               0x0800307e   Section      768  aes.o(.constdata)
    sbox                                     0x0800307e   Data         256  aes.o(.constdata)
    gfm2_sbox                                0x0800317e   Data         256  aes.o(.constdata)
    gfm3_sbox                                0x0800327e   Data         256  aes.o(.constdata)
    .data                                    0x20000000   Section        8  clock.o(.data)
    .data                                    0x20000008   Section        4  delay.o(.data)
    .data                                    0x2000000c   Section        1  usart.o(.data)
    .data                                    0x2000000d   Section        2  rtc.o(.data)
    rtcRangeMode                             0x2000000d   Data           1  rtc.o(.data)
    isRTC_Init                               0x2000000e   Data           1  rtc.o(.data)
    .data                                    0x20000010   Section        4  lora.o(.data)
    callbackSessionPtr                       0x20000010   Data           4  lora.o(.data)
    .data                                    0x20000014   Section       32  loramaccrypto.o(.data)
    MicBlockB0                               0x20000014   Data          16  loramaccrypto.o(.data)
    aBlock                                   0x20000024   Data          16  loramaccrypto.o(.data)
    .data                                    0x20000034   Section        4  stdout.o(.data)
    .data                                    0x20000038   Section        4  mvars.o(.data)
    .data                                    0x2000003c   Section        4  mvars.o(.data)
    .bss                                     0x20000040   Section      132  main.o(.bss)
    loraSession                              0x20000040   Data         132  main.o(.bss)
    .bss                                     0x200000c4   Section      556  loramaccrypto.o(.bss)
    Mic                                      0x200000c4   Data          16  loramaccrypto.o(.bss)
    sBlock                                   0x200000d4   Data          16  loramaccrypto.o(.bss)
    AesContext                               0x200000e4   Data         241  loramaccrypto.o(.bss)
    AesCmacCtx                               0x200001d8   Data         280  loramaccrypto.o(.bss)
    HEAP                                     0x200002f0   Section      512  startup_stm32l072xx.o(HEAP)
    STACK                                    0x200004f0   Section     1024  startup_stm32l072xx.o(STACK)

    Global Symbols

    Symbol Name                              Value     Ov Type        Size  Object(Section)

    BuildAttributes$$THM_ISAv3M$S$PE$A:L22$X:L11$S22$IEEE1$IW$USESV6$~STKCKD$USESV7$~SHL$OTIME$ROPI$EBA8$MICROLIB$REQ8$PRES8$EABIv2 0x00000000   Number         0  anon$$obj.o ABSOLUTE
    __ARM_use_no_argv                        0x00000000   Number         0  main.o ABSOLUTE
    _printf_a                                0x00000000   Number         0  stubs.o ABSOLUTE
    _printf_c                                0x00000000   Number         0  stubs.o ABSOLUTE
    _printf_charcount                        0x00000000   Number         0  stubs.o ABSOLUTE
    _printf_d                                0x00000000   Number         0  stubs.o ABSOLUTE
    _printf_e                                0x00000000   Number         0  stubs.o ABSOLUTE
    _printf_f                                0x00000000   Number         0  stubs.o ABSOLUTE
    _printf_flags                            0x00000000   Number         0  stubs.o ABSOLUTE
    _printf_fp_dec                           0x00000000   Number         0  stubs.o ABSOLUTE
    _printf_fp_hex                           0x00000000   Number         0  stubs.o ABSOLUTE
    _printf_g                                0x00000000   Number         0  stubs.o ABSOLUTE
    _printf_i                                0x00000000   Number         0  stubs.o ABSOLUTE
    _printf_int_dec                          0x00000000   Number         0  stubs.o ABSOLUTE
    _printf_l                                0x00000000   Number         0  stubs.o ABSOLUTE
    _printf_lc                               0x00000000   Number         0  stubs.o ABSOLUTE
    _printf_ll                               0x00000000   Number         0  stubs.o ABSOLUTE
    _printf_lld                              0x00000000   Number         0  stubs.o ABSOLUTE
    _printf_lli                              0x00000000   Number         0  stubs.o ABSOLUTE
    _printf_llo                              0x00000000   Number         0  stubs.o ABSOLUTE
    _printf_llu                              0x00000000   Number         0  stubs.o ABSOLUTE
    _printf_llx                              0x00000000   Number         0  stubs.o ABSOLUTE
    _printf_longlong_dec                     0x00000000   Number         0  stubs.o ABSOLUTE
    _printf_longlong_hex                     0x00000000   Number         0  stubs.o ABSOLUTE
    _printf_longlong_oct                     0x00000000   Number         0  stubs.o ABSOLUTE
    _printf_ls                               0x00000000   Number         0  stubs.o ABSOLUTE
    _printf_mbtowc                           0x00000000   Number         0  stubs.o ABSOLUTE
    _printf_n                                0x00000000   Number         0  stubs.o ABSOLUTE
    _printf_o                                0x00000000   Number         0  stubs.o ABSOLUTE
    _printf_p                                0x00000000   Number         0  stubs.o ABSOLUTE
    _printf_percent                          0x00000000   Number         0  stubs.o ABSOLUTE
    _printf_pre_padding                      0x00000000   Number         0  stubs.o ABSOLUTE
    _printf_return_value                     0x00000000   Number         0  stubs.o ABSOLUTE
    _printf_s                                0x00000000   Number         0  stubs.o ABSOLUTE
    _printf_sizespec                         0x00000000   Number         0  stubs.o ABSOLUTE
    _printf_str                              0x00000000   Number         0  stubs.o ABSOLUTE
    _printf_truncate_signed                  0x00000000   Number         0  stubs.o ABSOLUTE
    _printf_truncate_unsigned                0x00000000   Number         0  stubs.o ABSOLUTE
    _printf_u                                0x00000000   Number         0  stubs.o ABSOLUTE
    _printf_wc                               0x00000000   Number         0  stubs.o ABSOLUTE
    _printf_wctomb                           0x00000000   Number         0  stubs.o ABSOLUTE
    _printf_widthprec                        0x00000000   Number         0  stubs.o ABSOLUTE
    _printf_x                                0x00000000   Number         0  stubs.o ABSOLUTE
    __cpp_initialize__aeabi_                  - Undefined Weak Reference
    __cxa_finalize                            - Undefined Weak Reference
    __decompress                              - Undefined Weak Reference
    _clock_init                               - Undefined Weak Reference
    _microlib_exit                            - Undefined Weak Reference
    __Vectors_Size                           0x000000c0   Number         0  startup_stm32l072xx.o ABSOLUTE
    __Vectors                                0x08000000   Data           4  startup_stm32l072xx.o(RESET)
    __Vectors_End                            0x080000c0   Data           0  startup_stm32l072xx.o(RESET)
    __main                                   0x080000c1   Thumb Code     0  entry.o(.ARM.Collect$$$$00000000)
    _main_stk                                0x080000c1   Thumb Code     0  entry2.o(.ARM.Collect$$$$00000001)
    _main_scatterload                        0x080000c5   Thumb Code     0  entry5.o(.ARM.Collect$$$$00000004)
    __main_after_scatterload                 0x080000c9   Thumb Code     0  entry5.o(.ARM.Collect$$$$00000004)
    _main_clock                              0x080000c9   Thumb Code     0  entry7b.o(.ARM.Collect$$$$00000008)
    _main_cpp_init                           0x080000c9   Thumb Code     0  entry8b.o(.ARM.Collect$$$$0000000A)
    _main_init                               0x080000c9   Thumb Code     0  entry9a.o(.ARM.Collect$$$$0000000B)
    __rt_final_cpp                           0x080000d1   Thumb Code     0  entry10a.o(.ARM.Collect$$$$0000000D)
    __rt_final_exit                          0x080000d1   Thumb Code     0  entry11a.o(.ARM.Collect$$$$0000000F)
    Reset_Handler                            0x080000d5   Thumb Code     8  startup_stm32l072xx.o(.text)
    NMI_Handler                              0x080000dd   Thumb Code     2  startup_stm32l072xx.o(.text)
    HardFault_Handler                        0x080000df   Thumb Code     2  startup_stm32l072xx.o(.text)
    SVC_Handler                              0x080000e1   Thumb Code     2  startup_stm32l072xx.o(.text)
    PendSV_Handler                           0x080000e3   Thumb Code     2  startup_stm32l072xx.o(.text)
    ADC1_COMP_IRQHandler                     0x080000e7   Thumb Code     0  startup_stm32l072xx.o(.text)
    DMA1_Channel1_IRQHandler                 0x080000e7   Thumb Code     0  startup_stm32l072xx.o(.text)
    DMA1_Channel2_3_IRQHandler               0x080000e7   Thumb Code     0  startup_stm32l072xx.o(.text)
    DMA1_Channel4_5_6_7_IRQHandler           0x080000e7   Thumb Code     0  startup_stm32l072xx.o(.text)
    EXTI2_3_IRQHandler                       0x080000e7   Thumb Code     0  startup_stm32l072xx.o(.text)
    FLASH_IRQHandler                         0x080000e7   Thumb Code     0  startup_stm32l072xx.o(.text)
    I2C1_IRQHandler                          0x080000e7   Thumb Code     0  startup_stm32l072xx.o(.text)
    I2C2_IRQHandler                          0x080000e7   Thumb Code     0  startup_stm32l072xx.o(.text)
    I2C3_IRQHandler                          0x080000e7   Thumb Code     0  startup_stm32l072xx.o(.text)
    LPTIM1_IRQHandler                        0x080000e7   Thumb Code     0  startup_stm32l072xx.o(.text)
    PVD_IRQHandler                           0x080000e7   Thumb Code     0  startup_stm32l072xx.o(.text)
    RNG_LPUART1_IRQHandler                   0x080000e7   Thumb Code     0  startup_stm32l072xx.o(.text)
    SPI1_IRQHandler                          0x080000e7   Thumb Code     0  startup_stm32l072xx.o(.text)
    SPI2_IRQHandler                          0x080000e7   Thumb Code     0  startup_stm32l072xx.o(.text)
    TIM21_IRQHandler                         0x080000e7   Thumb Code     0  startup_stm32l072xx.o(.text)
    TIM22_IRQHandler                         0x080000e7   Thumb Code     0  startup_stm32l072xx.o(.text)
    TIM2_IRQHandler                          0x080000e7   Thumb Code     0  startup_stm32l072xx.o(.text)
    TIM3_IRQHandler                          0x080000e7   Thumb Code     0  startup_stm32l072xx.o(.text)
    TIM6_DAC_IRQHandler                      0x080000e7   Thumb Code     0  startup_stm32l072xx.o(.text)
    TIM7_IRQHandler                          0x080000e7   Thumb Code     0  startup_stm32l072xx.o(.text)
    TSC_IRQHandler                           0x080000e7   Thumb Code     0  startup_stm32l072xx.o(.text)
    USART1_IRQHandler                        0x080000e7   Thumb Code     0  startup_stm32l072xx.o(.text)
    USART2_IRQHandler                        0x080000e7   Thumb Code     0  startup_stm32l072xx.o(.text)
    USART4_5_IRQHandler                      0x080000e7   Thumb Code     0  startup_stm32l072xx.o(.text)
    USB_IRQHandler                           0x080000e7   Thumb Code     0  startup_stm32l072xx.o(.text)
    WWDG_IRQHandler                          0x080000e7   Thumb Code     0  startup_stm32l072xx.o(.text)
    __aeabi_uidiv                            0x080000f1   Thumb Code     0  uidiv.o(.text)
    __aeabi_uidivmod                         0x080000f1   Thumb Code    44  uidiv.o(.text)
    __aeabi_idiv                             0x0800011d   Thumb Code     0  idiv.o(.text)
    __aeabi_idivmod                          0x0800011d   Thumb Code    40  idiv.o(.text)
    __aeabi_uldivmod                         0x08000145   Thumb Code    96  uldiv.o(.text)
    __aeabi_memcpy                           0x080001a5   Thumb Code    36  memcpya.o(.text)
    __aeabi_memcpy4                          0x080001a5   Thumb Code     0  memcpya.o(.text)
    __aeabi_memcpy8                          0x080001a5   Thumb Code     0  memcpya.o(.text)
    memcmp                                   0x080001c9   Thumb Code    26  memcmp.o(.text)
    __aeabi_fadd                             0x080001e3   Thumb Code   162  fadd.o(.text)
    __aeabi_fsub                             0x08000285   Thumb Code     8  fadd.o(.text)
    __aeabi_frsub                            0x0800028d   Thumb Code     8  fadd.o(.text)
    __aeabi_fmul                             0x08000295   Thumb Code   122  fmul.o(.text)
    __aeabi_fdiv                             0x0800030f   Thumb Code   124  fdiv.o(.text)
    __aeabi_ui2f                             0x0800038b   Thumb Code    14  ffltui.o(.text)
    __aeabi_f2uiz                            0x08000399   Thumb Code    40  ffixui.o(.text)
    __aeabi_f2d                              0x080003c1   Thumb Code    40  f2d.o(.text)
    __aeabi_cdrcmple                         0x080003e9   Thumb Code    38  cdrcmple.o(.text)
    __aeabi_cfrcmple                         0x08000411   Thumb Code    20  cfrcmple.o(.text)
    __aeabi_llsl                             0x08000425   Thumb Code    32  llshl.o(.text)
    _ll_shift_l                              0x08000425   Thumb Code     0  llshl.o(.text)
    __aeabi_llsr                             0x08000445   Thumb Code    34  llushr.o(.text)
    _ll_ushift_r                             0x08000445   Thumb Code     0  llushr.o(.text)
    __I$use$fp                               0x08000467   Thumb Code     0  iusefp.o(.text)
    _float_round                             0x08000467   Thumb Code    16  fepilogue.o(.text)
    _float_epilogue                          0x08000477   Thumb Code   114  fepilogue.o(.text)
    __scatterload                            0x080004e9   Thumb Code    28  init.o(.text)
    __scatterload_rt2                        0x080004e9   Thumb Code     0  init.o(.text)
    AES_CMAC_Final                           0x0800050d   Thumb Code   452  cmac.o(i.AES_CMAC_Final)
    AES_CMAC_Init                            0x080006d1   Thumb Code    34  cmac.o(i.AES_CMAC_Init)
    AES_CMAC_SetKey                          0x080006f3   Thumb Code    18  cmac.o(i.AES_CMAC_SetKey)
    AES_CMAC_Update                          0x08000705   Thumb Code   242  cmac.o(i.AES_CMAC_Update)
    EXTI0_1_IRQHandler                       0x080007f9   Thumb Code    26  interrupt.o(i.EXTI0_1_IRQHandler)
    EXTI4_15_IRQHandler                      0x08000819   Thumb Code    30  interrupt.o(i.EXTI4_15_IRQHandler)
    GPIO_Alternate_Function                  0x0800083d   Thumb Code    52  gpio.o(i.GPIO_Alternate_Function)
    GPIO_Pin_Clear                           0x08000875   Thumb Code     8  gpio.o(i.GPIO_Pin_Clear)
    GPIO_Pin_Mode                            0x0800087d   Thumb Code    32  gpio.o(i.GPIO_Pin_Mode)
    GPIO_Pin_Pull                            0x0800089d   Thumb Code    32  gpio.o(i.GPIO_Pin_Pull)
    GPIO_Pin_Set                             0x080008bd   Thumb Code     8  gpio.o(i.GPIO_Pin_Set)
    GPIO_Pin_Speed                           0x080008c5   Thumb Code    32  gpio.o(i.GPIO_Pin_Speed)
    IO_Interrupt_enable                      0x080008e5   Thumb Code   254  interrupt_1.o(i.IO_Interrupt_enable)
    LoRaChip_readReceiveBuf                  0x08000a09   Thumb Code    50  lorachip.o(i.LoRaChip_readReceiveBuf)
    LoRaMacComputeMic                        0x08000a41   Thumb Code   134  loramaccrypto.o(i.LoRaMacComputeMic)
    LoRaMacJoinComputeMic                    0x08000ad5   Thumb Code    44  loramaccrypto.o(i.LoRaMacJoinComputeMic)
    LoRaMacJoinComputeSKeys                  0x08000b05   Thumb Code   136  loramaccrypto.o(i.LoRaMacJoinComputeSKeys)
    LoRaMacJoinDecrypt                       0x08000b91   Thumb Code    60  loramaccrypto.o(i.LoRaMacJoinDecrypt)
    LoRaMacPayloadDecrypt                    0x08000bd1   Thumb Code    36  loramaccrypto.o(i.LoRaMacPayloadDecrypt)
    LoRaMacPayloadEncrypt                    0x08000bf5   Thumb Code   210  loramaccrypto.o(i.LoRaMacPayloadEncrypt)
    LoRa_HW_init                             0x08000cd5   Thumb Code    80  lorachip.o(i.LoRa_HW_init)
    LoRa_JoinNetwork                         0x08000eb9   Thumb Code   190  lora.o(i.LoRa_JoinNetwork)
    LoRa_RTC_Interrupt_Response              0x08000f91   Thumb Code    52  lora.o(i.LoRa_RTC_Interrupt_Response)
    LoRa_Rx_Done_Interrupt_Response          0x08000fd5   Thumb Code   128  lora.o(i.LoRa_Rx_Done_Interrupt_Response)
    LoRa_Rx_TimeOut_Interrupt_Response       0x08001061   Thumb Code    50  lora.o(i.LoRa_Rx_TimeOut_Interrupt_Response)
    LoRa_Set_Frequency                       0x080010a5   Thumb Code    72  lorachip.o(i.LoRa_Set_Frequency)
    LoRa_Set_SF                              0x080010f1   Thumb Code   106  lorachip.o(i.LoRa_Set_SF)
    LoRa_Set_TxPower                         0x08001175   Thumb Code    18  lorachip.o(i.LoRa_Set_TxPower)
    LoRa_Tx_Done_Interrupt_Response          0x08001189   Thumb Code    84  lora.o(i.LoRa_Tx_Done_Interrupt_Response)
    LoRa_init                                0x080011e9   Thumb Code    28  lora.o(i.LoRa_init)
    LoRa_init_Parameter                      0x08001205   Thumb Code    86  lora.o(i.LoRa_init_Parameter)
    LoRa_package_send                        0x08001289   Thumb Code   264  lora.o(i.LoRa_package_send)
    LoRa_sleep                               0x08001391   Thumb Code    18  lorachip.o(i.LoRa_sleep)
    RCC_CRS_IRQHandler                       0x08001495   Thumb Code    64  clock.o(i.RCC_CRS_IRQHandler)
    RF_Receive                               0x080014dd   Thumb Code    24  lorachip.o(i.RF_Receive)
    RF_Send                                  0x080014f5   Thumb Code    70  lorachip.o(i.RF_Send)
    RNG_getRadonValue                        0x08001541   Thumb Code    70  rng.o(i.RNG_getRadonValue)
    RTC_IRQHandler                           0x08001591   Thumb Code    32  interrupt.o(i.RTC_IRQHandler)
    SPI_BlockRead                            0x08001609   Thumb Code   100  spi.o(i.SPI_BlockRead)
    SPI_BlockWrite                           0x0800166d   Thumb Code    94  spi.o(i.SPI_BlockWrite)
    SPI_Init                                 0x080016cd   Thumb Code   326  spi.o(i.SPI_Init)
    SPI_RegisterRead                         0x08001819   Thumb Code    62  spi.o(i.SPI_RegisterRead)
    SPI_RegisterWrite                        0x0800185d   Thumb Code    64  spi.o(i.SPI_RegisterWrite)
    SysTick_Handler                          0x080018e5   Thumb Code    12  delay.o(i.SysTick_Handler)
    SystemInit                               0x080018f5   Thumb Code    88  system_stm32l0xx.o(i.SystemInit)
    __0printf$5                              0x0800195d   Thumb Code    24  printf5.o(i.__0printf$5)
    __1printf$5                              0x0800195d   Thumb Code     0  printf5.o(i.__0printf$5)
    __2printf                                0x0800195d   Thumb Code     0  printf5.o(i.__0printf$5)
    __ARM_common_switch8                     0x0800197d   Thumb Code    28  lora.o(i.__ARM_common_switch8)
    __scatterload_copy                       0x08001999   Thumb Code    14  handlers.o(i.__scatterload_copy)
    __scatterload_null                       0x080019a7   Thumb Code     2  handlers.o(i.__scatterload_null)
    __scatterload_zeroinit                   0x080019a9   Thumb Code    14  handlers.o(i.__scatterload_zeroinit)
    aes_encrypt                              0x08001ca5   Thumb Code    90  aes.o(i.aes_encrypt)
    aes_set_key                              0x08001d01   Thumb Code   280  aes.o(i.aes_set_key)
    bufReverse                               0x08001e1d   Thumb Code    56  universal.o(i.bufReverse)
    clearInterruptFlag                       0x08001e71   Thumb Code    14  lorachip.o(i.clearInterruptFlag)
    fputc                                    0x0800207d   Thumb Code    16  usart.o(i.fputc)
    free                                     0x0800208d   Thumb Code    80  malloc.o(i.free)
    getInterruptFlag                         0x080020f9   Thumb Code    10  lorachip.o(i.getInterruptFlag)
    getSpeed_APB1                            0x08002105   Thumb Code     6  clock.o(i.getSpeed_APB1)
    lowpower_stopMode                        0x08002111   Thumb Code    34  lowpower.o(i.lowpower_stopMode)
    lowpower_stopMode_exitInterrupt          0x08002139   Thumb Code    26  lowpower.o(i.lowpower_stopMode_exitInterrupt)
    lowpower_stopMode_exitInterrupt_cancel   0x08002159   Thumb Code    14  lowpower.o(i.lowpower_stopMode_exitInterrupt_cancel)
    main                                     0x0800216d   Thumb Code   142  main.o(i.main)
    malloc                                   0x08002211   Thumb Code    92  malloc.o(i.malloc)
    recvCallBack                             0x08002851   Thumb Code    36  main.o(i.recvCallBack)
    rtc_Init                                 0x08002899   Thumb Code   226  rtc.o(i.rtc_Init)
    rtc_allow                                0x0800299d   Thumb Code    52  rtc.o(i.rtc_allow)
    rtc_disAllow                             0x08002a49   Thumb Code    52  rtc.o(i.rtc_disAllow)
    rtc_wakeup_interrupt_setting             0x08002a89   Thumb Code   200  rtc.o(i.rtc_wakeup_interrupt_setting)
    shutDown_TCXO                            0x08002c91   Thumb Code    46  lorachip.o(i.shutDown_TCXO)
    switch_2MHz                              0x08002de5   Thumb Code   124  clock.o(i.switch_2MHz)
    switch_32MHz                             0x08002e6d   Thumb Code   262  clock.o(i.switch_32MHz)
    turnOn_TCXO                              0x08002f81   Thumb Code    46  lorachip.o(i.turnOn_TCXO)
    uart_send                                0x08002fb9   Thumb Code    44  usart.o(i.uart_send)
    update_All_Clock                         0x08002fed   Thumb Code     8  clock.o(i.update_All_Clock)
    update_clock_DBPORT                      0x08002ff5   Thumb Code     8  usart.o(i.update_clock_DBPORT)
    Region$$Table$$Base                      0x08003380   Number         0  anon$$obj.o(Region$$Table)
    Region$$Table$$Limit                     0x080033a0   Number         0  anon$$obj.o(Region$$Table)
    speed_APB1                               0x20000000   Data           4  clock.o(.data)
    speed_HCLK                               0x20000004   Data           4  clock.o(.data)
    SysTick_delay_count                      0x20000008   Data           4  delay.o(.data)
    dbPortInit                               0x2000000c   Data           1  usart.o(.data)
    __stdout                                 0x20000034   Data           4  stdout.o(.data)
    __microlib_freelist                      0x20000038   Data           4  mvars.o(.data)
    __microlib_freelist_initialised          0x2000003c   Data           4  mvars.o(.data)
    __heap_base                              0x200002f0   Data           0  startup_stm32l072xx.o(HEAP)
    __heap_limit                             0x200004f0   Data           0  startup_stm32l072xx.o(HEAP)
    __initial_sp                             0x200008f0   Data           0  startup_stm32l072xx.o(STACK)



==============================================================================

Memory Map of the image

  Image Entry point : 0x080000c1

  Load Region LR_IROM1 (Base: 0x08000000, Size: 0x000033e0, Max: 0x00030000, ABSOLUTE)

    Execution Region ER_IROM1 (Exec base: 0x08000000, Load base: 0x08000000, Size: 0x000033a0, Max: 0x00030000, ABSOLUTE)

    Exec Addr    Load Addr    Size         Type   Attr      Idx    E Section Name        Object

    0x08000000   0x08000000   0x000000c0   Data   RO          148    RESET               startup_stm32l072xx.o
    0x080000c0   0x080000c0   0x00000000   Code   RO         1187  * .ARM.Collect$$$$00000000  mc_p.l(entry.o)
    0x080000c0   0x080000c0   0x00000004   Code   RO         1507    .ARM.Collect$$$$00000001  mc_p.l(entry2.o)
    0x080000c4   0x080000c4   0x00000004   Code   RO         1510    .ARM.Collect$$$$00000004  mc_p.l(entry5.o)
    0x080000c8   0x080000c8   0x00000000   Code   RO         1512    .ARM.Collect$$$$00000008  mc_p.l(entry7b.o)
    0x080000c8   0x080000c8   0x00000000   Code   RO         1514    .ARM.Collect$$$$0000000A  mc_p.l(entry8b.o)
    0x080000c8   0x080000c8   0x00000008   Code   RO         1515    .ARM.Collect$$$$0000000B  mc_p.l(entry9a.o)
    0x080000d0   0x080000d0   0x00000000   Code   RO         1517    .ARM.Collect$$$$0000000D  mc_p.l(entry10a.o)
    0x080000d0   0x080000d0   0x00000000   Code   RO         1519    .ARM.Collect$$$$0000000F  mc_p.l(entry11a.o)
    0x080000d0   0x080000d0   0x00000004   Code   RO         1508    .ARM.Collect$$$$00002712  mc_p.l(entry2.o)
    0x080000d4   0x080000d4   0x0000001c   Code   RO          149    .text               startup_stm32l072xx.o
    0x080000f0   0x080000f0   0x0000002c   Code   RO         1190    .text               mc_p.l(uidiv.o)
    0x0800011c   0x0800011c   0x00000028   Code   RO         1192    .text               mc_p.l(idiv.o)
    0x08000144   0x08000144   0x00000060   Code   RO         1194    .text               mc_p.l(uldiv.o)
    0x080001a4   0x080001a4   0x00000024   Code   RO         1196    .text               mc_p.l(memcpya.o)
    0x080001c8   0x080001c8   0x0000001a   Code   RO         1198    .text               mc_p.l(memcmp.o)
    0x080001e2   0x080001e2   0x000000b2   Code   RO         1491    .text               mf_p.l(fadd.o)
    0x08000294   0x08000294   0x0000007a   Code   RO         1493    .text               mf_p.l(fmul.o)
    0x0800030e   0x0800030e   0x0000007c   Code   RO         1495    .text               mf_p.l(fdiv.o)
    0x0800038a   0x0800038a   0x0000000e   Code   RO         1497    .text               mf_p.l(ffltui.o)
    0x08000398   0x08000398   0x00000028   Code   RO         1499    .text               mf_p.l(ffixui.o)
    0x080003c0   0x080003c0   0x00000028   Code   RO         1501    .text               mf_p.l(f2d.o)
    0x080003e8   0x080003e8   0x00000028   Code   RO         1503    .text               mf_p.l(cdrcmple.o)
    0x08000410   0x08000410   0x00000014   Code   RO         1505    .text               mf_p.l(cfrcmple.o)
    0x08000424   0x08000424   0x00000020   Code   RO         1522    .text               mc_p.l(llshl.o)
    0x08000444   0x08000444   0x00000022   Code   RO         1524    .text               mc_p.l(llushr.o)
    0x08000466   0x08000466   0x00000000   Code   RO         1528    .text               mc_p.l(iusefp.o)
    0x08000466   0x08000466   0x00000082   Code   RO         1529    .text               mf_p.l(fepilogue.o)
    0x080004e8   0x080004e8   0x00000024   Code   RO         1539    .text               mc_p.l(init.o)
    0x0800050c   0x0800050c   0x000001c4   Code   RO          917    i.AES_CMAC_Final    cmac.o
    0x080006d0   0x080006d0   0x00000022   Code   RO          918    i.AES_CMAC_Init     cmac.o
    0x080006f2   0x080006f2   0x00000012   Code   RO          919    i.AES_CMAC_SetKey   cmac.o
    0x08000704   0x08000704   0x000000f2   Code   RO          920    i.AES_CMAC_Update   cmac.o
    0x080007f6   0x080007f6   0x00000002   PAD
    0x080007f8   0x080007f8   0x00000020   Code   RO          107    i.EXTI0_1_IRQHandler  interrupt.o
    0x08000818   0x08000818   0x00000024   Code   RO          108    i.EXTI4_15_IRQHandler  interrupt.o
    0x0800083c   0x0800083c   0x00000038   Code   RO          364    i.GPIO_Alternate_Function  gpio.o
    0x08000874   0x08000874   0x00000008   Code   RO          365    i.GPIO_Pin_Clear    gpio.o
    0x0800087c   0x0800087c   0x00000020   Code   RO          366    i.GPIO_Pin_Mode     gpio.o
    0x0800089c   0x0800089c   0x00000020   Code   RO          368    i.GPIO_Pin_Pull     gpio.o
    0x080008bc   0x080008bc   0x00000008   Code   RO          369    i.GPIO_Pin_Set      gpio.o
    0x080008c4   0x080008c4   0x00000020   Code   RO          370    i.GPIO_Pin_Speed    gpio.o
    0x080008e4   0x080008e4   0x00000124   Code   RO          711    i.IO_Interrupt_enable  interrupt_1.o
    0x08000a08   0x08000a08   0x00000038   Code   RO         1020    i.LoRaChip_readReceiveBuf  lorachip.o
    0x08000a40   0x08000a40   0x00000094   Code   RO          960    i.LoRaMacComputeMic  loramaccrypto.o
    0x08000ad4   0x08000ad4   0x00000030   Code   RO          961    i.LoRaMacJoinComputeMic  loramaccrypto.o
    0x08000b04   0x08000b04   0x0000008c   Code   RO          962    i.LoRaMacJoinComputeSKeys  loramaccrypto.o
    0x08000b90   0x08000b90   0x00000040   Code   RO          963    i.LoRaMacJoinDecrypt  loramaccrypto.o
    0x08000bd0   0x08000bd0   0x00000024   Code   RO          964    i.LoRaMacPayloadDecrypt  loramaccrypto.o
    0x08000bf4   0x08000bf4   0x000000e0   Code   RO          965    i.LoRaMacPayloadEncrypt  loramaccrypto.o
    0x08000cd4   0x08000cd4   0x00000050   Code   RO         1021    i.LoRa_HW_init      lorachip.o
    0x08000d24   0x08000d24   0x00000144   Code   RO         1022    i.LoRa_Init_GPIO    lorachip.o
    0x08000e68   0x08000e68   0x00000050   Code   RO         1024    i.LoRa_Init_SPI     lorachip.o
    0x08000eb8   0x08000eb8   0x000000d8   Code   RO          736    i.LoRa_JoinNetwork  lora.o
    0x08000f90   0x08000f90   0x00000044   Code   RO          737    i.LoRa_RTC_Interrupt_Response  lora.o
    0x08000fd4   0x08000fd4   0x0000008c   Code   RO          738    i.LoRa_Rx_Done_Interrupt_Response  lora.o
    0x08001060   0x08001060   0x00000044   Code   RO          739    i.LoRa_Rx_TimeOut_Interrupt_Response  lora.o
    0x080010a4   0x080010a4   0x0000004c   Code   RO         1026    i.LoRa_Set_Frequency  lorachip.o
    0x080010f0   0x080010f0   0x00000084   Code   RO         1027    i.LoRa_Set_SF       lorachip.o
    0x08001174   0x08001174   0x00000012   Code   RO         1028    i.LoRa_Set_TxPower  lorachip.o
    0x08001186   0x08001186   0x00000002   PAD
    0x08001188   0x08001188   0x00000060   Code   RO          740    i.LoRa_Tx_Done_Interrupt_Response  lora.o
    0x080011e8   0x080011e8   0x0000001c   Code   RO          741    i.LoRa_init         lora.o
    0x08001204   0x08001204   0x00000084   Code   RO          742    i.LoRa_init_Parameter  lora.o
    0x08001288   0x08001288   0x00000108   Code   RO          743    i.LoRa_package_send  lora.o
    0x08001390   0x08001390   0x00000012   Code   RO         1030    i.LoRa_sleep        lorachip.o
    0x080013a2   0x080013a2   0x00000002   PAD
    0x080013a4   0x080013a4   0x00000078   Code   RO          635    i.NVIC_SetPriority  rtc.o
    0x0800141c   0x0800141c   0x00000078   Code   RO          712    i.NVIC_SetPriority  interrupt_1.o
    0x08001494   0x08001494   0x00000048   Code   RO          205    i.RCC_CRS_IRQHandler  clock.o
    0x080014dc   0x080014dc   0x00000018   Code   RO         1033    i.RF_Receive        lorachip.o
    0x080014f4   0x080014f4   0x0000004c   Code   RO         1034    i.RF_Send           lorachip.o
    0x08001540   0x08001540   0x00000050   Code   RO          691    i.RNG_getRadonValue  rng.o
    0x08001590   0x08001590   0x00000024   Code   RO          109    i.RTC_IRQHandler    interrupt.o
    0x080015b4   0x080015b4   0x00000026   Code   RO         1035    i.RegisterModify    lorachip.o
    0x080015da   0x080015da   0x00000002   PAD
    0x080015dc   0x080015dc   0x00000014   Code   RO         1036    i.RegisterRead      lorachip.o
    0x080015f0   0x080015f0   0x00000018   Code   RO         1037    i.RegisterWrite     lorachip.o
    0x08001608   0x08001608   0x00000064   Code   RO          432    i.SPI_BlockRead     spi.o
    0x0800166c   0x0800166c   0x0000005e   Code   RO          433    i.SPI_BlockWrite    spi.o
    0x080016ca   0x080016ca   0x00000002   PAD
    0x080016cc   0x080016cc   0x0000014c   Code   RO          434    i.SPI_Init          spi.o
    0x08001818   0x08001818   0x00000044   Code   RO          435    i.SPI_RegisterRead  spi.o
    0x0800185c   0x0800185c   0x00000040   Code   RO          436    i.SPI_RegisterWrite  spi.o
    0x0800189c   0x0800189c   0x00000018   Code   RO          437    i.SPI_waitingBusy   spi.o
    0x080018b4   0x080018b4   0x00000018   Code   RO          438    i.SPI_waitingRxReady  spi.o
    0x080018cc   0x080018cc   0x00000018   Code   RO          439    i.SPI_waitingTxEmpty  spi.o
    0x080018e4   0x080018e4   0x00000010   Code   RO          328    i.SysTick_Handler   delay.o
    0x080018f4   0x080018f4   0x00000068   Code   RO          156    i.SystemInit        system_stm32l0xx.o
    0x0800195c   0x0800195c   0x00000020   Code   RO         1335    i.__0printf$5       mc_p.l(printf5.o)
    0x0800197c   0x0800197c   0x0000001c   Code   RO          821    i.__ARM_common_switch8  lora.o
    0x08001998   0x08001998   0x0000000e   Code   RO         1549    i.__scatterload_copy  mc_p.l(handlers.o)
    0x080019a6   0x080019a6   0x00000002   Code   RO         1550    i.__scatterload_null  mc_p.l(handlers.o)
    0x080019a8   0x080019a8   0x0000000e   Code   RO         1551    i.__scatterload_zeroinit  mc_p.l(handlers.o)
    0x080019b6   0x080019b6   0x00000002   PAD
    0x080019b8   0x080019b8   0x000002dc   Code   RO         1342    i._printf_core      mc_p.l(printf5.o)
    0x08001c94   0x08001c94   0x00000010   Code   RO          850    i.add_round_key     aes.o
    0x08001ca4   0x08001ca4   0x0000005a   Code   RO          852    i.aes_encrypt       aes.o
    0x08001cfe   0x08001cfe   0x00000002   PAD
    0x08001d00   0x08001d00   0x0000011c   Code   RO          853    i.aes_set_key       aes.o
    0x08001e1c   0x08001e1c   0x00000038   Code   RO         1166    i.bufReverse        universal.o
    0x08001e54   0x08001e54   0x0000001c   Code   RO          206    i.changeALLfrequency  clock.o
    0x08001e70   0x08001e70   0x0000000e   Code   RO         1038    i.clearInterruptFlag  lorachip.o
    0x08001e7e   0x08001e7e   0x00000084   Code   RO          854    i.copy_and_key      aes.o
    0x08001f02   0x08001f02   0x00000042   Code   RO          855    i.copy_block        aes.o
    0x08001f44   0x08001f44   0x00000018   Code   RO          856    i.copy_block_nn     aes.o
    0x08001f5c   0x08001f5c   0x00000120   Code   RO          495    i.dbPort_enable     usart.o
    0x0800207c   0x0800207c   0x00000010   Code   RO          496    i.fputc             usart.o
    0x0800208c   0x0800208c   0x00000054   Code   RO         1463    i.free              mc_p.l(malloc.o)
    0x080020e0   0x080020e0   0x00000018   Code   RO          744    i.generateDevNonce  lora.o
    0x080020f8   0x080020f8   0x0000000a   Code   RO         1039    i.getInterruptFlag  lorachip.o
    0x08002102   0x08002102   0x00000002   PAD
    0x08002104   0x08002104   0x0000000c   Code   RO          277    i.getSpeed_APB1     clock.o
    0x08002110   0x08002110   0x00000028   Code   RO          550    i.lowpower_stopMode  lowpower.o
    0x08002138   0x08002138   0x00000020   Code   RO          551    i.lowpower_stopMode_exitInterrupt  lowpower.o
    0x08002158   0x08002158   0x00000014   Code   RO          552    i.lowpower_stopMode_exitInterrupt_cancel  lowpower.o
    0x0800216c   0x0800216c   0x000000a4   Code   RO            3    i.main              main.o
    0x08002210   0x08002210   0x0000006c   Code   RO         1464    i.malloc            mc_p.l(malloc.o)
    0x0800227c   0x0800227c   0x00000018   Code   RO          921    i.memcpy1           cmac.o
    0x08002294   0x08002294   0x00000018   Code   RO          966    i.memcpy1           loramaccrypto.o
    0x080022ac   0x080022ac   0x00000014   Code   RO          922    i.memset1           cmac.o
    0x080022c0   0x080022c0   0x00000014   Code   RO          967    i.memset1           loramaccrypto.o
    0x080022d4   0x080022d4   0x00000284   Code   RO          857    i.mix_sub_columns   aes.o
    0x08002558   0x08002558   0x000001b4   Code   RO          745    i.packgeProcess_ConfirmedDataDown  lora.o
    0x0800270c   0x0800270c   0x00000144   Code   RO          746    i.packgeProcess_JoinAccept  lora.o
    0x08002850   0x08002850   0x00000048   Code   RO            4    i.recvCallBack      main.o
    0x08002898   0x08002898   0x00000104   Code   RO          637    i.rtc_Init          rtc.o
    0x0800299c   0x0800299c   0x00000040   Code   RO          638    i.rtc_allow         rtc.o
    0x080029dc   0x080029dc   0x0000006c   Code   RO          639    i.rtc_chageRange    rtc.o
    0x08002a48   0x08002a48   0x00000040   Code   RO          640    i.rtc_disAllow      rtc.o
    0x08002a88   0x08002a88   0x000000e4   Code   RO          641    i.rtc_wakeup_interrupt_setting  rtc.o
    0x08002b6c   0x08002b6c   0x000000b4   Code   RO          747    i.sendTrigger       lora.o
    0x08002c20   0x08002c20   0x00000070   Code   RO          858    i.shift_sub_rows    aes.o
    0x08002c90   0x08002c90   0x00000038   Code   RO         1040    i.shutDown_TCXO     lorachip.o
    0x08002cc8   0x08002cc8   0x00000088   Code   RO          556    i.stopmode_enter    lowpower.o
    0x08002d50   0x08002d50   0x00000094   Code   RO          557    i.stopmode_enter_ISR  lowpower.o
    0x08002de4   0x08002de4   0x00000088   Code   RO          210    i.switch_2MHz       clock.o
    0x08002e6c   0x08002e6c   0x00000114   Code   RO          211    i.switch_32MHz      clock.o
    0x08002f80   0x08002f80   0x00000038   Code   RO         1041    i.turnOn_TCXO       lorachip.o
    0x08002fb8   0x08002fb8   0x00000034   Code   RO          497    i.uart_send         usart.o
    0x08002fec   0x08002fec   0x00000008   Code   RO          212    i.update_All_Clock  clock.o
    0x08002ff4   0x08002ff4   0x00000008   Code   RO          498    i.update_clock_DBPORT  usart.o
    0x08002ffc   0x08002ffc   0x00000082   Code   RO          859    i.xor_block         aes.o
    0x0800307e   0x0800307e   0x00000300   Data   RO          860    .constdata          aes.o
    0x0800337e   0x0800337e   0x00000002   PAD
    0x08003380   0x08003380   0x00000020   Data   RO         1547    Region$$Table       anon$$obj.o


    Execution Region RW_IRAM1 (Exec base: 0x20000000, Load base: 0x080033a0, Size: 0x000008f0, Max: 0x00005000, ABSOLUTE)

    Exec Addr    Load Addr    Size         Type   Attr      Idx    E Section Name        Object

    0x20000000   0x080033a0   0x00000008   Data   RW          214    .data               clock.o
    0x20000008   0x080033a8   0x00000004   Data   RW          330    .data               delay.o
    0x2000000c   0x080033ac   0x00000001   Data   RW          499    .data               usart.o
    0x2000000d   0x080033ad   0x00000002   Data   RW          642    .data               rtc.o
    0x2000000f   0x080033af   0x00000001   PAD
    0x20000010   0x080033b0   0x00000004   Data   RW          749    .data               lora.o
    0x20000014   0x080033b4   0x00000020   Data   RW          969    .data               loramaccrypto.o
    0x20000034   0x080033d4   0x00000004   Data   RW         1521    .data               mc_p.l(stdout.o)
    0x20000038   0x080033d8   0x00000004   Data   RW         1526    .data               mc_p.l(mvars.o)
    0x2000003c   0x080033dc   0x00000004   Data   RW         1527    .data               mc_p.l(mvars.o)
    0x20000040        -       0x00000084   Zero   RW            5    .bss                main.o
    0x200000c4        -       0x0000022c   Zero   RW          968    .bss                loramaccrypto.o
    0x200002f0        -       0x00000200   Zero   RW          147    HEAP                startup_stm32l072xx.o
    0x200004f0        -       0x00000400   Zero   RW          146    STACK               startup_stm32l072xx.o


==============================================================================

Image component sizes


      Code (inc. data)   RO Data    RW Data    ZI Data      Debug   Object Name

      1498         22        768          0          0      13944   aes.o
       532         50          0          8          0      12337   clock.o
       790          0          0          0          0       4873   cmac.o
        16          4          0          4          0        632   delay.o
       168          4          0          0          0       3403   gpio.o
       104         16          0          0          0       1320   interrupt.o
       412         48          0          0          0       1558   interrupt_1.o
      2004        192          0          4          0      11992   lora.o
      1102         96          0          0          0       9305   lorachip.o
       704         40          0         32        556       6487   loramaccrypto.o
       376         42          0          0          0      10331   lowpower.o
       236         58          0          0        132     261746   main.o
        80         10          0          0          0        464   rng.o
       844        108          0          2          0       3473   rtc.o
       730         30          0          0          0       5023   spi.o
        28          8        192          0       1536        596   startup_stm32l072xx.o
       104         16          0          0          0        433   system_stm32l0xx.o
        56          0          0          0          0       1005   universal.o
       364         26          0          1          0       2227   usart.o

    ----------------------------------------------------------------------
     10162        770        994         52       2224     351149   Object Totals
         0          0         32          0          0          0   (incl. Generated)
        14          0          2          1          0          0   (incl. Padding)

    ----------------------------------------------------------------------

      Code (inc. data)   RO Data    RW Data    ZI Data      Debug   Library Member Name

         0          0          0          0          0          0   entry.o
         0          0          0          0          0          0   entry10a.o
         0          0          0          0          0          0   entry11a.o
         8          4          0          0          0          0   entry2.o
         4          0          0          0          0          0   entry5.o
         0          0          0          0          0          0   entry7b.o
         0          0          0          0          0          0   entry8b.o
         8          4          0          0          0          0   entry9a.o
        30          0          0          0          0          0   handlers.o
        40          0          0          0          0         72   idiv.o
        36          8          0          0          0         68   init.o
         0          0          0          0          0          0   iusefp.o
        32          0          0          0          0         68   llshl.o
        34          0          0          0          0         68   llushr.o
       192         20          0          0          0        144   malloc.o
        26          0          0          0          0         72   memcmp.o
        36          0          0          0          0         60   memcpya.o
         0          0          0          8          0          0   mvars.o
       764         52          0          0          0        168   printf5.o
         0          0          0          4          0          0   stdout.o
        44          0          0          0          0         72   uidiv.o
        96          0          0          0          0         84   uldiv.o
        40          2          0          0          0         68   cdrcmple.o
        20          0          0          0          0         68   cfrcmple.o
        40          0          0          0          0         60   f2d.o
       178          0          0          0          0        108   fadd.o
       124          0          0          0          0         72   fdiv.o
       130          0          0          0          0        144   fepilogue.o
        40          0          0          0          0         60   ffixui.o
        14          0          0          0          0         68   ffltui.o
       122          0          0          0          0         72   fmul.o

    ----------------------------------------------------------------------
      2060         90          0         12          0       1596   Library Totals
         2          0          0          0          0          0   (incl. Padding)

    ----------------------------------------------------------------------

      Code (inc. data)   RO Data    RW Data    ZI Data      Debug   Library Name

      1350         88          0         12          0        876   mc_p.l
       708          2          0          0          0        720   mf_p.l

    ----------------------------------------------------------------------
      2060         90          0         12          0       1596   Library Totals

    ----------------------------------------------------------------------

==============================================================================


      Code (inc. data)   RO Data    RW Data    ZI Data      Debug   

     12222        860        994         64       2224     347865   Grand Totals
     12222        860        994         64       2224     347865   ELF Image Totals
     12222        860        994         64          0          0   ROM Totals

==============================================================================

    Total RO  Size (Code + RO Data)                13216 (  12.91kB)
    Total RW  Size (RW Data + ZI Data)              2288 (   2.23kB)
    Total ROM Size (Code + RO Data + RW Data)      13280 (  12.97kB)

==============================================================================

