Component: ARM Compiler 5.06 update 5 (build 528) Tool: armlink [4d35e2]

==============================================================================

Section Cross References

    main.o(i.i2c_recvCallBack) refers to printf5.o(i.__0printf$5) for __2printf
    main.o(i.init_lora) refers to lora.o(i.LoRa_init) for LoRa_init
    main.o(i.init_lora) refers to main.o(.bss) for loraSession
    main.o(i.init_lora) refers to main.o(i.recvCallBack) for recvCallBack
    main.o(i.init_lora) refers to main.o(i.timeoutCallback) for timeoutCallback
    main.o(i.init_lora) refers to main.o(i.joinNetworktCallback) for joinNetworktCallback
    main.o(i.joinNetworktCallback) refers to printf5.o(i.__0printf$5) for __2printf
    main.o(i.joinNetworktCallback) refers to interrupt_1.o(i.Interrupt_soft_EXTI_trigger) for Interrupt_soft_EXTI_trigger
    main.o(i.joinNetworktCallback) refers to main.o(.data) for StateMachine_state
    main.o(i.main) refers to main.o(i.test11) for test11
    main.o(i.main_stateMachine) refers to lora.o(i.LoRa_JoinNetwork) for LoRa_JoinNetwork
    main.o(i.main_stateMachine) refers to ms552.o(i.ms552_stateMachine) for ms552_stateMachine
    main.o(i.main_stateMachine) refers to lora.o(i.LoRa_package_send_simple) for LoRa_package_send_simple
    main.o(i.main_stateMachine) refers to main.o(.data) for StateMachine_state
    main.o(i.recvCallBack) refers to printf5.o(i.__0printf$5) for __2printf
    main.o(i.recvCallBack) refers to main.o(.bss) for loraSession
    main.o(i.system_init) refers to clock.o(i.switch_32MHz) for switch_32MHz
    main.o(i.system_init) refers to main.o(i.init_lora) for init_lora
    main.o(i.system_init) refers to interrupt_1.o(i.Interrupt_soft_EXTI_init) for Interrupt_soft_EXTI_init
    main.o(i.system_init) refers to lowpower.o(i.lowpower_change_to_stopMode) for lowpower_change_to_stopMode
    main.o(i.test1) refers to clock.o(i.switch_32MHz) for switch_32MHz
    main.o(i.test1) refers to delay.o(i.delay) for delay
    main.o(i.test1) refers to printf5.o(i.__0printf$5) for __2printf
    main.o(i.test1) refers to lowpower.o(i.lowpower_stopMode) for lowpower_stopMode
    main.o(i.test10) refers to clock.o(i.switch_32MHz) for switch_32MHz
    main.o(i.test10) refers to lowpower.o(i.lowpower_change_to_stopMode) for lowpower_change_to_stopMode
    main.o(i.test10) refers to lowpower.o(i.lowpower_set_always_stop) for lowpower_set_always_stop
    main.o(i.test11) refers to clock.o(i.switch_32MHz) for switch_32MHz
    main.o(i.test11) refers to lowpower.o(i.lowpower_change_to_stopMode) for lowpower_change_to_stopMode
    main.o(i.test11) refers to lowpower.o(i.lowpower_set_always_stop) for lowpower_set_always_stop
    main.o(i.test11) refers to ms552.o(i.ms552_init) for ms552_init
    main.o(i.test11) refers to ms552.o(i.ms552_sample) for ms552_sample
    main.o(i.test2) refers to clock.o(i.switch_32MHz) for switch_32MHz
    main.o(i.test2) refers to main.o(i.init_lora) for init_lora
    main.o(i.test2) refers to lora.o(i.LoRa_JoinNetwork) for LoRa_JoinNetwork
    main.o(i.test2) refers to delay.o(i.delay) for delay
    main.o(i.test2) refers to lora.o(i.LoRa_package_send_simple) for LoRa_package_send_simple
    main.o(i.test2) refers to printf5.o(i.__0printf$5) for __2printf
    main.o(i.test2) refers to main.o(.bss) for loraSession
    main.o(i.test4) refers to clock.o(i.switch_32MHz) for switch_32MHz
    main.o(i.test4) refers to i2c.o(i.i2c1_init) for i2c1_init
    main.o(i.test4) refers to i2c.o(i.i2c1_transmit_single_byte) for i2c1_transmit_single_byte
    main.o(i.test4) refers to delay.o(i.delay) for delay
    main.o(i.test4) refers to i2c.o(i.i2c1_receive) for i2c1_receive
    main.o(i.test4) refers to main.o(i.i2c_recvCallBack) for i2c_recvCallBack
    main.o(i.test5) refers to main.o(i.system_init) for system_init
    main.o(i.test6) refers to clock.o(i.switch_32MHz) for switch_32MHz
    main.o(i.test6) refers to rtc.o(i.rtc_allow) for rtc_allow
    main.o(i.test6) refers to lowpower.o(i.lowpower_change_to_stopMode) for lowpower_change_to_stopMode
    main.o(i.test6) refers to rtc.o(i.rtc_wakeup_interrupt_setting) for rtc_wakeup_interrupt_setting
    main.o(i.test7) refers to clock.o(i.switch_32MHz) for switch_32MHz
    main.o(i.test7) refers to lowpower.o(i.lowpower_set_always_stop) for lowpower_set_always_stop
    main.o(i.test7) refers to timer.o(i.timer_lptimer_setNum_trige) for timer_lptimer_setNum_trige
    main.o(i.test7) refers to lowpower.o(i.lowpower_change_to_stopMode) for lowpower_change_to_stopMode
    main.o(i.test8) refers to clock.o(i.switch_32MHz) for switch_32MHz
    main.o(i.test8) refers to main.o(i.init_lora) for init_lora
    main.o(i.test8) refers to lora.o(i.LoRa_JoinNetwork) for LoRa_JoinNetwork
    main.o(i.test8) refers to delay.o(i.delay) for delay
    main.o(i.test8) refers to lora.o(i.LoRa_package_send_simple) for LoRa_package_send_simple
    main.o(i.test8) refers to printf5.o(i.__0printf$5) for __2printf
[...]
    printf5.o(i.__0printf$5) refers to stdout.o(.data) for __stdout
    printf5.o(i.__0snprintf$5) refers to printf5.o(i._printf_core) for _printf_core
    printf5.o(i.__0snprintf$5) refers to printf5.o(i._snputc) for _snputc
    printf5.o(i.__0sprintf$5) refers to printf5.o(i._printf_core) for _printf_core
    printf5.o(i.__0sprintf$5) refers to printf5.o(i._sputc) for _sputc
    printf5.o(i.__0vfprintf$5) refers to printf5.o(i._printf_core) for _printf_core
    printf5.o(i.__0vfprintf$5) refers to usart.o(i.fputc) for fputc
    printf5.o(i.__0vprintf$5) refers to printf5.o(i._printf_core) for _printf_core
    printf5.o(i.__0vprintf$5) refers to usart.o(i.fputc) for fputc
    printf5.o(i.__0vprintf$5) refers to stdout.o(.data) for __stdout
    printf5.o(i.__0vsnprintf$5) refers to printf5.o(i._printf_core) for _printf_core
    printf5.o(i.__0vsnprintf$5) refers to printf5.o(i._snputc) for _snputc
    printf5.o(i.__0vsprintf$5) refers to printf5.o(i._printf_core) for _printf_core
    printf5.o(i.__0vsprintf$5) refers to printf5.o(i._sputc) for _sputc
    printf5.o(i._printf_core) refers to uldiv.o(.text) for __aeabi_uldivmod
    printf6.o(i.__0fprintf$6) refers to printf6.o(i._printf_core) for _printf_core
    printf6.o(i.__0fprintf$6) refers to usart.o(i.fputc) for fputc
    printf6.o(i.__0printf$6) refers to printf6.o(i._printf_core) for _printf_core
    printf6.o(i.__0printf$6) refers to usart.o(i.fputc) for fputc
    printf6.o(i.__0printf$6) refers to stdout.o(.data) for __stdout
    printf6.o(i.__0snprintf$6) refers to printf6.o(i._printf_core) for _printf_core
    printf6.o(i.__0snprintf$6) refers to printf6.o(i._snputc) for _snputc
    printf6.o(i.__0sprintf$6) refers to printf6.o(i._printf_core) for _printf_core
    printf6.o(i.__0sprintf$6) refers to printf6.o(i._sputc) for _sputc
    printf6.o(i.__0vfprintf$6) refers to printf6.o(i._printf_core) for _printf_core
    printf6.o(i.__0vfprintf$6) refers to usart.o(i.fputc) for fputc
    printf6.o(i.__0vprintf$6) refers to printf6.o(i._printf_core) for _printf_core
    printf6.o(i.__0vprintf$6) refers to usart.o(i.fputc) for fputc
    printf6.o(i.__0vprintf$6) refers to stdout.o(.data) for __stdout
    printf6.o(i.__0vsnprintf$6) refers to printf6.o(i._printf_core) for _printf_core
    printf6.o(i.__0vsnprintf$6) refers to printf6.o(i._snputc) for _snputc
    printf6.o(i.__0vsprintf$6) refers to printf6.o(i._printf_core) for _printf_core
    printf6.o(i.__0vsprintf$6) refers to printf6.o(i._sputc) for _sputc
    printf6.o(i._printf_core) refers to printf6.o(i._printf_pre_padding) for _printf_pre_padding
    printf6.o(i._printf_core) refers to printf6.o(i._printf_post_padding) for _printf_post_padding
    printf6.o(i._printf_core) refers to uidiv.o(.text) for __aeabi_uidivmod
    printf7.o(i.__0fprintf$7) refers to printf7.o(i._printf_core) for _printf_core
    printf7.o(i.__0fprintf$7) refers to usart.o(i.fputc) for fputc
    printf7.o(i.__0printf$7) refers to printf7.o(i._printf_core) for _printf_core
    printf7.o(i.__0printf$7) refers to usart.o(i.fputc) for fputc
    printf7.o(i.__0printf$7) refers to stdout.o(.data) for __stdout
    printf7.o(i.__0snprintf$7) refers to printf7.o(i._printf_core) for _printf_core
    printf7.o(i.__0snprintf$7) refers to printf7.o(i._snputc) for _snputc
    printf7.o(i.__0sprintf$7) refers to printf7.o(i._printf_core) for _printf_core
    printf7.o(i.__0sprintf$7) refers to printf7.o(i._sputc) for _sputc
    printf7.o(i.__0vfprintf$7) refers to printf7.o(i._printf_core) for _printf_core
    printf7.o(i.__0vfprintf$7) refers to usart.o(i.fputc) for fputc
    printf7.o(i.__0vprintf$7) refers to printf7.o(i._printf_core) for _printf_core
    printf7.o(i.__0vprintf$7) refers to usart.o(i.fputc) for fputc
    printf7.o(i.__0vprintf$7) refers to stdout.o(.data) for __stdout
    printf7.o(i.__0vsnprintf$7) refers to printf7.o(i._printf_core) for _printf_core
    printf7.o(i.__0vsnprintf$7) refers to printf7.o(i._snputc) for _snputc
    printf7.o(i.__0vsprintf$7) refers to printf7.o(i._printf_core) for _printf_core
    printf7.o(i.__0vsprintf$7) refers to printf7.o(i._sputc) for _sputc
    printf7.o(i._printf_core) refers to printf7.o(i._printf_pre_padding) for _printf_pre_padding
    printf7.o(i._printf_core) refers to printf7.o(i._printf_post_padding) for _printf_post_padding
    printf7.o(i._printf_core) refers to uldiv.o(.text) for __aeabi_uldivmod
    printf8.o(i.__0fprintf$8) refers to printf8.o(i._printf_core) for _printf_core
    printf8.o(i.__0fprintf$8) refers to usart.o(i.fputc) for fputc
    printf8.o(i.__0printf$8) refers to printf8.o(i._printf_core) for _printf_core
    printf8.o(i.__0printf$8) refers to usart.o(i.fputc) for fputc
    printf8.o(i.__0printf$8) refers to stdout.o(.data) for __stdout
    printf8.o(i.__0snprintf$8) refers to printf8.o(i._printf_core) for _printf_core
    printf8.o(i.__0snprintf$8) refers to printf8.o(i._snputc) for _snputc
    printf8.o(i.__0sprintf$8) refers to printf8.o(i._printf_core) for _printf_core
    printf8.o(i.__0sprintf$8) refers to printf8.o(i._sputc) for _sputc
    printf8.o(i.__0vfprintf$8) refers to printf8.o(i._printf_core) for _printf_core
    printf8.o(i.__0vfprintf$8) refers to usart.o(i.fputc) for fputc
    printf8.o(i.__0vprintf$8) refers to printf8.o(i._printf_core) for _printf_core
    printf8.o(i.__0vprintf$8) refers to usart.o(i.fputc) for fputc
    printf8.o(i.__0vprintf$8) refers to stdout.o(.data) for __stdout
    printf8.o(i.__0vsnprintf$8) refers to printf8.o(i._printf_core) for _printf_core
    printf8.o(i.__0vsnprintf$8) refers to printf8.o(i._snputc) for _snputc
    printf8.o(i.__0vsprintf$8) refers to printf8.o(i._printf_core) for _printf_core
    printf8.o(i.__0vsprintf$8) refers to printf8.o(i._sputc) for _sputc
    printf8.o(i._printf_core) refers to printf8.o(i._printf_pre_padding) for _printf_pre_padding
    printf8.o(i._printf_core) refers to printf8.o(i._printf_post_padding) for _printf_post_padding
    printf8.o(i._printf_core) refers to uldiv.o(.text) for __aeabi_uldivmod
    printfa.o(i.__0fprintf) refers (Special) to iusefp.o(.text) for __I$use$fp
    printfa.o(i.__0fprintf) refers to printfa.o(i._printf_core) for _printf_core
    printfa.o(i.__0fprintf) refers to usart.o(i.fputc) for fputc
    printfa.o(i.__0printf) refers (Special) to iusefp.o(.text) for __I$use$fp
    printfa.o(i.__0printf) refers to printfa.o(i._printf_core) for _printf_core
    printfa.o(i.__0printf) refers to usart.o(i.fputc) for fputc
    printfa.o(i.__0printf) refers to stdout.o(.data) for __stdout
    printfa.o(i.__0snprintf) refers (Special) to iusefp.o(.text) for __I$use$fp
    printfa.o(i.__0snprintf) refers to printfa.o(i._printf_core) for _printf_core
    printfa.o(i.__0snprintf) refers to printfa.o(i._snputc) for _snputc
    printfa.o(i.__0sprintf) refers (Special) to iusefp.o(.text) for __I$use$fp
    printfa.o(i.__0sprintf) refers to printfa.o(i._printf_core) for _printf_core
    printfa.o(i.__0sprintf) refers to printfa.o(i._sputc) for _sputc
    printfa.o(i.__0vfprintf) refers (Special) to iusefp.o(.text) for __I$use$fp
    printfa.o(i.__0vfprintf) refers to printfa.o(i._printf_core) for _printf_core
    printfa.o(i.__0vfprintf) refers to usart.o(i.fputc) for fputc
    printfa.o(i.__0vprintf) refers (Special) to iusefp.o(.text) for __I$use$fp
    printfa.o(i.__0vprintf) refers to printfa.o(i._printf_core) for _printf_core
    printfa.o(i.__0vprintf) refers to usart.o(i.fputc) for fputc
    printfa.o(i.__0vprintf) refers to stdout.o(.data) for __stdout
    printfa.o(i.__0vsnprintf) refers (Special) to iusefp.o(.text) for __I$use$fp
    printfa.o(i.__0vsnprintf) refers to printfa.o(i._printf_core) for _printf_core
    printfa.o(i.__0vsnprintf) refers to printfa.o(i._snputc) for _snputc
    printfa.o(i.__0vsprintf) refers (Special) to iusefp.o(.text) for __I$use$fp
    printfa.o(i.__0vsprintf) refers to printfa.o(i._printf_core) for _printf_core
    printfa.o(i.__0vsprintf) refers to printfa.o(i._sputc) for _sputc
    printfa.o(i._fp_digits) refers (Special) to iusefp.o(.text) for __I$use$fp
    printfa.o(i._fp_digits) refers to dmul.o(.text) for __aeabi_dmul
    printfa.o(i._fp_digits) refers to ddiv.o(.text) for __aeabi_ddiv
    printfa.o(i._fp_digits) refers to cdrcmple.o(.text) for __aeabi_cdrcmple
    printfa.o(i._fp_digits) refers to dadd.o(.text) for __aeabi_dadd
    printfa.o(i._fp_digits) refers to dfixul.o(.text) for __aeabi_d2ulz
    printfa.o(i._fp_digits) refers to uldiv.o(.text) for __aeabi_uldivmod
    printfa.o(i._printf_core) refers (Special) to iusefp.o(.text) for __I$use$fp
    printfa.o(i._printf_core) refers to printfa.o(i._printf_pre_padding) for _printf_pre_padding
    printfa.o(i._printf_core) refers to uldiv.o(.text) for __aeabi_uldivmod
    printfa.o(i._printf_core) refers to printfa.o(i._printf_post_padding) for _printf_post_padding
    printfa.o(i._printf_core) refers to printfa.o(i._fp_digits) for _fp_digits
    printfa.o(i._printf_core) refers to uidiv.o(.text) for __aeabi_uidivmod
    printfa.o(i._printf_post_padding) refers (Special) to iusefp.o(.text) for __I$use$fp
    printfa.o(i._printf_pre_padding) refers (Special) to iusefp.o(.text) for __I$use$fp
    printfa.o(i._snputc) refers (Special) to iusefp.o(.text) for __I$use$fp
    printfa.o(i._sputc) refers (Special) to iusefp.o(.text) for __I$use$fp
    malloc.o(i.free) refers to mvars.o(.data) for __microlib_freelist
    malloc.o(i.malloc) refers to mvars.o(.data) for __microlib_freelist_initialised
    malloc.o(i.malloc) refers to mvars.o(.data) for __microlib_freelist
    malloc.o(i.malloc) refers to startup_stm32l072xx.o(HEAP) for __heap_base
    mallocr.o(i.__free$realloc) refers to mvars.o(.data) for __microlib_freelist
    mallocr.o(i.__malloc$realloc) refers to mallocr.o(i.internal_alloc) for internal_alloc
    mallocr.o(i.__malloc$realloc) refers to mvars.o(.data) for __microlib_freelist_initialised
    mallocr.o(i.__malloc$realloc) refers to startup_stm32l072xx.o(HEAP) for __heap_base
    mallocr.o(i.__malloc$realloc) refers to mvars.o(.data) for __microlib_freelist
    mallocr.o(i.internal_alloc) refers to memcpya.o(.text) for __aeabi_memcpy
    mallocr.o(i.internal_alloc) refers to mvars.o(.data) for __microlib_freelist
    mallocr.o(i.realloc) refers to mallocr.o(i.__free$realloc) for __free$realloc
    mallocr.o(i.realloc) refers to mallocr.o(i.internal_alloc) for internal_alloc
    mallocr.o(i.realloc) refers to mallocr.o(i.__malloc$realloc) for __malloc$realloc
    mallocr.o(i.realloc) refers to mvars.o(.data) for __microlib_freelist
    malloca.o(i.__aligned_malloc) refers to mvars.o(.data) for __microlib_freelist
    malloca.o(i.__aligned_malloc) refers to mvars.o(.data) for __microlib_freelist_initialised
    malloca.o(i.__aligned_malloc) refers to startup_stm32l072xx.o(HEAP) for __heap_base
    malloca.o(i.__free$memalign) refers to mvars.o(.data) for __microlib_freelist
    malloca.o(i.__malloc$memalign) refers to malloca.o(i.__aligned_malloc) for __aligned_malloc
    mallocra.o(i.__aligned_malloc$realloc) refers to mallocra.o(i.internal_alloc) for internal_alloc
    mallocra.o(i.__aligned_malloc$realloc) refers to startup_stm32l072xx.o(HEAP) for __heap_base
    mallocra.o(i.__aligned_malloc$realloc) refers to mvars.o(.data) for __microlib_freelist
    mallocra.o(i.__aligned_malloc$realloc) refers to mvars.o(.data) for __microlib_freelist_initialised
    mallocra.o(i.__free$realloc$memalign) refers to mvars.o(.data) for __microlib_freelist
    mallocra.o(i.__malloc$realloc$memalign) refers to mallocra.o(i.__aligned_malloc$realloc) for __aligned_malloc$realloc
    mallocra.o(i.__realloc$memalign) refers to mallocra.o(i.__free$realloc$memalign) for __free$realloc$memalign
    mallocra.o(i.__realloc$memalign) refers to mallocra.o(i.internal_alloc) for internal_alloc
    mallocra.o(i.__realloc$memalign) refers to mallocra.o(i.__malloc$realloc$memalign) for __malloc$realloc$memalign
    mallocra.o(i.__realloc$memalign) refers to mvars.o(.data) for __microlib_freelist
    mallocra.o(i.internal_alloc) refers to memcpya.o(.text) for __aeabi_memcpy
    mallocra.o(i.internal_alloc) refers to mvars.o(.data) for __microlib_freelist
    fadd.o(.text) refers (Special) to iusefp.o(.text) for __I$use$fp
    fadd.o(.text) refers to fepilogue.o(.text) for _float_epilogue
    fmul.o(.text) refers (Special) to iusefp.o(.text) for __I$use$fp
    fdiv.o(.text) refers (Special) to iusefp.o(.text) for __I$use$fp
    fdiv.o(.text) refers to fepilogue.o(.text) for _float_round
    ffltui.o(.text) refers (Special) to iusefp.o(.text) for __I$use$fp
    ffltui.o(.text) refers to fepilogue.o(.text) for _float_epilogue
    ffixui.o(.text) refers (Special) to iusefp.o(.text) for __I$use$fp
    f2d.o(.text) refers (Special) to iusefp.o(.text) for __I$use$fp
    cdrcmple.o(.text) refers (Special) to iusefp.o(.text) for __I$use$fp
    cfrcmple.o(.text) refers (Special) to iusefp.o(.text) for __I$use$fp
    entry2.o(.ARM.Collect$$$$00000001) refers to entry2.o(.ARM.Collect$$$$00002712) for __lit__00000000
    entry2.o(.ARM.Collect$$$$00002712) refers to startup_stm32l072xx.o(STACK) for __initial_sp
    entry2.o(__vectab_stack_and_reset_area) refers to startup_stm32l072xx.o(STACK) for __initial_sp
    entry2.o(__vectab_stack_and_reset_area) refers to entry.o(.ARM.Collect$$$$00000000) for __main
    entry5.o(.ARM.Collect$$$$00000004) refers to init.o(.text) for __scatterload
    entry9a.o(.ARM.Collect$$$$0000000B) refers to main.o(i.main) for main
    entry9b.o(.ARM.Collect$$$$0000000C) refers to main.o(i.main) for main
    dadd.o(.text) refers to llshl.o(.text) for __aeabi_llsl
    dadd.o(.text) refers to llsshr.o(.text) for __aeabi_lasr
    dadd.o(.text) refers to depilogue.o(.text) for _double_epilogue
    dmul.o(.text) refers to depilogue.o(.text) for _double_epilogue
    ddiv.o(.text) refers to depilogue.o(.text) for _double_round
    dfixul.o(.text) refers to llushr.o(.text) for __aeabi_llsr
    dfixul.o(.text) refers to llshl.o(.text) for __aeabi_llsl
    init.o(.text) refers to entry5.o(.ARM.Collect$$$$00000004) for __main_after_scatterload
    depilogue.o(.text) refers to depilogue.o(i.__ARM_clz) for __ARM_clz
    depilogue.o(.text) refers to llshl.o(.text) for __aeabi_llsl
    depilogue.o(.text) refers to llushr.o(.text) for __aeabi_llsr
    clock.o(i.getSpeed_APB1) refers to clock.o(.data) for speed_APB1
    clock.o(i.getSpeed_HCLK) refers to clock.o(.data) for speed_HCLK


==============================================================================

Removing Unused input sections from the image.

    Removing main.o(.rev16_text), (4 bytes).
    Removing main.o(.revsh_text), (4 bytes).
    Removing main.o(i.i2c_recvCallBack), (48 bytes).
    Removing main.o(i.init_lora), (48 bytes).
    Removing main.o(i.init_trigger_interrupt), (2 bytes).
    Removing main.o(i.joinNetworktCallback), (40 bytes).
    Removing main.o(i.recvCallBack), (100 bytes).
    Removing main.o(i.system_init), (24 bytes).
    Removing main.o(i.test1), (56 bytes).
    Removing main.o(i.test10), (32 bytes).
    Removing main.o(i.test2), (144 bytes).
    Removing main.o(i.test4), (64 bytes).
    Removing main.o(i.test5), (8 bytes).
    Removing main.o(i.test6), (24 bytes).
    Removing main.o(i.test7), (32 bytes).
    Removing main.o(i.test8), (144 bytes).
    Removing main.o(i.test9), (24 bytes).
    Removing main.o(i.timeoutCallback), (32 bytes).
    Removing main.o(.bss), (144 bytes).
    Removing interrupt.o(.rev16_text), (4 bytes).
    Removing interrupt.o(.revsh_text), (4 bytes).
    Removing system_stm32l0xx.o(.rev16_text), (4 bytes).
    Removing system_stm32l0xx.o(.revsh_text), (4 bytes).
    Removing system_stm32l0xx.o(i.SystemCoreClockUpdate), (252 bytes).
    Removing system_stm32l0xx.o(.constdata), (33 bytes).
    Removing system_stm32l0xx.o(.data), (4 bytes).
    Removing clock.o(.rev16_text), (4 bytes).
    Removing clock.o(.revsh_text), (4 bytes).
    Removing clock.o(i.NVIC_SetPriority), (120 bytes).
    Removing clock.o(i.PA_8_clock_out_enable), (108 bytes).
    Removing clock.o(i.clock_disable_LSI), (20 bytes).
    Removing clock.o(i.setClock2HSI_16MHz), (56 bytes).
    Removing clock.o(i.setPLL_HSI_32MHz), (152 bytes).
    Removing clock.o(i.switch_16MHz), (156 bytes).
    Removing clock.o(i.switch_2MHz), (152 bytes).
    Removing clock.o(i.update_clock_DBPORT), (2 bytes).
    Removing delay.o(.rev16_text), (4 bytes).
    Removing delay.o(.revsh_text), (4 bytes).
    Removing delay.o(i.NVIC_SetPriority), (120 bytes).
    Removing delay.o(i.delay), (116 bytes).
    Removing gpio.o(.rev16_text), (4 bytes).
    Removing gpio.o(.revsh_text), (4 bytes).
    Removing gpio.o(i.GPIO_Alternate_Function), (56 bytes).
    Removing gpio.o(i.GPIO_Pin_Output), (26 bytes).
    Removing gpio.o(i.GPIO_Pin_Pull), (32 bytes).
    Removing gpio.o(i.GPIO_Pin_Speed), (32 bytes).
    Removing gpio.o(i.GPIO_Pin_Toggle), (12 bytes).
    Removing gpio.o(i.GPIO_analogIn_lowPower), (52 bytes).
    Removing spi.o(.rev16_text), (4 bytes).
    Removing spi.o(.revsh_text), (4 bytes).
    Removing spi.o(i.SPI_Init), (332 bytes).
    Removing usart.o(.rev16_text), (4 bytes).
    Removing usart.o(.revsh_text), (4 bytes).
    Removing usart.o(i.dbPort_disable), (128 bytes).
    Removing lowpower.o(.rev16_text), (4 bytes).
    Removing lowpower.o(.revsh_text), (4 bytes).
    Removing lowpower.o(i.NVIC_SetPriority), (120 bytes).
    Removing lowpower.o(i.lowpower_change_to_sleepMode), (164 bytes).
    Removing lowpower.o(i.lowpower_get_always_stop), (20 bytes).
    Removing lowpower.o(i.lowpower_sleepMode), (16 bytes).
    Removing lowpower.o(i.lowpower_sleepMode_noTimer), (8 bytes).
    Removing lowpower.o(i.lowpower_standByMode), (16 bytes).
    Removing lowpower.o(i.lowpower_standByMode_noTimer), (8 bytes).
    Removing lowpower.o(i.lowpower_stopMode), (16 bytes).
    Removing lowpower.o(i.lowpower_stopMode_noTimer), (8 bytes).
    Removing lowpower.o(i.sleepmode_enter), (164 bytes).
    Removing lowpower.o(i.standBymode_enter), (136 bytes).
    Removing lowpower.o(i.stopmode_enter), (136 bytes).
    Removing lowpower.o(i.wakeup_RTC_setting), (144 bytes).
    Removing rtc.o(.rev16_text), (4 bytes).
    Removing rtc.o(.revsh_text), (4 bytes).
    Removing rtc.o(i.NVIC_SetPriority), (120 bytes).
    Removing rtc.o(i.rtc_DeInit), (80 bytes).
    Removing rtc.o(i.rtc_Init), (224 bytes).
    Removing rtc.o(i.rtc_allow), (64 bytes).
    Removing rtc.o(i.rtc_chagePrescaler), (108 bytes).
    Removing rtc.o(i.rtc_clear_wakeup_flag), (32 bytes).
    Removing rtc.o(i.rtc_disAllow), (64 bytes).
    Removing rtc.o(i.rtc_disable_wake_up_counter), (32 bytes).
    Removing rtc.o(i.rtc_wakeup_interrupt_setting), (228 bytes).
    Removing rtc.o(.data), (2 bytes).
    Removing rng.o(.rev16_text), (4 bytes).
    Removing rng.o(.revsh_text), (4 bytes).
    Removing interrupt_1.o(.rev16_text), (4 bytes).
    Removing interrupt_1.o(.revsh_text), (4 bytes).
    Removing interrupt_1.o(i.IO_Interrupt_enable), (248 bytes).
    Removing i2c.o(.rev16_text), (4 bytes).
    Removing i2c.o(.revsh_text), (4 bytes).
    Removing i2c.o(i.getRecvBuf_index), (12 bytes).
    Removing timer.o(.rev16_text), (4 bytes).
    Removing timer.o(.revsh_text), (4 bytes).
    Removing timer.o(i.timer_lptimer_Deinit), (48 bytes).
    Removing lora.o(.rev16_text), (4 bytes).
    Removing lora.o(.revsh_text), (4 bytes).
    Removing lora.o(i.LoRa_init), (36 bytes).
    Removing lora.o(i.LoRa_init_Parameter), (132 bytes).
    Removing lora.o(i.cancel_enterStopMode), (16 bytes).
    Removing lora.o(i.testMic), (84 bytes).
    Removing aes.o(i.aes_cbc_encrypt), (62 bytes).
    Removing cmac.o(i.memset2), (22 bytes).
    Removing lorachip.o(.rev16_text), (4 bytes).
    Removing lorachip.o(.revsh_text), (4 bytes).
    Removing lorachip.o(i.LoRa_HW_init), (116 bytes).
    Removing lorachip.o(i.LoRa_Init_GPIO), (320 bytes).
    Removing lorachip.o(i.LoRa_Init_RegParameters), (68 bytes).
    Removing lorachip.o(i.LoRa_Init_SPI), (80 bytes).
    Removing lorachip.o(i.LoRa_PrintSetting), (60 bytes).
    Removing lorachip.o(i.LoRa_Set_SF), (96 bytes).
    Removing lorachip.o(i.LoRa_Set_TxPower), (18 bytes).
    Removing lorachip.o(i.LoRa_resetChip), (80 bytes).
    Removing lorachip.o(i.LoRa_standby), (18 bytes).
    Removing universal.o(.rev16_text), (4 bytes).
    Removing universal.o(.revsh_text), (4 bytes).
    Removing ms552.o(.rev16_text), (4 bytes).
    Removing ms552.o(.revsh_text), (4 bytes).
    Removing f2d.o(.text), (40 bytes).
    Removing cdrcmple.o(.text), (40 bytes).
    Removing cfrcmple.o(.text), (20 bytes).
    Removing dadd.o(.text), (356 bytes).
    Removing dmul.o(.text), (208 bytes).
    Removing ddiv.o(.text), (240 bytes).
    Removing dfixul.o(.text), (64 bytes).
    Removing depilogue.o(.text), (190 bytes).
    Removing clock.o(i.getSpeed_HCLK), (12 bytes).
    Removing depilogue.o(i.__ARM_clz), (46 bytes).

125 unused section(s) (total 7713 bytes) removed from the image.

==============================================================================

Image Symbol Table

    Local Symbols

    Symbol Name                              Value     Ov Type        Size  Object(Section)

    ../clib/microlib/division.c              0x00000000   Number         0  uldiv.o ABSOLUTE
    ../clib/microlib/division.c              0x00000000   Number         0  idiv.o ABSOLUTE
    ../clib/microlib/division.c              0x00000000   Number         0  uidiv.o ABSOLUTE
    ../clib/microlib/init/entry.s            0x00000000   Number         0  entry8a.o ABSOLUTE
    ../clib/microlib/init/entry.s            0x00000000   Number         0  entry8b.o ABSOLUTE
    ../clib/microlib/init/entry.s            0x00000000   Number         0  entry9a.o ABSOLUTE
    ../clib/microlib/init/entry.s            0x00000000   Number         0  entry.o ABSOLUTE
    ../clib/microlib/init/entry.s            0x00000000   Number         0  entry2.o ABSOLUTE
    ../clib/microlib/init/entry.s            0x00000000   Number         0  entry9b.o ABSOLUTE
    ../clib/microlib/init/entry.s            0x00000000   Number         0  entry10a.o ABSOLUTE
    ../clib/microlib/init/entry.s            0x00000000   Number         0  entry10b.o ABSOLUTE
    ../clib/microlib/init/entry.s            0x00000000   Number         0  entry5.o ABSOLUTE
    ../clib/microlib/init/entry.s            0x00000000   Number         0  entry11a.o ABSOLUTE
    ../clib/microlib/init/entry.s            0x00000000   Number         0  entry11b.o ABSOLUTE
    ../clib/microlib/init/entry.s            0x00000000   Number         0  entry7a.o ABSOLUTE
    ../clib/microlib/init/entry.s            0x00000000   Number         0  entry7b.o ABSOLUTE
    ../clib/microlib/longlong.c              0x00000000   Number         0  llushr.o ABSOLUTE
    ../clib/microlib/longlong.c              0x00000000   Number         0  llshl.o ABSOLUTE
    ../clib/microlib/longlong.c              0x00000000   Number         0  llsshr.o ABSOLUTE
    ../clib/microlib/malloc/malloc.c         0x00000000   Number         0  malloc.o ABSOLUTE
    ../clib/microlib/malloc/malloc.c         0x00000000   Number         0  mallocra.o ABSOLUTE
    ../clib/microlib/malloc/malloc.c         0x00000000   Number         0  malloca.o ABSOLUTE
    ../clib/microlib/malloc/malloc.c         0x00000000   Number         0  mallocr.o ABSOLUTE
    ../clib/microlib/malloc/mvars.c          0x00000000   Number         0  mvars.o ABSOLUTE
    ../clib/microlib/printf/printf.c         0x00000000   Number         0  printf4.o ABSOLUTE
    ../clib/microlib/printf/printf.c         0x00000000   Number         0  printf2.o ABSOLUTE
    ../clib/microlib/printf/printf.c         0x00000000   Number         0  printf1.o ABSOLUTE
    ../clib/microlib/printf/printf.c         0x00000000   Number         0  printf0.o ABSOLUTE
    ../clib/microlib/printf/printf.c         0x00000000   Number         0  printfb.o ABSOLUTE
    ../clib/microlib/printf/printf.c         0x00000000   Number         0  printf3.o ABSOLUTE
    ../clib/microlib/printf/printf.c         0x00000000   Number         0  printfa.o ABSOLUTE
    ../clib/microlib/printf/printf.c         0x00000000   Number         0  printf8.o ABSOLUTE
    ../clib/microlib/printf/printf.c         0x00000000   Number         0  printf7.o ABSOLUTE
    ../clib/microlib/printf/printf.c         0x00000000   Number         0  printf6.o ABSOLUTE
    ../clib/microlib/printf/printf.c         0x00000000   Number         0  printf5.o ABSOLUTE
    ../clib/microlib/printf/stubs.s          0x00000000   Number         0  stubs.o ABSOLUTE
    ../clib/microlib/stdio/streams.c         0x00000000   Number         0  stdout.o ABSOLUTE
    ../clib/microlib/string/memcmp.c         0x00000000   Number         0  memcmp.o ABSOLUTE
    ../clib/microlib/string/memcpy.c         0x00000000   Number         0  memcpya.o ABSOLUTE
    ../clib/microlib/string/memcpy.c         0x00000000   Number         0  memcpyb.o ABSOLUTE
    ../clib/microlib/stubs.s                 0x00000000   Number         0  iusefp.o ABSOLUTE
    ../fplib/microlib/f2d.c                  0x00000000   Number         0  f2d.o ABSOLUTE
    ../fplib/microlib/fpadd.c                0x00000000   Number         0  fadd.o ABSOLUTE
    ../fplib/microlib/fpadd.c                0x00000000   Number         0  dadd.o ABSOLUTE
    ../fplib/microlib/fpdiv.c                0x00000000   Number         0  ddiv.o ABSOLUTE
    ../fplib/microlib/fpdiv.c                0x00000000   Number         0  fdiv.o ABSOLUTE
    ../fplib/microlib/fpepilogue.c           0x00000000   Number         0  fepilogue.o ABSOLUTE
    ../fplib/microlib/fpepilogue.c           0x00000000   Number         0  depilogue.o ABSOLUTE
    ../fplib/microlib/fpfix.c                0x00000000   Number         0  ffixui.o ABSOLUTE
    ../fplib/microlib/fpfix.c                0x00000000   Number         0  dfixul.o ABSOLUTE
    ../fplib/microlib/fpflt.c                0x00000000   Number         0  ffltui.o ABSOLUTE
    ../fplib/microlib/fpmul.c                0x00000000   Number         0  fmul.o ABSOLUTE
    ../fplib/microlib/fpmul.c                0x00000000   Number         0  dmul.o ABSOLUTE
    CMSIS\\system_stm32l0xx.c                0x00000000   Number         0  system_stm32l0xx.o ABSOLUTE
    CMSIS\startup_stm32l072xx.s              0x00000000   Number         0  startup_stm32l072xx.o ABSOLUTE
    CMSIS\system_stm32l0xx.c                 0x00000000   Number         0  system_stm32l0xx.o ABSOLUTE
    cdrcmple.s                               0x00000000   Number         0  cdrcmple.o ABSOLUTE
    cfrcmple.s                               0x00000000   Number         0  cfrcmple.o ABSOLUTE
    dc.s                                     0x00000000   Number         0  dc.o ABSOLUTE
    ecrypt\LoRaMacCrypto.c                   0x00000000   Number         0  loramaccrypto.o ABSOLUTE
    ecrypt\aes.c                             0x00000000   Number         0  aes.o ABSOLUTE
    ecrypt\cmac.c                            0x00000000   Number         0  cmac.o ABSOLUTE
    handlers.s                               0x00000000   Number         0  handlers.o ABSOLUTE
    init.s                                   0x00000000   Number         0  init.o ABSOLUTE
    loraLib\\lora.c                          0x00000000   Number         0  lora.o ABSOLUTE
    loraLib\\loraChip.c                      0x00000000   Number         0  lorachip.o ABSOLUTE
    loraLib\lora.c                           0x00000000   Number         0  lora.o ABSOLUTE
    loraLib\loraChip.c                       0x00000000   Number         0  lorachip.o ABSOLUTE
    module\\ms552.c                          0x00000000   Number         0  ms552.o ABSOLUTE
    module\ms552.c                           0x00000000   Number         0  ms552.o ABSOLUTE
    regLib\\clock.c                          0x00000000   Number         0  clock.o ABSOLUTE
    regLib\\delay.c                          0x00000000   Number         0  delay.o ABSOLUTE
    regLib\\gpio.c                           0x00000000   Number         0  gpio.o ABSOLUTE
    regLib\\i2c.c                            0x00000000   Number         0  i2c.o ABSOLUTE
    regLib\\interrupt.c                      0x00000000   Number         0  interrupt_1.o ABSOLUTE
    regLib\\lowpower.c                       0x00000000   Number         0  lowpower.o ABSOLUTE
    regLib\\rng.c                            0x00000000   Number         0  rng.o ABSOLUTE
    regLib\\rtc.c                            0x00000000   Number         0  rtc.o ABSOLUTE
    regLib\\spi.c                            0x00000000   Number         0  spi.o ABSOLUTE
    regLib\\timer.c                          0x00000000   Number         0  timer.o ABSOLUTE
    regLib\\usart.c                          0x00000000   Number         0  usart.o ABSOLUTE
    regLib\clock.c                           0x00000000   Number         0  clock.o ABSOLUTE
    regLib\delay.c                           0x00000000   Number         0  delay.o ABSOLUTE
    regLib\gpio.c                            0x00000000   Number         0  gpio.o ABSOLUTE
    regLib\i2c.c                             0x00000000   Number         0  i2c.o ABSOLUTE
    regLib\interrupt.c                       0x00000000   Number         0  interrupt_1.o ABSOLUTE
    regLib\lowpower.c                        0x00000000   Number         0  lowpower.o ABSOLUTE
    regLib\rng.c                             0x00000000   Number         0  rng.o ABSOLUTE
    regLib\rtc.c                             0x00000000   Number         0  rtc.o ABSOLUTE
    regLib\spi.c                             0x00000000   Number         0  spi.o ABSOLUTE
    regLib\timer.c                           0x00000000   Number         0  timer.o ABSOLUTE
    regLib\usart.c                           0x00000000   Number         0  usart.o ABSOLUTE
    universal\\universal.c                   0x00000000   Number         0  universal.o ABSOLUTE
    universal\universal.c                    0x00000000   Number         0  universal.o ABSOLUTE
    user\\interrupt.c                        0x00000000   Number         0  interrupt.o ABSOLUTE
    user\\main.c                             0x00000000   Number         0  main.o ABSOLUTE
    user\interrupt.c                         0x00000000   Number         0  interrupt.o ABSOLUTE
    user\loraApp.c                           0x00000000   Number         0  loraapp.o ABSOLUTE
    user\main.c                              0x00000000   Number         0  main.o ABSOLUTE
    RESET                                    0x08000000   Section      192  startup_stm32l072xx.o(RESET)
    .ARM.Collect$$$$00000000                 0x080000c0   Section        0  entry.o(.ARM.Collect$$$$00000000)
    .ARM.Collect$$$$00000001                 0x080000c0   Section        4  entry2.o(.ARM.Collect$$$$00000001)
    .ARM.Collect$$$$00000004                 0x080000c4   Section        4  entry5.o(.ARM.Collect$$$$00000004)
    .ARM.Collect$$$$00000008                 0x080000c8   Section        0  entry7b.o(.ARM.Collect$$$$00000008)
    .ARM.Collect$$$$0000000A                 0x080000c8   Section        0  entry8b.o(.ARM.Collect$$$$0000000A)
    .ARM.Collect$$$$0000000B                 0x080000c8   Section        8  entry9a.o(.ARM.Collect$$$$0000000B)
    .ARM.Collect$$$$0000000D                 0x080000d0   Section        0  entry10a.o(.ARM.Collect$$$$0000000D)
    .ARM.Collect$$$$0000000F                 0x080000d0   Section        0  entry11a.o(.ARM.Collect$$$$0000000F)
    .ARM.Collect$$$$00002712                 0x080000d0   Section        4  entry2.o(.ARM.Collect$$$$00002712)
    __lit__00000000                          0x080000d0   Data           4  entry2.o(.ARM.Collect$$$$00002712)
    .text                                    0x080000d4   Section       28  startup_stm32l072xx.o(.text)
    .text                                    0x080000f0   Section        0  uidiv.o(.text)
    .text                                    0x0800011c   Section        0  idiv.o(.text)
    .text                                    0x08000144   Section        0  uldiv.o(.text)
    .text                                    0x080001a4   Section        0  memcpya.o(.text)
    .text                                    0x080001c8   Section        0  memcmp.o(.text)
    .text                                    0x080001e2   Section        0  fadd.o(.text)
    .text                                    0x08000294   Section        0  fmul.o(.text)
    .text                                    0x0800030e   Section        0  fdiv.o(.text)
    .text                                    0x0800038a   Section        0  ffltui.o(.text)
    .text                                    0x08000398   Section        0  ffixui.o(.text)
    .text                                    0x080003c0   Section        0  llshl.o(.text)
    .text                                    0x080003e0   Section        0  llushr.o(.text)
    .text                                    0x08000402   Section        0  fepilogue.o(.text)
    .text                                    0x08000402   Section        0  iusefp.o(.text)
    .text                                    0x08000484   Section       36  init.o(.text)
    i.AES_CMAC_Final                         0x080004a8   Section        0  cmac.o(i.AES_CMAC_Final)
    i.AES_CMAC_Init                          0x0800066c   Section        0  cmac.o(i.AES_CMAC_Init)
    i.AES_CMAC_SetKey                        0x0800068e   Section        0  cmac.o(i.AES_CMAC_SetKey)
    i.AES_CMAC_Update                        0x080006a0   Section        0  cmac.o(i.AES_CMAC_Update)
    i.EXTI0_1_IRQHandler                     0x08000794   Section        0  interrupt.o(i.EXTI0_1_IRQHandler)
    i.EXTI2_3_IRQHandler                     0x080007b8   Section        0  interrupt.o(i.EXTI2_3_IRQHandler)
    i.EXTI4_15_IRQHandler                    0x080007d8   Section        0  interrupt.o(i.EXTI4_15_IRQHandler)
    i.GPIO_Pin_Clear                         0x08000818   Section        0  gpio.o(i.GPIO_Pin_Clear)
    i.GPIO_Pin_Mode                          0x08000820   Section        0  gpio.o(i.GPIO_Pin_Mode)
    i.GPIO_Pin_Set                           0x08000840   Section        0  gpio.o(i.GPIO_Pin_Set)
    i.I2C1_IRQHandler                        0x08000848   Section        0  i2c.o(i.I2C1_IRQHandler)
    i.Interrupt_soft_EXTI_init               0x080008d0   Section        0  interrupt_1.o(i.Interrupt_soft_EXTI_init)
    i.Interrupt_soft_EXTI_trigger            0x08000928   Section        0  interrupt_1.o(i.Interrupt_soft_EXTI_trigger)
    i.LPTIM1_IRQHandler                      0x0800093c   Section        0  interrupt.o(i.LPTIM1_IRQHandler)
    i.LoRaChip_readReceiveBuf                0x08000978   Section        0  lorachip.o(i.LoRaChip_readReceiveBuf)
    i.LoRaMacComputeMic                      0x080009b0   Section        0  loramaccrypto.o(i.LoRaMacComputeMic)
    i.LoRaMacJoinComputeMic                  0x08000a40   Section        0  loramaccrypto.o(i.LoRaMacJoinComputeMic)
    i.LoRaMacJoinComputeSKeys                0x08000a70   Section        0  loramaccrypto.o(i.LoRaMacJoinComputeSKeys)
    i.LoRaMacJoinDecrypt                     0x08000afc   Section        0  loramaccrypto.o(i.LoRaMacJoinDecrypt)
    i.LoRaMacPayloadDecrypt                  0x08000b3c   Section        0  loramaccrypto.o(i.LoRaMacPayloadDecrypt)
    i.LoRaMacPayloadEncrypt                  0x08000b60   Section        0  loramaccrypto.o(i.LoRaMacPayloadEncrypt)
    i.LoRa_JoinNetwork                       0x08000c40   Section        0  lora.o(i.LoRa_JoinNetwork)
    i.LoRa_Rx_Done_Interrupt_Response        0x08000cf8   Section        0  lora.o(i.LoRa_Rx_Done_Interrupt_Response)
    i.LoRa_Rx_TimeOut_Interrupt_Response     0x08000d78   Section        0  lora.o(i.LoRa_Rx_TimeOut_Interrupt_Response)
    i.LoRa_Set_Frequency                     0x08000dd0   Section        0  lorachip.o(i.LoRa_Set_Frequency)
    i.LoRa_Tx_Done_Interrupt_Response        0x08000e1c   Section        0  lora.o(i.LoRa_Tx_Done_Interrupt_Response)
    i.LoRa_package_send                      0x08000e64   Section        0  lora.o(i.LoRa_package_send)
    i.LoRa_package_send_simple               0x08000ff0   Section        0  lora.o(i.LoRa_package_send_simple)
    i.LoRa_sleep                             0x0800100a   Section        0  lorachip.o(i.LoRa_sleep)
    i.LoRa_timer_Interrupt_Response          0x0800101c   Section        0  lora.o(i.LoRa_timer_Interrupt_Response)
    i.LoRa_wakeUp                            0x08001040   Section        0  lorachip.o(i.LoRa_wakeUp)
    i.NVIC_EnableIRQ                         0x08001048   Section        0  interrupt_1.o(i.NVIC_EnableIRQ)
    NVIC_EnableIRQ                           0x08001049   Thumb Code    14  interrupt_1.o(i.NVIC_EnableIRQ)
    i.NVIC_SetPriority                       0x0800105c   Section        0  interrupt_1.o(i.NVIC_SetPriority)
    NVIC_SetPriority                         0x0800105d   Thumb Code   110  interrupt_1.o(i.NVIC_SetPriority)
    i.NVIC_SetPriority                       0x080010d4   Section        0  i2c.o(i.NVIC_SetPriority)
    NVIC_SetPriority                         0x080010d5   Thumb Code   110  i2c.o(i.NVIC_SetPriority)
    i.NVIC_SetPriority                       0x0800114c   Section        0  timer.o(i.NVIC_SetPriority)
    NVIC_SetPriority                         0x0800114d   Thumb Code   110  timer.o(i.NVIC_SetPriority)
    i.RCC_CRS_IRQHandler                     0x080011c4   Section        0  clock.o(i.RCC_CRS_IRQHandler)
    i.RF_Receive                             0x0800120c   Section        0  lorachip.o(i.RF_Receive)
    i.RF_Send                                0x08001224   Section        0  lorachip.o(i.RF_Send)
    i.RNG_getRadonValue                      0x08001270   Section        0  rng.o(i.RNG_getRadonValue)
    i.RTC_IRQHandler                         0x080012c0   Section        0  interrupt.o(i.RTC_IRQHandler)
    i.RegisterModify                         0x08001300   Section        0  lorachip.o(i.RegisterModify)
    i.RegisterRead                           0x08001328   Section        0  lorachip.o(i.RegisterRead)
    RegisterRead                             0x08001329   Thumb Code    14  lorachip.o(i.RegisterRead)
    i.RegisterWrite                          0x0800133c   Section        0  lorachip.o(i.RegisterWrite)
    RegisterWrite                            0x0800133d   Thumb Code    18  lorachip.o(i.RegisterWrite)
    i.SPI_BlockRead                          0x08001354   Section        0  spi.o(i.SPI_BlockRead)
    i.SPI_BlockWrite                         0x080013b8   Section        0  spi.o(i.SPI_BlockWrite)
    i.SPI_RegisterRead                       0x08001418   Section        0  spi.o(i.SPI_RegisterRead)
    i.SPI_RegisterWrite                      0x0800145c   Section        0  spi.o(i.SPI_RegisterWrite)
    i.SPI_waitingBusy                        0x0800149c   Section        0  spi.o(i.SPI_waitingBusy)
    SPI_waitingBusy                          0x0800149d   Thumb Code    18  spi.o(i.SPI_waitingBusy)
    i.SPI_waitingRxReady                     0x080014b4   Section        0  spi.o(i.SPI_waitingRxReady)
    SPI_waitingRxReady                       0x080014b5   Thumb Code    18  spi.o(i.SPI_waitingRxReady)
    i.SPI_waitingTxEmpty                     0x080014cc   Section        0  spi.o(i.SPI_waitingTxEmpty)
    SPI_waitingTxEmpty                       0x080014cd   Thumb Code    18  spi.o(i.SPI_waitingTxEmpty)
    i.SysTick_Handler                        0x080014e4   Section        0  delay.o(i.SysTick_Handler)
    i.SystemInit                             0x080014f4   Section        0  system_stm32l0xx.o(i.SystemInit)
    i.__0printf$5                            0x0800155c   Section        0  printf5.o(i.__0printf$5)
    i.__ARM_common_switch8                   0x0800157c   Section        0  lora.o(i.__ARM_common_switch8)
    i.__scatterload_copy                     0x08001598   Section       14  handlers.o(i.__scatterload_copy)
    i.__scatterload_null                     0x080015a6   Section        2  handlers.o(i.__scatterload_null)
    i.__scatterload_zeroinit                 0x080015a8   Section       14  handlers.o(i.__scatterload_zeroinit)
    i._printf_core                           0x080015b8   Section        0  printf5.o(i._printf_core)
    _printf_core                             0x080015b9   Thumb Code   688  printf5.o(i._printf_core)
    i.add_round_key                          0x08001894   Section        0  aes.o(i.add_round_key)
    add_round_key                            0x08001895   Thumb Code    16  aes.o(i.add_round_key)
    i.aes_encrypt                            0x080018a4   Section        0  aes.o(i.aes_encrypt)
    i.aes_set_key                            0x08001900   Section        0  aes.o(i.aes_set_key)
    i.bufReverse                             0x08001a1c   Section        0  universal.o(i.bufReverse)
    i.changeALLfrequency                     0x08001a54   Section        0  clock.o(i.changeALLfrequency)
    changeALLfrequency                       0x08001a55   Thumb Code    18  clock.o(i.changeALLfrequency)
    i.clearInterruptFlag                     0x08001a70   Section        0  lorachip.o(i.clearInterruptFlag)
    i.copy_and_key                           0x08001a7e   Section        0  aes.o(i.copy_and_key)
    copy_and_key                             0x08001a7f   Thumb Code   132  aes.o(i.copy_and_key)
    i.copy_block                             0x08001b02   Section        0  aes.o(i.copy_block)
    copy_block                               0x08001b03   Thumb Code    66  aes.o(i.copy_block)
    i.copy_block_nn                          0x08001b44   Section        0  aes.o(i.copy_block_nn)
    copy_block_nn                            0x08001b45   Thumb Code    24  aes.o(i.copy_block_nn)
    i.dbPort_enable                          0x08001b5c   Section        0  usart.o(i.dbPort_enable)
    dbPort_enable                            0x08001b5d   Thumb Code   270  usart.o(i.dbPort_enable)
    i.fputc                                  0x08001c7c   Section        0  usart.o(i.fputc)
    i.free                                   0x08001c8c   Section        0  malloc.o(i.free)
    i.generateDevNonce                       0x08001ce0   Section        0  lora.o(i.generateDevNonce)
    generateDevNonce                         0x08001ce1   Thumb Code    24  lora.o(i.generateDevNonce)
    i.getInterruptFlag                       0x08001cf8   Section        0  lorachip.o(i.getInterruptFlag)
    i.getRssi                                0x08001d02   Section        0  lorachip.o(i.getRssi)
    i.getSpeed_APB1                          0x08001d10   Section        0  clock.o(i.getSpeed_APB1)
    i.i2c1_enable_NVIC_interrupt             0x08001d1c   Section        0  i2c.o(i.i2c1_enable_NVIC_interrupt)
    i.i2c1_init                              0x08001d38   Section        0  i2c.o(i.i2c1_init)
    i.i2c1_receive                           0x08001e34   Section        0  i2c.o(i.i2c1_receive)
    i.i2c1_transmit_single_byte              0x08001e98   Section        0  i2c.o(i.i2c1_transmit_single_byte)
    i.i2c_Pressure_recvCallBack              0x08001ed0   Section        0  ms552.o(i.i2c_Pressure_recvCallBack)
    i.i2c_Temp_recvCallBack                  0x08001f04   Section        0  ms552.o(i.i2c_Temp_recvCallBack)
    i.lowpower_change_to_stopMode            0x08001f38   Section        0  lowpower.o(i.lowpower_change_to_stopMode)
    i.lowpower_set_always_stop               0x08001fc0   Section        0  lowpower.o(i.lowpower_set_always_stop)
    i.lptimer_enable_NVIC_interrupt          0x08001fe4   Section        0  timer.o(i.lptimer_enable_NVIC_interrupt)
    lptimer_enable_NVIC_interrupt            0x08001fe5   Thumb Code    22  timer.o(i.lptimer_enable_NVIC_interrupt)
    i.main                                   0x08002000   Section        0  main.o(i.main)
    i.main_stateMachine                      0x08002004   Section        0  main.o(i.main_stateMachine)
    i.malloc                                 0x08002048   Section        0  malloc.o(i.malloc)
    i.memcpy1                                0x080020b4   Section        0  cmac.o(i.memcpy1)
    memcpy1                                  0x080020b5   Thumb Code    24  cmac.o(i.memcpy1)
    i.memcpy1                                0x080020cc   Section        0  loramaccrypto.o(i.memcpy1)
    memcpy1                                  0x080020cd   Thumb Code    24  loramaccrypto.o(i.memcpy1)
    i.memset1                                0x080020e4   Section        0  cmac.o(i.memset1)
    memset1                                  0x080020e5   Thumb Code    20  cmac.o(i.memset1)
    i.memset1                                0x080020f8   Section        0  loramaccrypto.o(i.memset1)
    memset1                                  0x080020f9   Thumb Code    20  loramaccrypto.o(i.memset1)
    i.mix_sub_columns                        0x0800210c   Section        0  aes.o(i.mix_sub_columns)
    mix_sub_columns                          0x0800210d   Thumb Code   630  aes.o(i.mix_sub_columns)
    i.ms552_init                             0x08002390   Section        0  ms552.o(i.ms552_init)
    i.ms552_sample                           0x080023a0   Section        0  ms552.o(i.ms552_sample)
    i.ms552_stateMachine                     0x080023ac   Section        0  ms552.o(i.ms552_stateMachine)
    i.ms552_timer_Interrupt_Response         0x0800245c   Section        0  ms552.o(i.ms552_timer_Interrupt_Response)
    i.packgeProcess_ConfirmedDataDown        0x08002478   Section        0  lora.o(i.packgeProcess_ConfirmedDataDown)
    packgeProcess_ConfirmedDataDown          0x08002479   Thumb Code   340  lora.o(i.packgeProcess_ConfirmedDataDown)
    i.packgeProcess_JoinAccept               0x080025e4   Section        0  lora.o(i.packgeProcess_JoinAccept)
    packgeProcess_JoinAccept                 0x080025e5   Thumb Code   352  lora.o(i.packgeProcess_JoinAccept)
    i.sendTrigger                            0x08002748   Section        0  lora.o(i.sendTrigger)
    sendTrigger                              0x08002749   Thumb Code   192  lora.o(i.sendTrigger)
    i.shift_sub_rows                         0x0800280c   Section        0  aes.o(i.shift_sub_rows)
    shift_sub_rows                           0x0800280d   Thumb Code   108  aes.o(i.shift_sub_rows)
    i.shutDown_TCXO                          0x0800287c   Section        0  lorachip.o(i.shutDown_TCXO)
    i.switch_32MHz                           0x080028b4   Section        0  clock.o(i.switch_32MHz)
    i.test11                                 0x080029d4   Section        0  main.o(i.test11)
    i.timer_lptimer_init                     0x080029f0   Section        0  timer.o(i.timer_lptimer_init)
    i.timer_lptimer_setNum_trige             0x08002a9c   Section        0  timer.o(i.timer_lptimer_setNum_trige)
    i.timer_lptimer_setSeconds               0x08002ac4   Section        0  timer.o(i.timer_lptimer_setSeconds)
    i.turnOn_TCXO                            0x08002ae4   Section        0  lorachip.o(i.turnOn_TCXO)
    i.uart_send                              0x08002b1c   Section        0  usart.o(i.uart_send)
    i.update_All_Clock                       0x08002b50   Section        0  clock.o(i.update_All_Clock)
    i.update_clock_DBPORT                    0x08002b58   Section        0  usart.o(i.update_clock_DBPORT)
    i.xor_block                              0x08002b60   Section        0  aes.o(i.xor_block)
    xor_block                                0x08002b61   Thumb Code   130  aes.o(i.xor_block)
    .constdata                               0x08002be2   Section      768  aes.o(.constdata)
    sbox                                     0x08002be2   Data         256  aes.o(.constdata)
    gfm2_sbox                                0x08002ce2   Data         256  aes.o(.constdata)
    gfm3_sbox                                0x08002de2   Data         256  aes.o(.constdata)
    .data                                    0x20000000   Section        8  main.o(.data)
    StateMachine_state                       0x20000000   Data           1  main.o(.data)
    rejoinDelay                              0x20000004   Data           4  main.o(.data)
    .data                                    0x20000008   Section        8  clock.o(.data)
    .data                                    0x20000010   Section        4  delay.o(.data)
    .data                                    0x20000014   Section        1  usart.o(.data)
    .data                                    0x20000018   Section       12  i2c.o(.data)
    recvBuf                                  0x20000018   Data           4  i2c.o(.data)
    recvSize                                 0x2000001c   Data           1  i2c.o(.data)
    recvBuf_index                            0x2000001d   Data           1  i2c.o(.data)
    receive_finishCallback                   0x20000020   Data           4  i2c.o(.data)
    .data                                    0x20000024   Section        1  timer.o(.data)
    lptimer_init                             0x20000024   Data           1  timer.o(.data)
    .data                                    0x20000028   Section        4  lora.o(.data)
    lora_session_ptr                         0x20000028   Data           4  lora.o(.data)
    .data                                    0x2000002c   Section       32  loramaccrypto.o(.data)
    MicBlockB0                               0x2000002c   Data          16  loramaccrypto.o(.data)
    aBlock                                   0x2000003c   Data          16  loramaccrypto.o(.data)
    .data                                    0x2000004c   Section        4  ms552.o(.data)
    ms552_StateMachine_state                 0x2000004c   Data           1  ms552.o(.data)
    i2cRecvBuf                               0x2000004d   Data           3  ms552.o(.data)
    .data                                    0x20000050   Section        4  stdout.o(.data)
    .data                                    0x20000054   Section        4  mvars.o(.data)
    .data                                    0x20000058   Section        4  mvars.o(.data)
    .bss                                     0x2000005c   Section      556  loramaccrypto.o(.bss)
    Mic                                      0x2000005c   Data          16  loramaccrypto.o(.bss)
    sBlock                                   0x2000006c   Data          16  loramaccrypto.o(.bss)
    AesContext                               0x2000007c   Data         241  loramaccrypto.o(.bss)
    AesCmacCtx                               0x20000170   Data         280  loramaccrypto.o(.bss)
    HEAP                                     0x20000288   Section      512  startup_stm32l072xx.o(HEAP)
    STACK                                    0x20000488   Section     1024  startup_stm32l072xx.o(STACK)

    Global Symbols

    Symbol Name                              Value     Ov Type        Size  Object(Section)

    BuildAttributes$$THM_ISAv3M$S$PE$A:L22$X:L11$S22$IEEE1$IW$USESV6$~STKCKD$USESV7$~SHL$OTIME$ROPI$EBA8$MICROLIB$REQ8$PRES8$EABIv2 0x00000000   Number         0  anon$$obj.o ABSOLUTE
    __ARM_use_no_argv                        0x00000000   Number         0  main.o ABSOLUTE
    _printf_a                                0x00000000   Number         0  stubs.o ABSOLUTE
    _printf_c                                0x00000000   Number         0  stubs.o ABSOLUTE
    _printf_charcount                        0x00000000   Number         0  stubs.o ABSOLUTE
    _printf_d                                0x00000000   Number         0  stubs.o ABSOLUTE
    _printf_e                                0x00000000   Number         0  stubs.o ABSOLUTE
    _printf_f                                0x00000000   Number         0  stubs.o ABSOLUTE
    _printf_flags                            0x00000000   Number         0  stubs.o ABSOLUTE
    _printf_fp_dec                           0x00000000   Number         0  stubs.o ABSOLUTE
    _printf_fp_hex                           0x00000000   Number         0  stubs.o ABSOLUTE
    _printf_g                                0x00000000   Number         0  stubs.o ABSOLUTE
    _printf_i                                0x00000000   Number         0  stubs.o ABSOLUTE
    _printf_int_dec                          0x00000000   Number         0  stubs.o ABSOLUTE
    _printf_l                                0x00000000   Number         0  stubs.o ABSOLUTE
    _printf_lc                               0x00000000   Number         0  stubs.o ABSOLUTE
    _printf_ll                               0x00000000   Number         0  stubs.o ABSOLUTE
    _printf_lld                              0x00000000   Number         0  stubs.o ABSOLUTE
    _printf_lli                              0x00000000   Number         0  stubs.o ABSOLUTE
    _printf_llo                              0x00000000   Number         0  stubs.o ABSOLUTE
    _printf_llu                              0x00000000   Number         0  stubs.o ABSOLUTE
    _printf_llx                              0x00000000   Number         0  stubs.o ABSOLUTE
    _printf_longlong_dec                     0x00000000   Number         0  stubs.o ABSOLUTE
    _printf_longlong_hex                     0x00000000   Number         0  stubs.o ABSOLUTE
    _printf_longlong_oct                     0x00000000   Number         0  stubs.o ABSOLUTE
    _printf_ls                               0x00000000   Number         0  stubs.o ABSOLUTE
    _printf_mbtowc                           0x00000000   Number         0  stubs.o ABSOLUTE
    _printf_n                                0x00000000   Number         0  stubs.o ABSOLUTE
    _printf_o                                0x00000000   Number         0  stubs.o ABSOLUTE
    _printf_p                                0x00000000   Number         0  stubs.o ABSOLUTE
    _printf_percent                          0x00000000   Number         0  stubs.o ABSOLUTE
    _printf_pre_padding                      0x00000000   Number         0  stubs.o ABSOLUTE
    _printf_return_value                     0x00000000   Number         0  stubs.o ABSOLUTE
    _printf_s                                0x00000000   Number         0  stubs.o ABSOLUTE
    _printf_sizespec                         0x00000000   Number         0  stubs.o ABSOLUTE
    _printf_str                              0x00000000   Number         0  stubs.o ABSOLUTE
    _printf_truncate_signed                  0x00000000   Number         0  stubs.o ABSOLUTE
    _printf_truncate_unsigned                0x00000000   Number         0  stubs.o ABSOLUTE
    _printf_u                                0x00000000   Number         0  stubs.o ABSOLUTE
    _printf_wc                               0x00000000   Number         0  stubs.o ABSOLUTE
    _printf_wctomb                           0x00000000   Number         0  stubs.o ABSOLUTE
    _printf_widthprec                        0x00000000   Number         0  stubs.o ABSOLUTE
    _printf_x                                0x00000000   Number         0  stubs.o ABSOLUTE
    __cpp_initialize__aeabi_                  - Undefined Weak Reference
    __cxa_finalize                            - Undefined Weak Reference
    __decompress                              - Undefined Weak Reference
    _clock_init                               - Undefined Weak Reference
    _microlib_exit                            - Undefined Weak Reference
    __Vectors_Size                           0x000000c0   Number         0  startup_stm32l072xx.o ABSOLUTE
    __Vectors                                0x08000000   Data           4  startup_stm32l072xx.o(RESET)
    __Vectors_End                            0x080000c0   Data           0  startup_stm32l072xx.o(RESET)
    __main                                   0x080000c1   Thumb Code     0  entry.o(.ARM.Collect$$$$00000000)
    _main_stk                                0x080000c1   Thumb Code     0  entry2.o(.ARM.Collect$$$$00000001)
    _main_scatterload                        0x080000c5   Thumb Code     0  entry5.o(.ARM.Collect$$$$00000004)
    __main_after_scatterload                 0x080000c9   Thumb Code     0  entry5.o(.ARM.Collect$$$$00000004)
    _main_clock                              0x080000c9   Thumb Code     0  entry7b.o(.ARM.Collect$$$$00000008)
    _main_cpp_init                           0x080000c9   Thumb Code     0  entry8b.o(.ARM.Collect$$$$0000000A)
    _main_init                               0x080000c9   Thumb Code     0  entry9a.o(.ARM.Collect$$$$0000000B)
    __rt_final_cpp                           0x080000d1   Thumb Code     0  entry10a.o(.ARM.Collect$$$$0000000D)
    __rt_final_exit                          0x080000d1   Thumb Code     0  entry11a.o(.ARM.Collect$$$$0000000F)
    Reset_Handler                            0x080000d5   Thumb Code     8  startup_stm32l072xx.o(.text)
    NMI_Handler                              0x080000dd   Thumb Code     2  startup_stm32l072xx.o(.text)
    HardFault_Handler                        0x080000df   Thumb Code     2  startup_stm32l072xx.o(.text)
    SVC_Handler                              0x080000e1   Thumb Code     2  startup_stm32l072xx.o(.text)
    PendSV_Handler                           0x080000e3   Thumb Code     2  startup_stm32l072xx.o(.text)
    ADC1_COMP_IRQHandler                     0x080000e7   Thumb Code     0  startup_stm32l072xx.o(.text)
    DMA1_Channel1_IRQHandler                 0x080000e7   Thumb Code     0  startup_stm32l072xx.o(.text)
    DMA1_Channel2_3_IRQHandler               0x080000e7   Thumb Code     0  startup_stm32l072xx.o(.text)
    DMA1_Channel4_5_6_7_IRQHandler           0x080000e7   Thumb Code     0  startup_stm32l072xx.o(.text)
    FLASH_IRQHandler                         0x080000e7   Thumb Code     0  startup_stm32l072xx.o(.text)
    I2C2_IRQHandler                          0x080000e7   Thumb Code     0  startup_stm32l072xx.o(.text)
    I2C3_IRQHandler                          0x080000e7   Thumb Code     0  startup_stm32l072xx.o(.text)
    PVD_IRQHandler                           0x080000e7   Thumb Code     0  startup_stm32l072xx.o(.text)
    RNG_LPUART1_IRQHandler                   0x080000e7   Thumb Code     0  startup_stm32l072xx.o(.text)
    SPI1_IRQHandler                          0x080000e7   Thumb Code     0  startup_stm32l072xx.o(.text)
    SPI2_IRQHandler                          0x080000e7   Thumb Code     0  startup_stm32l072xx.o(.text)
    TIM21_IRQHandler                         0x080000e7   Thumb Code     0  startup_stm32l072xx.o(.text)
    TIM22_IRQHandler                         0x080000e7   Thumb Code     0  startup_stm32l072xx.o(.text)
    TIM2_IRQHandler                          0x080000e7   Thumb Code     0  startup_stm32l072xx.o(.text)
    TIM3_IRQHandler                          0x080000e7   Thumb Code     0  startup_stm32l072xx.o(.text)
    TIM6_DAC_IRQHandler                      0x080000e7   Thumb Code     0  startup_stm32l072xx.o(.text)
    TIM7_IRQHandler                          0x080000e7   Thumb Code     0  startup_stm32l072xx.o(.text)
    TSC_IRQHandler                           0x080000e7   Thumb Code     0  startup_stm32l072xx.o(.text)
    USART1_IRQHandler                        0x080000e7   Thumb Code     0  startup_stm32l072xx.o(.text)
    USART2_IRQHandler                        0x080000e7   Thumb Code     0  startup_stm32l072xx.o(.text)
    USART4_5_IRQHandler                      0x080000e7   Thumb Code     0  startup_stm32l072xx.o(.text)
    USB_IRQHandler                           0x080000e7   Thumb Code     0  startup_stm32l072xx.o(.text)
    WWDG_IRQHandler                          0x080000e7   Thumb Code     0  startup_stm32l072xx.o(.text)
    __aeabi_uidiv                            0x080000f1   Thumb Code     0  uidiv.o(.text)
    __aeabi_uidivmod                         0x080000f1   Thumb Code    44  uidiv.o(.text)
    __aeabi_idiv                             0x0800011d   Thumb Code     0  idiv.o(.text)
    __aeabi_idivmod                          0x0800011d   Thumb Code    40  idiv.o(.text)
    __aeabi_uldivmod                         0x08000145   Thumb Code    96  uldiv.o(.text)
    __aeabi_memcpy                           0x080001a5   Thumb Code    36  memcpya.o(.text)
    __aeabi_memcpy4                          0x080001a5   Thumb Code     0  memcpya.o(.text)
    __aeabi_memcpy8                          0x080001a5   Thumb Code     0  memcpya.o(.text)
    memcmp                                   0x080001c9   Thumb Code    26  memcmp.o(.text)
    __aeabi_fadd                             0x080001e3   Thumb Code   162  fadd.o(.text)
    __aeabi_fsub                             0x08000285   Thumb Code     8  fadd.o(.text)
    __aeabi_frsub                            0x0800028d   Thumb Code     8  fadd.o(.text)
    __aeabi_fmul                             0x08000295   Thumb Code   122  fmul.o(.text)
    __aeabi_fdiv                             0x0800030f   Thumb Code   124  fdiv.o(.text)
    __aeabi_ui2f                             0x0800038b   Thumb Code    14  ffltui.o(.text)
    __aeabi_f2uiz                            0x08000399   Thumb Code    40  ffixui.o(.text)
    __aeabi_llsl                             0x080003c1   Thumb Code    32  llshl.o(.text)
    _ll_shift_l                              0x080003c1   Thumb Code     0  llshl.o(.text)
    __aeabi_llsr                             0x080003e1   Thumb Code    34  llushr.o(.text)
    _ll_ushift_r                             0x080003e1   Thumb Code     0  llushr.o(.text)
    __I$use$fp                               0x08000403   Thumb Code     0  iusefp.o(.text)
    _float_round                             0x08000403   Thumb Code    16  fepilogue.o(.text)
    _float_epilogue                          0x08000413   Thumb Code   114  fepilogue.o(.text)
    __scatterload                            0x08000485   Thumb Code    28  init.o(.text)
    __scatterload_rt2                        0x08000485   Thumb Code     0  init.o(.text)
    AES_CMAC_Final                           0x080004a9   Thumb Code   452  cmac.o(i.AES_CMAC_Final)
    AES_CMAC_Init                            0x0800066d   Thumb Code    34  cmac.o(i.AES_CMAC_Init)
    AES_CMAC_SetKey                          0x0800068f   Thumb Code    18  cmac.o(i.AES_CMAC_SetKey)
    AES_CMAC_Update                          0x080006a1   Thumb Code   242  cmac.o(i.AES_CMAC_Update)
    EXTI0_1_IRQHandler                       0x08000795   Thumb Code    30  interrupt.o(i.EXTI0_1_IRQHandler)
    EXTI2_3_IRQHandler                       0x080007b9   Thumb Code    26  interrupt.o(i.EXTI2_3_IRQHandler)
    EXTI4_15_IRQHandler                      0x080007d9   Thumb Code    58  interrupt.o(i.EXTI4_15_IRQHandler)
    GPIO_Pin_Clear                           0x08000819   Thumb Code     8  gpio.o(i.GPIO_Pin_Clear)
    GPIO_Pin_Mode                            0x08000821   Thumb Code    32  gpio.o(i.GPIO_Pin_Mode)
    GPIO_Pin_Set                             0x08000841   Thumb Code     8  gpio.o(i.GPIO_Pin_Set)
    I2C1_IRQHandler                          0x08000849   Thumb Code   102  i2c.o(i.I2C1_IRQHandler)
    Interrupt_soft_EXTI_init                 0x080008d1   Thumb Code    84  interrupt_1.o(i.Interrupt_soft_EXTI_init)
    Interrupt_soft_EXTI_trigger              0x08000929   Thumb Code    16  interrupt_1.o(i.Interrupt_soft_EXTI_trigger)
    LPTIM1_IRQHandler                        0x0800093d   Thumb Code    54  interrupt.o(i.LPTIM1_IRQHandler)
    LoRaChip_readReceiveBuf                  0x08000979   Thumb Code    50  lorachip.o(i.LoRaChip_readReceiveBuf)
    LoRaMacComputeMic                        0x080009b1   Thumb Code   134  loramaccrypto.o(i.LoRaMacComputeMic)
    LoRaMacJoinComputeMic                    0x08000a41   Thumb Code    44  loramaccrypto.o(i.LoRaMacJoinComputeMic)
    LoRaMacJoinComputeSKeys                  0x08000a71   Thumb Code   136  loramaccrypto.o(i.LoRaMacJoinComputeSKeys)
    LoRaMacJoinDecrypt                       0x08000afd   Thumb Code    60  loramaccrypto.o(i.LoRaMacJoinDecrypt)
    LoRaMacPayloadDecrypt                    0x08000b3d   Thumb Code    36  loramaccrypto.o(i.LoRaMacPayloadDecrypt)
    LoRaMacPayloadEncrypt                    0x08000b61   Thumb Code   210  loramaccrypto.o(i.LoRaMacPayloadEncrypt)
    LoRa_JoinNetwork                         0x08000c41   Thumb Code   174  lora.o(i.LoRa_JoinNetwork)
    LoRa_Rx_Done_Interrupt_Response          0x08000cf9   Thumb Code   124  lora.o(i.LoRa_Rx_Done_Interrupt_Response)
    LoRa_Rx_TimeOut_Interrupt_Response       0x08000d79   Thumb Code    84  lora.o(i.LoRa_Rx_TimeOut_Interrupt_Response)
    LoRa_Set_Frequency                       0x08000dd1   Thumb Code    72  lorachip.o(i.LoRa_Set_Frequency)
    LoRa_Tx_Done_Interrupt_Response          0x08000e1d   Thumb Code    68  lora.o(i.LoRa_Tx_Done_Interrupt_Response)
    LoRa_package_send                        0x08000e65   Thumb Code   370  lora.o(i.LoRa_package_send)
    LoRa_package_send_simple                 0x08000ff1   Thumb Code    26  lora.o(i.LoRa_package_send_simple)
    LoRa_sleep                               0x0800100b   Thumb Code    18  lorachip.o(i.LoRa_sleep)
    LoRa_timer_Interrupt_Response            0x0800101d   Thumb Code    30  lora.o(i.LoRa_timer_Interrupt_Response)
    LoRa_wakeUp                              0x08001041   Thumb Code     8  lorachip.o(i.LoRa_wakeUp)
    RCC_CRS_IRQHandler                       0x080011c5   Thumb Code    64  clock.o(i.RCC_CRS_IRQHandler)
    RF_Receive                               0x0800120d   Thumb Code    24  lorachip.o(i.RF_Receive)
    RF_Send                                  0x08001225   Thumb Code    70  lorachip.o(i.RF_Send)
    RNG_getRadonValue                        0x08001271   Thumb Code    70  rng.o(i.RNG_getRadonValue)
    RTC_IRQHandler                           0x080012c1   Thumb Code    52  interrupt.o(i.RTC_IRQHandler)
    RegisterModify                           0x08001301   Thumb Code    38  lorachip.o(i.RegisterModify)
    SPI_BlockRead                            0x08001355   Thumb Code   100  spi.o(i.SPI_BlockRead)
    SPI_BlockWrite                           0x080013b9   Thumb Code    94  spi.o(i.SPI_BlockWrite)
    SPI_RegisterRead                         0x08001419   Thumb Code    62  spi.o(i.SPI_RegisterRead)
    SPI_RegisterWrite                        0x0800145d   Thumb Code    64  spi.o(i.SPI_RegisterWrite)
    SysTick_Handler                          0x080014e5   Thumb Code    12  delay.o(i.SysTick_Handler)
    SystemInit                               0x080014f5   Thumb Code    88  system_stm32l0xx.o(i.SystemInit)
    __0printf$5                              0x0800155d   Thumb Code    24  printf5.o(i.__0printf$5)
    __1printf$5                              0x0800155d   Thumb Code     0  printf5.o(i.__0printf$5)
    __2printf                                0x0800155d   Thumb Code     0  printf5.o(i.__0printf$5)
    __ARM_common_switch8                     0x0800157d   Thumb Code    28  lora.o(i.__ARM_common_switch8)
    __scatterload_copy                       0x08001599   Thumb Code    14  handlers.o(i.__scatterload_copy)
    __scatterload_null                       0x080015a7   Thumb Code     2  handlers.o(i.__scatterload_null)
    __scatterload_zeroinit                   0x080015a9   Thumb Code    14  handlers.o(i.__scatterload_zeroinit)
    aes_encrypt                              0x080018a5   Thumb Code    90  aes.o(i.aes_encrypt)
    aes_set_key                              0x08001901   Thumb Code   280  aes.o(i.aes_set_key)
    bufReverse                               0x08001a1d   Thumb Code    56  universal.o(i.bufReverse)
    clearInterruptFlag                       0x08001a71   Thumb Code    14  lorachip.o(i.clearInterruptFlag)
    fputc                                    0x08001c7d   Thumb Code    16  usart.o(i.fputc)
    free                                     0x08001c8d   Thumb Code    80  malloc.o(i.free)
    getInterruptFlag                         0x08001cf9   Thumb Code    10  lorachip.o(i.getInterruptFlag)
    getRssi                                  0x08001d03   Thumb Code    12  lorachip.o(i.getRssi)
    getSpeed_APB1                            0x08001d11   Thumb Code     6  clock.o(i.getSpeed_APB1)
    i2c1_enable_NVIC_interrupt               0x08001d1d   Thumb Code    22  i2c.o(i.i2c1_enable_NVIC_interrupt)
    i2c1_init                                0x08001d39   Thumb Code   234  i2c.o(i.i2c1_init)
    i2c1_receive                             0x08001e35   Thumb Code    78  i2c.o(i.i2c1_receive)
    i2c1_transmit_single_byte                0x08001e99   Thumb Code    52  i2c.o(i.i2c1_transmit_single_byte)
    i2c_Pressure_recvCallBack                0x08001ed1   Thumb Code    30  ms552.o(i.i2c_Pressure_recvCallBack)
    i2c_Temp_recvCallBack                    0x08001f05   Thumb Code    36  ms552.o(i.i2c_Temp_recvCallBack)
    lowpower_change_to_stopMode              0x08001f39   Thumb Code   122  lowpower.o(i.lowpower_change_to_stopMode)
    lowpower_set_always_stop                 0x08001fc1   Thumb Code    32  lowpower.o(i.lowpower_set_always_stop)
    main                                     0x08002001   Thumb Code     4  main.o(i.main)
    main_stateMachine                        0x08002005   Thumb Code    56  main.o(i.main_stateMachine)
    malloc                                   0x08002049   Thumb Code    92  malloc.o(i.malloc)
    ms552_init                               0x08002391   Thumb Code    16  ms552.o(i.ms552_init)
    ms552_sample                             0x080023a1   Thumb Code    12  ms552.o(i.ms552_sample)
    ms552_stateMachine                       0x080023ad   Thumb Code   154  ms552.o(i.ms552_stateMachine)
    ms552_timer_Interrupt_Response           0x0800245d   Thumb Code    24  ms552.o(i.ms552_timer_Interrupt_Response)
    shutDown_TCXO                            0x0800287d   Thumb Code    46  lorachip.o(i.shutDown_TCXO)
    switch_32MHz                             0x080028b5   Thumb Code   276  clock.o(i.switch_32MHz)
    test11                                   0x080029d5   Thumb Code    26  main.o(i.test11)
    timer_lptimer_init                       0x080029f1   Thumb Code   160  timer.o(i.timer_lptimer_init)
    timer_lptimer_setNum_trige               0x08002a9d   Thumb Code    32  timer.o(i.timer_lptimer_setNum_trige)
    timer_lptimer_setSeconds                 0x08002ac5   Thumb Code    28  timer.o(i.timer_lptimer_setSeconds)
    turnOn_TCXO                              0x08002ae5   Thumb Code    46  lorachip.o(i.turnOn_TCXO)
    uart_send                                0x08002b1d   Thumb Code    44  usart.o(i.uart_send)
    update_All_Clock                         0x08002b51   Thumb Code     8  clock.o(i.update_All_Clock)
    update_clock_DBPORT                      0x08002b59   Thumb Code     8  usart.o(i.update_clock_DBPORT)
    Region$$Table$$Base                      0x08002ee4   Number         0  anon$$obj.o(Region$$Table)
    Region$$Table$$Limit                     0x08002f04   Number         0  anon$$obj.o(Region$$Table)
    speed_APB1                               0x20000008   Data           4  clock.o(.data)
    speed_HCLK                               0x2000000c   Data           4  clock.o(.data)
    SysTick_delay_count                      0x20000010   Data           4  delay.o(.data)
    dbPortInit                               0x20000014   Data           1  usart.o(.data)
    __stdout                                 0x20000050   Data           4  stdout.o(.data)
    __microlib_freelist                      0x20000054   Data           4  mvars.o(.data)
    __microlib_freelist_initialised          0x20000058   Data           4  mvars.o(.data)
    __heap_base                              0x20000288   Data           0  startup_stm32l072xx.o(HEAP)
    __heap_limit                             0x20000488   Data           0  startup_stm32l072xx.o(HEAP)
    __initial_sp                             0x20000888   Data           0  startup_stm32l072xx.o(STACK)



==============================================================================

Memory Map of the image

  Image Entry point : 0x080000c1

  Load Region LR_IROM1 (Base: 0x08000000, Size: 0x00002f60, Max: 0x00030000, ABSOLUTE)

    Execution Region ER_IROM1 (Exec base: 0x08000000, Load base: 0x08000000, Size: 0x00002f04, Max: 0x00030000, ABSOLUTE)

    Exec Addr    Load Addr    Size         Type   Attr      Idx    E Section Name        Object

    0x08000000   0x08000000   0x000000c0   Data   RO          273    RESET               startup_stm32l072xx.o
    0x080000c0   0x080000c0   0x00000000   Code   RO         1541  * .ARM.Collect$$$$00000000  mc_p.l(entry.o)
    0x080000c0   0x080000c0   0x00000004   Code   RO         1861    .ARM.Collect$$$$00000001  mc_p.l(entry2.o)
    0x080000c4   0x080000c4   0x00000004   Code   RO         1864    .ARM.Collect$$$$00000004  mc_p.l(entry5.o)
    0x080000c8   0x080000c8   0x00000000   Code   RO         1866    .ARM.Collect$$$$00000008  mc_p.l(entry7b.o)
    0x080000c8   0x080000c8   0x00000000   Code   RO         1868    .ARM.Collect$$$$0000000A  mc_p.l(entry8b.o)
    0x080000c8   0x080000c8   0x00000008   Code   RO         1869    .ARM.Collect$$$$0000000B  mc_p.l(entry9a.o)
    0x080000d0   0x080000d0   0x00000000   Code   RO         1871    .ARM.Collect$$$$0000000D  mc_p.l(entry10a.o)
    0x080000d0   0x080000d0   0x00000000   Code   RO         1873    .ARM.Collect$$$$0000000F  mc_p.l(entry11a.o)
    0x080000d0   0x080000d0   0x00000004   Code   RO         1862    .ARM.Collect$$$$00002712  mc_p.l(entry2.o)
    0x080000d4   0x080000d4   0x0000001c   Code   RO          274    .text               startup_stm32l072xx.o
    0x080000f0   0x080000f0   0x0000002c   Code   RO         1544    .text               mc_p.l(uidiv.o)
    0x0800011c   0x0800011c   0x00000028   Code   RO         1546    .text               mc_p.l(idiv.o)
    0x08000144   0x08000144   0x00000060   Code   RO         1548    .text               mc_p.l(uldiv.o)
    0x080001a4   0x080001a4   0x00000024   Code   RO         1550    .text               mc_p.l(memcpya.o)
    0x080001c8   0x080001c8   0x0000001a   Code   RO         1552    .text               mc_p.l(memcmp.o)
    0x080001e2   0x080001e2   0x000000b2   Code   RO         1845    .text               mf_p.l(fadd.o)
    0x08000294   0x08000294   0x0000007a   Code   RO         1847    .text               mf_p.l(fmul.o)
    0x0800030e   0x0800030e   0x0000007c   Code   RO         1849    .text               mf_p.l(fdiv.o)
    0x0800038a   0x0800038a   0x0000000e   Code   RO         1851    .text               mf_p.l(ffltui.o)
    0x08000398   0x08000398   0x00000028   Code   RO         1853    .text               mf_p.l(ffixui.o)
    0x080003c0   0x080003c0   0x00000020   Code   RO         1876    .text               mc_p.l(llshl.o)
    0x080003e0   0x080003e0   0x00000022   Code   RO         1878    .text               mc_p.l(llushr.o)
    0x08000402   0x08000402   0x00000000   Code   RO         1882    .text               mc_p.l(iusefp.o)
    0x08000402   0x08000402   0x00000082   Code   RO         1883    .text               mf_p.l(fepilogue.o)
    0x08000484   0x08000484   0x00000024   Code   RO         1893    .text               mc_p.l(init.o)
    0x080004a8   0x080004a8   0x000001c4   Code   RO         1206    i.AES_CMAC_Final    cmac.o
    0x0800066c   0x0800066c   0x00000022   Code   RO         1207    i.AES_CMAC_Init     cmac.o
    0x0800068e   0x0800068e   0x00000012   Code   RO         1208    i.AES_CMAC_SetKey   cmac.o
    0x080006a0   0x080006a0   0x000000f2   Code   RO         1209    i.AES_CMAC_Update   cmac.o
    0x08000792   0x08000792   0x00000002   PAD
    0x08000794   0x08000794   0x00000024   Code   RO          220    i.EXTI0_1_IRQHandler  interrupt.o
    0x080007b8   0x080007b8   0x00000020   Code   RO          221    i.EXTI2_3_IRQHandler  interrupt.o
    0x080007d8   0x080007d8   0x00000040   Code   RO          222    i.EXTI4_15_IRQHandler  interrupt.o
    0x08000818   0x08000818   0x00000008   Code   RO          490    i.GPIO_Pin_Clear    gpio.o
    0x08000820   0x08000820   0x00000020   Code   RO          491    i.GPIO_Pin_Mode     gpio.o
    0x08000840   0x08000840   0x00000008   Code   RO          494    i.GPIO_Pin_Set      gpio.o
    0x08000848   0x08000848   0x00000088   Code   RO          907    i.I2C1_IRQHandler   i2c.o
    0x080008d0   0x080008d0   0x00000058   Code   RO          863    i.Interrupt_soft_EXTI_init  interrupt_1.o
    0x08000928   0x08000928   0x00000014   Code   RO          864    i.Interrupt_soft_EXTI_trigger  interrupt_1.o
    0x0800093c   0x0800093c   0x0000003c   Code   RO          223    i.LPTIM1_IRQHandler  interrupt.o
    0x08000978   0x08000978   0x00000038   Code   RO         1318    i.LoRaChip_readReceiveBuf  lorachip.o
    0x080009b0   0x080009b0   0x00000090   Code   RO         1254    i.LoRaMacComputeMic  loramaccrypto.o
    0x08000a40   0x08000a40   0x00000030   Code   RO         1255    i.LoRaMacJoinComputeMic  loramaccrypto.o
    0x08000a70   0x08000a70   0x0000008c   Code   RO         1256    i.LoRaMacJoinComputeSKeys  loramaccrypto.o
    0x08000afc   0x08000afc   0x00000040   Code   RO         1257    i.LoRaMacJoinDecrypt  loramaccrypto.o
    0x08000b3c   0x08000b3c   0x00000024   Code   RO         1258    i.LoRaMacPayloadDecrypt  loramaccrypto.o
    0x08000b60   0x08000b60   0x000000e0   Code   RO         1259    i.LoRaMacPayloadEncrypt  loramaccrypto.o
    0x08000c40   0x08000c40   0x000000b8   Code   RO         1014    i.LoRa_JoinNetwork  lora.o
    0x08000cf8   0x08000cf8   0x00000080   Code   RO         1015    i.LoRa_Rx_Done_Interrupt_Response  lora.o
    0x08000d78   0x08000d78   0x00000058   Code   RO         1016    i.LoRa_Rx_TimeOut_Interrupt_Response  lora.o
    0x08000dd0   0x08000dd0   0x0000004c   Code   RO         1324    i.LoRa_Set_Frequency  lorachip.o
    0x08000e1c   0x08000e1c   0x00000048   Code   RO         1017    i.LoRa_Tx_Done_Interrupt_Response  lora.o
    0x08000e64   0x08000e64   0x0000018c   Code   RO         1020    i.LoRa_package_send  lora.o
    0x08000ff0   0x08000ff0   0x0000001a   Code   RO         1021    i.LoRa_package_send_simple  lora.o
    0x0800100a   0x0800100a   0x00000012   Code   RO         1328    i.LoRa_sleep        lorachip.o
    0x0800101c   0x0800101c   0x00000024   Code   RO         1022    i.LoRa_timer_Interrupt_Response  lora.o
    0x08001040   0x08001040   0x00000008   Code   RO         1330    i.LoRa_wakeUp       lorachip.o
    0x08001048   0x08001048   0x00000014   Code   RO          865    i.NVIC_EnableIRQ    interrupt_1.o
    0x0800105c   0x0800105c   0x00000078   Code   RO          866    i.NVIC_SetPriority  interrupt_1.o
    0x080010d4   0x080010d4   0x00000078   Code   RO          908    i.NVIC_SetPriority  i2c.o
    0x0800114c   0x0800114c   0x00000078   Code   RO          964    i.NVIC_SetPriority  timer.o
    0x080011c4   0x080011c4   0x00000048   Code   RO          318    i.RCC_CRS_IRQHandler  clock.o
    0x0800120c   0x0800120c   0x00000018   Code   RO         1331    i.RF_Receive        lorachip.o
    0x08001224   0x08001224   0x0000004c   Code   RO         1332    i.RF_Send           lorachip.o
    0x08001270   0x08001270   0x00000050   Code   RO          842    i.RNG_getRadonValue  rng.o
    0x080012c0   0x080012c0   0x00000040   Code   RO          224    i.RTC_IRQHandler    interrupt.o
    0x08001300   0x08001300   0x00000026   Code   RO         1333    i.RegisterModify    lorachip.o
    0x08001326   0x08001326   0x00000002   PAD
    0x08001328   0x08001328   0x00000014   Code   RO         1334    i.RegisterRead      lorachip.o
    0x0800133c   0x0800133c   0x00000018   Code   RO         1335    i.RegisterWrite     lorachip.o
    0x08001354   0x08001354   0x00000064   Code   RO          557    i.SPI_BlockRead     spi.o
    0x080013b8   0x080013b8   0x0000005e   Code   RO          558    i.SPI_BlockWrite    spi.o
    0x08001416   0x08001416   0x00000002   PAD
    0x08001418   0x08001418   0x00000044   Code   RO          560    i.SPI_RegisterRead  spi.o
    0x0800145c   0x0800145c   0x00000040   Code   RO          561    i.SPI_RegisterWrite  spi.o
    0x0800149c   0x0800149c   0x00000018   Code   RO          562    i.SPI_waitingBusy   spi.o
    0x080014b4   0x080014b4   0x00000018   Code   RO          563    i.SPI_waitingRxReady  spi.o
    0x080014cc   0x080014cc   0x00000018   Code   RO          564    i.SPI_waitingTxEmpty  spi.o
    0x080014e4   0x080014e4   0x00000010   Code   RO          453    i.SysTick_Handler   delay.o
    0x080014f4   0x080014f4   0x00000068   Code   RO          281    i.SystemInit        system_stm32l0xx.o
    0x0800155c   0x0800155c   0x00000020   Code   RO         1689    i.__0printf$5       mc_p.l(printf5.o)
    0x0800157c   0x0800157c   0x0000001c   Code   RO         1110    i.__ARM_common_switch8  lora.o
    0x08001598   0x08001598   0x0000000e   Code   RO         1903    i.__scatterload_copy  mc_p.l(handlers.o)
    0x080015a6   0x080015a6   0x00000002   Code   RO         1904    i.__scatterload_null  mc_p.l(handlers.o)
    0x080015a8   0x080015a8   0x0000000e   Code   RO         1905    i.__scatterload_zeroinit  mc_p.l(handlers.o)
    0x080015b6   0x080015b6   0x00000002   PAD
    0x080015b8   0x080015b8   0x000002dc   Code   RO         1696    i._printf_core      mc_p.l(printf5.o)
    0x08001894   0x08001894   0x00000010   Code   RO         1139    i.add_round_key     aes.o
    0x080018a4   0x080018a4   0x0000005a   Code   RO         1141    i.aes_encrypt       aes.o
    0x080018fe   0x080018fe   0x00000002   PAD
    0x08001900   0x08001900   0x0000011c   Code   RO         1142    i.aes_set_key       aes.o
    0x08001a1c   0x08001a1c   0x00000038   Code   RO         1471    i.bufReverse        universal.o
    0x08001a54   0x08001a54   0x0000001c   Code   RO          319    i.changeALLfrequency  clock.o
    0x08001a70   0x08001a70   0x0000000e   Code   RO         1336    i.clearInterruptFlag  lorachip.o
    0x08001a7e   0x08001a7e   0x00000084   Code   RO         1143    i.copy_and_key      aes.o
    0x08001b02   0x08001b02   0x00000042   Code   RO         1144    i.copy_block        aes.o
    0x08001b44   0x08001b44   0x00000018   Code   RO         1145    i.copy_block_nn     aes.o
    0x08001b5c   0x08001b5c   0x00000120   Code   RO          620    i.dbPort_enable     usart.o
    0x08001c7c   0x08001c7c   0x00000010   Code   RO          621    i.fputc             usart.o
    0x08001c8c   0x08001c8c   0x00000054   Code   RO         1817    i.free              mc_p.l(malloc.o)
    0x08001ce0   0x08001ce0   0x00000018   Code   RO         1024    i.generateDevNonce  lora.o
    0x08001cf8   0x08001cf8   0x0000000a   Code   RO         1337    i.getInterruptFlag  lorachip.o
    0x08001d02   0x08001d02   0x0000000c   Code   RO         1338    i.getRssi           lorachip.o
    0x08001d0e   0x08001d0e   0x00000002   PAD
    0x08001d10   0x08001d10   0x0000000c   Code   RO          396    i.getSpeed_APB1     clock.o
    0x08001d1c   0x08001d1c   0x0000001c   Code   RO          910    i.i2c1_enable_NVIC_interrupt  i2c.o
    0x08001d38   0x08001d38   0x000000fc   Code   RO          911    i.i2c1_init         i2c.o
    0x08001e34   0x08001e34   0x00000064   Code   RO          912    i.i2c1_receive      i2c.o
    0x08001e98   0x08001e98   0x00000038   Code   RO          913    i.i2c1_transmit_single_byte  i2c.o
    0x08001ed0   0x08001ed0   0x00000034   Code   RO         1491    i.i2c_Pressure_recvCallBack  ms552.o
    0x08001f04   0x08001f04   0x00000034   Code   RO         1492    i.i2c_Temp_recvCallBack  ms552.o
    0x08001f38   0x08001f38   0x00000088   Code   RO          673    i.lowpower_change_to_stopMode  lowpower.o
    0x08001fc0   0x08001fc0   0x00000024   Code   RO          675    i.lowpower_set_always_stop  lowpower.o
    0x08001fe4   0x08001fe4   0x0000001c   Code   RO          965    i.lptimer_enable_NVIC_interrupt  timer.o
    0x08002000   0x08002000   0x00000004   Code   RO            7    i.main              main.o
    0x08002004   0x08002004   0x00000044   Code   RO            8    i.main_stateMachine  main.o
    0x08002048   0x08002048   0x0000006c   Code   RO         1818    i.malloc            mc_p.l(malloc.o)
    0x080020b4   0x080020b4   0x00000018   Code   RO         1210    i.memcpy1           cmac.o
    0x080020cc   0x080020cc   0x00000018   Code   RO         1260    i.memcpy1           loramaccrypto.o
    0x080020e4   0x080020e4   0x00000014   Code   RO         1211    i.memset1           cmac.o
    0x080020f8   0x080020f8   0x00000014   Code   RO         1261    i.memset1           loramaccrypto.o
    0x0800210c   0x0800210c   0x00000284   Code   RO         1146    i.mix_sub_columns   aes.o
    0x08002390   0x08002390   0x00000010   Code   RO         1493    i.ms552_init        ms552.o
    0x080023a0   0x080023a0   0x0000000c   Code   RO         1494    i.ms552_sample      ms552.o
    0x080023ac   0x080023ac   0x000000b0   Code   RO         1495    i.ms552_stateMachine  ms552.o
    0x0800245c   0x0800245c   0x0000001c   Code   RO         1496    i.ms552_timer_Interrupt_Response  ms552.o
    0x08002478   0x08002478   0x0000016c   Code   RO         1025    i.packgeProcess_ConfirmedDataDown  lora.o
    0x080025e4   0x080025e4   0x00000164   Code   RO         1026    i.packgeProcess_JoinAccept  lora.o
    0x08002748   0x08002748   0x000000c4   Code   RO         1027    i.sendTrigger       lora.o
    0x0800280c   0x0800280c   0x00000070   Code   RO         1147    i.shift_sub_rows    aes.o
    0x0800287c   0x0800287c   0x00000038   Code   RO         1339    i.shutDown_TCXO     lorachip.o
    0x080028b4   0x080028b4   0x00000120   Code   RO          325    i.switch_32MHz      clock.o
    0x080029d4   0x080029d4   0x0000001a   Code   RO           13    i.test11            main.o
    0x080029ee   0x080029ee   0x00000002   PAD
    0x080029f0   0x080029f0   0x000000ac   Code   RO          967    i.timer_lptimer_init  timer.o
    0x08002a9c   0x08002a9c   0x00000028   Code   RO          968    i.timer_lptimer_setNum_trige  timer.o
    0x08002ac4   0x08002ac4   0x00000020   Code   RO          969    i.timer_lptimer_setSeconds  timer.o
    0x08002ae4   0x08002ae4   0x00000038   Code   RO         1340    i.turnOn_TCXO       lorachip.o
    0x08002b1c   0x08002b1c   0x00000034   Code   RO          622    i.uart_send         usart.o
    0x08002b50   0x08002b50   0x00000008   Code   RO          326    i.update_All_Clock  clock.o
    0x08002b58   0x08002b58   0x00000008   Code   RO          623    i.update_clock_DBPORT  usart.o
    0x08002b60   0x08002b60   0x00000082   Code   RO         1148    i.xor_block         aes.o
    0x08002be2   0x08002be2   0x00000300   Data   RO         1149    .constdata          aes.o
    0x08002ee2   0x08002ee2   0x00000002   PAD
    0x08002ee4   0x08002ee4   0x00000020   Data   RO         1901    Region$$Table       anon$$obj.o


    Execution Region RW_IRAM1 (Exec base: 0x20000000, Load base: 0x08002f04, Size: 0x00000888, Max: 0x00005000, ABSOLUTE)

    Exec Addr    Load Addr    Size         Type   Attr      Idx    E Section Name        Object

    0x20000000   0x08002f04   0x00000008   Data   RW           23    .data               main.o
    0x20000008   0x08002f0c   0x00000008   Data   RW          328    .data               clock.o
    0x20000010   0x08002f14   0x00000004   Data   RW          455    .data               delay.o
    0x20000014   0x08002f18   0x00000001   Data   RW          624    .data               usart.o
    0x20000015   0x08002f19   0x00000003   PAD
    0x20000018   0x08002f1c   0x0000000c   Data   RW          914    .data               i2c.o
    0x20000024   0x08002f28   0x00000001   Data   RW          970    .data               timer.o
    0x20000025   0x08002f29   0x00000003   PAD
    0x20000028   0x08002f2c   0x00000004   Data   RW         1029    .data               lora.o
    0x2000002c   0x08002f30   0x00000020   Data   RW         1263    .data               loramaccrypto.o
    0x2000004c   0x08002f50   0x00000004   Data   RW         1497    .data               ms552.o
    0x20000050   0x08002f54   0x00000004   Data   RW         1875    .data               mc_p.l(stdout.o)
    0x20000054   0x08002f58   0x00000004   Data   RW         1880    .data               mc_p.l(mvars.o)
    0x20000058   0x08002f5c   0x00000004   Data   RW         1881    .data               mc_p.l(mvars.o)
    0x2000005c        -       0x0000022c   Zero   RW         1262    .bss                loramaccrypto.o
    0x20000288        -       0x00000200   Zero   RW          272    HEAP                startup_stm32l072xx.o
    0x20000488        -       0x00000400   Zero   RW          271    STACK               startup_stm32l072xx.o


==============================================================================

Image component sizes


      Code (inc. data)   RO Data    RW Data    ZI Data      Debug   Object Name

      1498         22        768          0          0      14040   aes.o
       408         36          0          8          0      11479   clock.o
       790          0          0          0          0       4953   cmac.o
        16          4          0          4          0        632   delay.o
        48          0          0          0          0       1796   gpio.o
       692         94          0         12          0       3598   i2c.o
       256         36          0          0          0       2269   interrupt.o
       248         24          0          0          0       9985   interrupt_1.o
      1898         96          0          4          0      11143   lora.o
       488         48          0          0          0       7562   lorachip.o
       700         36          0         32        556       6619   loramaccrypto.o
       172         18          0          0          0       9033   lowpower.o
        98         12          0          8          0     260856   main.o
       336         74          0          4          0       3954   ms552.o
        80         10          0          0          0        464   rng.o
       398         24          0          0          0       4396   spi.o
        28          8        192          0       1536        604   startup_stm32l072xx.o
       104         16          0          0          0        441   system_stm32l0xx.o
       392         40          0          1          0       2641   timer.o
        56          0          0          0          0       1021   universal.o
       364         26          0          1          0       2227   usart.o

    ----------------------------------------------------------------------
      9082        624        994         80       2092     359713   Object Totals
         0          0         32          0          0          0   (incl. Generated)
        12          0          2          6          0          0   (incl. Padding)

    ----------------------------------------------------------------------

      Code (inc. data)   RO Data    RW Data    ZI Data      Debug   Library Member Name

         0          0          0          0          0          0   entry.o
         0          0          0          0          0          0   entry10a.o
         0          0          0          0          0          0   entry11a.o
         8          4          0          0          0          0   entry2.o
         4          0          0          0          0          0   entry5.o
         0          0          0          0          0          0   entry7b.o
         0          0          0          0          0          0   entry8b.o
         8          4          0          0          0          0   entry9a.o
        30          0          0          0          0          0   handlers.o
        40          0          0          0          0         72   idiv.o
        36          8          0          0          0         68   init.o
         0          0          0          0          0          0   iusefp.o
        32          0          0          0          0         68   llshl.o
        34          0          0          0          0         68   llushr.o
       192         20          0          0          0        144   malloc.o
        26          0          0          0          0         72   memcmp.o
        36          0          0          0          0         60   memcpya.o
         0          0          0          8          0          0   mvars.o
       764         52          0          0          0        168   printf5.o
         0          0          0          4          0          0   stdout.o
        44          0          0          0          0         72   uidiv.o
        96          0          0          0          0         84   uldiv.o
       178          0          0          0          0        108   fadd.o
       124          0          0          0          0         72   fdiv.o
       130          0          0          0          0        144   fepilogue.o
        40          0          0          0          0         60   ffixui.o
        14          0          0          0          0         68   ffltui.o
       122          0          0          0          0         72   fmul.o

    ----------------------------------------------------------------------
      1960         88          0         12          0       1400   Library Totals
         2          0          0          0          0          0   (incl. Padding)

    ----------------------------------------------------------------------

      Code (inc. data)   RO Data    RW Data    ZI Data      Debug   Library Name

      1350         88          0         12          0        876   mc_p.l
       608          0          0          0          0        524   mf_p.l

    ----------------------------------------------------------------------
      1960         88          0         12          0       1400   Library Totals

    ----------------------------------------------------------------------

==============================================================================


      Code (inc. data)   RO Data    RW Data    ZI Data      Debug   

     11042        712        994         92       2092     356205   Grand Totals
     11042        712        994         92       2092     356205   ELF Image Totals
     11042        712        994         92          0          0   ROM Totals

==============================================================================

    Total RO  Size (Code + RO Data)                12036 (  11.75kB)
    Total RW  Size (RW Data + ZI Data)              2184 (   2.13kB)
    Total ROM Size (Code + RO Data + RW Data)      12128 (  11.84kB)

==============================================================================

